[2021-05-18T11:36:51.630+0200][0.010s] Heap region size: 1M
[2021-05-18T11:36:51.630+0200][0.011s] Heap address: 0x00000000e0000000, size: 512 MB, Compressed Oops mode: 32-bit
[2021-05-18T11:36:51.953+0200][0.333s] Using G1
[2021-05-18T11:36:51.953+0200][0.334s] Mark closed archive regions in map: [0x00000000fff00000, 0x00000000fff7eff8]
[2021-05-18T11:36:51.953+0200][0.334s] Mark open archive regions in map: [0x00000000ffe00000, 0x00000000ffe51ff8]
[2021-05-18T11:36:51.969+0200][0,349s] Periodic GC disabled
[2021-05-18T11:36:52.489+0200][0,869s] GC(0) Pause Young (Normal) (G1 Evacuation Pause)
[2021-05-18T11:36:52.489+0200][0,870s] GC(0) Using 8 workers of 8 for evacuation
[2021-05-18T11:36:52.492+0200][0,872s] GC(0)   Pre Evacuate Collection Set: 0,1ms
[2021-05-18T11:36:52.492+0200][0,872s] GC(0)   Merge Heap Roots: 0,0ms
[2021-05-18T11:36:52.492+0200][0,872s] GC(0)   Evacuate Collection Set: 1,7ms
[2021-05-18T11:36:52.492+0200][0,872s] GC(0)   Post Evacuate Collection Set: 0,3ms
[2021-05-18T11:36:52.492+0200][0,872s] GC(0)   Other: 1,0ms
[2021-05-18T11:36:52.492+0200][0,872s] GC(0) Eden regions: 29->0(57)
[2021-05-18T11:36:52.492+0200][0,872s] GC(0) Survivor regions: 0->3(4)
[2021-05-18T11:36:52.492+0200][0,872s] GC(0) Old regions: 0->0
[2021-05-18T11:36:52.492+0200][0,872s] GC(0) Archive regions: 2->2
[2021-05-18T11:36:52.492+0200][0,872s] GC(0) Humongous regions: 0->0
[2021-05-18T11:36:52.492+0200][0,872s] GC(0) Metaspace: 5865K(7808K)->5865K(7808K) NonClass: 5170K(6912K)->5170K(6912K) Class: 694K(896K)->694K(896K)
[2021-05-18T11:36:52.492+0200][0,872s] GC(0) Pause Young (Normal) (G1 Evacuation Pause) 29M->3M(512M) 3,294ms
[2021-05-18T11:36:52.492+0200][0,872s] GC(0) User=0,02s Sys=0,01s Real=0,00s
[2021-05-18T11:36:53.321+0200][1,701s] GC(1) Pause Young (Normal) (G1 Evacuation Pause)
[2021-05-18T11:36:53.321+0200][1,701s] GC(1) Using 8 workers of 8 for evacuation
[2021-05-18T11:36:53.332+0200][1,712s] GC(1)   Pre Evacuate Collection Set: 0,1ms
[2021-05-18T11:36:53.332+0200][1,712s] GC(1)   Merge Heap Roots: 0,1ms
[2021-05-18T11:36:53.332+0200][1,712s] GC(1)   Evacuate Collection Set: 9,9ms
[2021-05-18T11:36:53.332+0200][1,712s] GC(1)   Post Evacuate Collection Set: 0,9ms
[2021-05-18T11:36:53.332+0200][1,712s] GC(1)   Other: 0,2ms
[2021-05-18T11:36:53.332+0200][1,712s] GC(1) Eden regions: 55->0(251)
[2021-05-18T11:36:53.332+0200][1,712s] GC(1) Survivor regions: 3->8(8)
[2021-05-18T11:36:53.332+0200][1,712s] GC(1) Old regions: 0->5
[2021-05-18T11:36:53.332+0200][1,712s] GC(1) Archive regions: 2->2
[2021-05-18T11:36:53.332+0200][1,712s] GC(1) Humongous regions: 4->4
[2021-05-18T11:36:53.332+0200][1,712s] GC(1) Metaspace: 15567K(16128K)->15567K(16128K) NonClass: 13716K(14080K)->13716K(14080K) Class: 1851K(2048K)->1851K(2048K)
[2021-05-18T11:36:53.332+0200][1,712s] GC(1) Pause Young (Normal) (G1 Evacuation Pause) 62M->16M(512M) 11,388ms
[2021-05-18T11:36:53.332+0200][1,712s] GC(1) User=0,08s Sys=0,00s Real=0,01s
[2021-05-18T11:36:53.844+0200][2,225s] GC(2) Pause Young (Concurrent Start) (Metadata GC Threshold)
[2021-05-18T11:36:53.844+0200][2,225s] GC(2) Using 8 workers of 8 for evacuation
[2021-05-18T11:36:53.857+0200][2,237s] GC(2)   Pre Evacuate Collection Set: 0,1ms
[2021-05-18T11:36:53.857+0200][2,237s] GC(2)   Merge Heap Roots: 0,1ms
[2021-05-18T11:36:53.857+0200][2,237s] GC(2)   Evacuate Collection Set: 10,5ms
[2021-05-18T11:36:53.857+0200][2,237s] GC(2)   Post Evacuate Collection Set: 1,1ms
[2021-05-18T11:36:53.857+0200][2,237s] GC(2)   Other: 0,3ms
[2021-05-18T11:36:53.857+0200][2,237s] GC(2) Eden regions: 56->0(89)
[2021-05-18T11:36:53.857+0200][2,237s] GC(2) Survivor regions: 8->15(32)
[2021-05-18T11:36:53.857+0200][2,237s] GC(2) Old regions: 5->5
[2021-05-18T11:36:53.857+0200][2,237s] GC(2) Archive regions: 2->2
[2021-05-18T11:36:53.857+0200][2,237s] GC(2) Humongous regions: 4->4
[2021-05-18T11:36:53.857+0200][2,237s] GC(2) Metaspace: 20513K(21296K)->20513K(21296K) NonClass: 18149K(18608K)->18149K(18608K) Class: 2364K(2688K)->2364K(2688K)
[2021-05-18T11:36:53.857+0200][2,237s] GC(2) Pause Young (Concurrent Start) (Metadata GC Threshold) 72M->23M(512M) 12,239ms
[2021-05-18T11:36:53.857+0200][2,237s] GC(2) User=0,09s Sys=0,00s Real=0,02s
[2021-05-18T11:36:53.857+0200][2,237s] GC(3) Concurrent Cycle
[2021-05-18T11:36:53.857+0200][2,237s] GC(3) Concurrent Clear Claimed Marks
[2021-05-18T11:36:53.857+0200][2,237s] GC(3) Concurrent Clear Claimed Marks 0,041ms
[2021-05-18T11:36:53.857+0200][2,237s] GC(3) Concurrent Scan Root Regions
[2021-05-18T11:36:53.863+0200][2,243s] GC(3) Concurrent Scan Root Regions 6,181ms
[2021-05-18T11:36:53.863+0200][2,244s] GC(3) Concurrent Mark (2,244s)
[2021-05-18T11:36:53.863+0200][2,244s] GC(3) Concurrent Mark From Roots
[2021-05-18T11:36:53.863+0200][2,244s] GC(3) Using 2 workers of 2 for marking
[2021-05-18T11:36:53.876+0200][2,257s] GC(3) Concurrent Mark From Roots 13,348ms
[2021-05-18T11:36:53.876+0200][2,257s] GC(3) Concurrent Preclean
[2021-05-18T11:36:53.877+0200][2,257s] GC(3) Concurrent Preclean 0,195ms
[2021-05-18T11:36:53.877+0200][2,257s] GC(3) Concurrent Mark (2,244s, 2,257s) 13,628ms
[2021-05-18T11:36:53.877+0200][2,257s] GC(3) Pause Remark
[2021-05-18T11:36:53.880+0200][2,260s] GC(3) Pause Remark 25M->25M(512M) 3,051ms
[2021-05-18T11:36:53.880+0200][2,260s] GC(3) User=0,01s Sys=0,00s Real=0,00s
[2021-05-18T11:36:53.880+0200][2,260s] GC(3) Concurrent Rebuild Remembered Sets
[2021-05-18T11:36:53.887+0200][2,267s] GC(3) Concurrent Rebuild Remembered Sets 6,660ms
[2021-05-18T11:36:53.887+0200][2,268s] GC(3) Pause Cleanup
[2021-05-18T11:36:53.887+0200][2,268s] GC(3) Pause Cleanup 25M->25M(512M) 0,160ms
[2021-05-18T11:36:53.887+0200][2,268s] GC(3) User=0,00s Sys=0,00s Real=0,00s
[2021-05-18T11:36:53.887+0200][2,268s] GC(3) Concurrent Cleanup for Next Mark
[2021-05-18T11:36:53.888+0200][2,268s] GC(3) Concurrent Cleanup for Next Mark 0,574ms
[2021-05-18T11:36:53.888+0200][2,268s] GC(3) Concurrent Cycle 31,209ms
[2021-05-18T11:36:55.316+0200][3,696s] GC(4) Pause Young (Concurrent Start) (G1 Evacuation Pause)
[2021-05-18T11:36:55.316+0200][3,696s] GC(4) Using 8 workers of 8 for evacuation
[2021-05-18T11:36:55.329+0200][3,709s] GC(4)   Pre Evacuate Collection Set: 0,2ms
[2021-05-18T11:36:55.329+0200][3,709s] GC(4)   Merge Heap Roots: 0,1ms
[2021-05-18T11:36:55.329+0200][3,709s] GC(4)   Evacuate Collection Set: 11,2ms
[2021-05-18T11:36:55.329+0200][3,709s] GC(4)   Post Evacuate Collection Set: 1,0ms
[2021-05-18T11:36:55.329+0200][3,709s] GC(4)   Other: 0,2ms
[2021-05-18T11:36:55.329+0200][3,709s] GC(4) Eden regions: 91->0(296)
[2021-05-18T11:36:55.329+0200][3,709s] GC(4) Survivor regions: 15->11(14)
[2021-05-18T11:36:55.329+0200][3,709s] GC(4) Old regions: 4->12
[2021-05-18T11:36:55.329+0200][3,709s] GC(4) Archive regions: 2->2
[2021-05-18T11:36:55.329+0200][3,709s] GC(4) Humongous regions: 4->4
[2021-05-18T11:36:55.329+0200][3,709s] GC(4) Metaspace: 31023K(32048K)->31023K(32048K) NonClass: 27437K(28080K)->27437K(28080K) Class: 3586K(3968K)->3586K(3968K)
[2021-05-18T11:36:55.329+0200][3,709s] GC(4) Pause Young (Concurrent Start) (G1 Evacuation Pause) 114M->27M(512M) 12,902ms
[2021-05-18T11:36:55.329+0200][3,709s] GC(4) User=0,09s Sys=0,00s Real=0,02s
[2021-05-18T11:36:55.329+0200][3,709s] GC(5) Concurrent Cycle
[2021-05-18T11:36:55.329+0200][3,709s] GC(5) Concurrent Clear Claimed Marks
[2021-05-18T11:36:55.329+0200][3,709s] GC(5) Concurrent Clear Claimed Marks 0,080ms
[2021-05-18T11:36:55.329+0200][3,709s] GC(5) Concurrent Scan Root Regions
[2021-05-18T11:36:55.335+0200][3,716s] GC(5) Concurrent Scan Root Regions 6,193ms
[2021-05-18T11:36:55.335+0200][3,716s] GC(5) Concurrent Mark (3,716s)
[2021-05-18T11:36:55.335+0200][3,716s] GC(5) Concurrent Mark From Roots
[2021-05-18T11:36:55.335+0200][3,716s] GC(5) Using 2 workers of 2 for marking
[2021-05-18T11:36:55.343+0200][3,724s] GC(5) Concurrent Mark From Roots 8,261ms
[2021-05-18T11:36:55.343+0200][3,724s] GC(5) Concurrent Preclean
[2021-05-18T11:36:55.344+0200][3,724s] GC(5) Concurrent Preclean 0,178ms
[2021-05-18T11:36:55.344+0200][3,724s] GC(5) Concurrent Mark (3,716s, 3,724s) 8,519ms
[2021-05-18T11:36:55.344+0200][3,724s] GC(5) Pause Remark
[2021-05-18T11:36:55.346+0200][3,727s] GC(5) Pause Remark 31M->31M(512M) 2,678ms
[2021-05-18T11:36:55.347+0200][3,727s] GC(5) User=0,01s Sys=0,00s Real=0,00s
[2021-05-18T11:36:55.347+0200][3,727s] GC(5) Concurrent Rebuild Remembered Sets
[2021-05-18T11:36:55.355+0200][3,735s] GC(5) Concurrent Rebuild Remembered Sets 8,003ms
[2021-05-18T11:36:55.355+0200][3,735s] GC(5) Pause Cleanup
[2021-05-18T11:36:55.355+0200][3,736s] GC(5) Pause Cleanup 31M->31M(512M) 0,164ms
[2021-05-18T11:36:55.355+0200][3,736s] GC(5) User=0,00s Sys=0,00s Real=0,00s
[2021-05-18T11:36:55.355+0200][3,736s] GC(5) Concurrent Cleanup for Next Mark
[2021-05-18T11:36:55.356+0200][3,736s] GC(5) Concurrent Cleanup for Next Mark 0,448ms
[2021-05-18T11:36:55.356+0200][3,736s] GC(5) Concurrent Cycle 26,962ms
[2021-05-18T11:36:56.407+0200][4,788s] GC(6) Pause Young (Normal) (G1 Evacuation Pause)
[2021-05-18T11:36:56.407+0200][4,788s] GC(6) Using 8 workers of 8 for evacuation
[2021-05-18T11:36:56.418+0200][4,799s] GC(6)   Pre Evacuate Collection Set: 0,2ms
[2021-05-18T11:36:56.419+0200][4,799s] GC(6)   Merge Heap Roots: 0,1ms
[2021-05-18T11:36:56.419+0200][4,799s] GC(6)   Evacuate Collection Set: 9,8ms
[2021-05-18T11:36:56.419+0200][4,799s] GC(6)   Post Evacuate Collection Set: 1,0ms
[2021-05-18T11:36:56.419+0200][4,799s] GC(6)   Other: 0,3ms
[2021-05-18T11:36:56.419+0200][4,799s] GC(6) Eden regions: 296->0(287)
[2021-05-18T11:36:56.419+0200][4,799s] GC(6) Survivor regions: 11->20(39)
[2021-05-18T11:36:56.419+0200][4,799s] GC(6) Old regions: 12->12
[2021-05-18T11:36:56.419+0200][4,799s] GC(6) Archive regions: 2->2
[2021-05-18T11:36:56.419+0200][4,799s] GC(6) Humongous regions: 7->5
[2021-05-18T11:36:56.419+0200][4,799s] GC(6) Metaspace: 41636K(42928K)->41636K(42928K) NonClass: 36726K(37552K)->36726K(37552K) Class: 4910K(5376K)->4910K(5376K)
[2021-05-18T11:36:56.419+0200][4,799s] GC(6) Pause Young (Normal) (G1 Evacuation Pause) 326M->37M(512M) 11,408ms
[2021-05-18T11:36:56.419+0200][4,799s] GC(6) User=0,09s Sys=0,00s Real=0,02s
[2021-05-18T11:37:55.272+0200][63,652s] GC(7) Pause Young (Normal) (G1 Evacuation Pause)
[2021-05-18T11:37:55.272+0200][63,652s] GC(7) Using 8 workers of 8 for evacuation
[2021-05-18T11:37:55.288+0200][63,668s] GC(7)   Pre Evacuate Collection Set: 0,2ms
[2021-05-18T11:37:55.288+0200][63,668s] GC(7)   Merge Heap Roots: 0,1ms
[2021-05-18T11:37:55.288+0200][63,668s] GC(7)   Evacuate Collection Set: 14,4ms
[2021-05-18T11:37:55.288+0200][63,669s] GC(7)   Post Evacuate Collection Set: 1,3ms
[2021-05-18T11:37:55.288+0200][63,669s] GC(7)   Other: 0,2ms
[2021-05-18T11:37:55.288+0200][63,669s] GC(7) Eden regions: 287->0(274)
[2021-05-18T11:37:55.288+0200][63,669s] GC(7) Survivor regions: 20->33(39)
[2021-05-18T11:37:55.288+0200][63,669s] GC(7) Old regions: 12->12
[2021-05-18T11:37:55.288+0200][63,669s] GC(7) Archive regions: 2->2
[2021-05-18T11:37:55.288+0200][63,669s] GC(7) Humongous regions: 8->8
[2021-05-18T11:37:55.288+0200][63,669s] GC(7) Metaspace: 49959K(51376K)->49959K(51376K) NonClass: 44035K(44976K)->44035K(44976K) Class: 5923K(6400K)->5923K(6400K)
[2021-05-18T11:37:55.288+0200][63,669s] GC(7) Pause Young (Normal) (G1 Evacuation Pause) 327M->53M(512M) 16,388ms
[2021-05-18T11:37:55.288+0200][63,669s] GC(7) User=0,13s Sys=0,00s Real=0,01s
[2021-05-18T11:41:44.670+0200][293,051s] Heap
[2021-05-18T11:41:44.670+0200][293,051s]  garbage-first heap   total 524288K, used 87105K [0x00000000e0000000, 0x0000000100000000)
[2021-05-18T11:41:44.670+0200][293,051s]   region size 1024K, 66 young (67584K), 33 survivors (33792K)
[2021-05-18T11:41:44.670+0200][293,051s]  Metaspace       used 50797K, capacity 52090K, committed 52272K, reserved 1095680K
[2021-05-18T11:41:44.670+0200][293,051s]   class space    used 6004K, capacity 6513K, committed 6528K, reserved 1048576K
