[2021-05-18T11:15:34.670+0200][0.010s] Heap region size: 1M
[2021-05-18T11:15:34.671+0200][0.010s] Heap address: 0x00000000e0000000, size: 512 MB, Compressed Oops mode: 32-bit
[2021-05-18T11:15:35.001+0200][0.341s] Using G1
[2021-05-18T11:15:35.001+0200][0.341s] Mark closed archive regions in map: [0x00000000fff00000, 0x00000000fff7eff8]
[2021-05-18T11:15:35.001+0200][0.341s] Mark open archive regions in map: [0x00000000ffe00000, 0x00000000ffe51ff8]
[2021-05-18T11:15:35.017+0200][0,357s] Periodic GC disabled
[2021-05-18T11:15:35.536+0200][0,876s] GC(0) Pause Young (Normal) (G1 Evacuation Pause)
[2021-05-18T11:15:35.537+0200][0,877s] GC(0) Using 8 workers of 8 for evacuation
[2021-05-18T11:15:35.540+0200][0,880s] GC(0)   Pre Evacuate Collection Set: 0,1ms
[2021-05-18T11:15:35.540+0200][0,880s] GC(0)   Merge Heap Roots: 0,1ms
[2021-05-18T11:15:35.540+0200][0,880s] GC(0)   Evacuate Collection Set: 2,5ms
[2021-05-18T11:15:35.540+0200][0,880s] GC(0)   Post Evacuate Collection Set: 0,5ms
[2021-05-18T11:15:35.540+0200][0,880s] GC(0)   Other: 1,4ms
[2021-05-18T11:15:35.541+0200][0,880s] GC(0) Eden regions: 29->0(56)
[2021-05-18T11:15:35.541+0200][0,880s] GC(0) Survivor regions: 0->3(4)
[2021-05-18T11:15:35.541+0200][0,880s] GC(0) Old regions: 0->0
[2021-05-18T11:15:35.541+0200][0,880s] GC(0) Archive regions: 2->2
[2021-05-18T11:15:35.541+0200][0,880s] GC(0) Humongous regions: 0->0
[2021-05-18T11:15:35.541+0200][0,880s] GC(0) Metaspace: 5858K(7808K)->5858K(7808K) NonClass: 5166K(6912K)->5166K(6912K) Class: 691K(896K)->691K(896K)
[2021-05-18T11:15:35.541+0200][0,880s] GC(0) Pause Young (Normal) (G1 Evacuation Pause) 29M->3M(512M) 4,795ms
[2021-05-18T11:15:35.541+0200][0,880s] GC(0) User=0,03s Sys=0,01s Real=0,01s
[2021-05-18T11:15:36.433+0200][1,773s] GC(1) Pause Young (Normal) (G1 Evacuation Pause)
[2021-05-18T11:15:36.433+0200][1,773s] GC(1) Using 8 workers of 8 for evacuation
[2021-05-18T11:15:36.444+0200][1,783s] GC(1)   Pre Evacuate Collection Set: 0,1ms
[2021-05-18T11:15:36.444+0200][1,783s] GC(1)   Merge Heap Roots: 0,1ms
[2021-05-18T11:15:36.444+0200][1,783s] GC(1)   Evacuate Collection Set: 9,5ms
[2021-05-18T11:15:36.444+0200][1,783s] GC(1)   Post Evacuate Collection Set: 0,7ms
[2021-05-18T11:15:36.444+0200][1,783s] GC(1)   Other: 0,1ms
[2021-05-18T11:15:36.444+0200][1,783s] GC(1) Eden regions: 55->0(299)
[2021-05-18T11:15:36.444+0200][1,783s] GC(1) Survivor regions: 3->8(8)
[2021-05-18T11:15:36.444+0200][1,783s] GC(1) Old regions: 0->5
[2021-05-18T11:15:36.444+0200][1,783s] GC(1) Archive regions: 2->2
[2021-05-18T11:15:36.444+0200][1,783s] GC(1) Humongous regions: 4->4
[2021-05-18T11:15:36.444+0200][1,783s] GC(1) Metaspace: 15556K(16128K)->15556K(16128K) NonClass: 13705K(14080K)->13705K(14080K) Class: 1851K(2048K)->1851K(2048K)
[2021-05-18T11:15:36.444+0200][1,783s] GC(1) Pause Young (Normal) (G1 Evacuation Pause) 62M->16M(512M) 10,719ms
[2021-05-18T11:15:36.444+0200][1,783s] GC(1) User=0,08s Sys=0,00s Real=0,01s
[2021-05-18T11:15:36.914+0200][2,254s] GC(2) Pause Young (Concurrent Start) (Metadata GC Threshold)
[2021-05-18T11:15:36.914+0200][2,254s] GC(2) Using 8 workers of 8 for evacuation
[2021-05-18T11:15:36.927+0200][2,266s] GC(2)   Pre Evacuate Collection Set: 0,1ms
[2021-05-18T11:15:36.927+0200][2,267s] GC(2)   Merge Heap Roots: 0,1ms
[2021-05-18T11:15:36.927+0200][2,267s] GC(2)   Evacuate Collection Set: 11,2ms
[2021-05-18T11:15:36.927+0200][2,267s] GC(2)   Post Evacuate Collection Set: 1,1ms
[2021-05-18T11:15:36.927+0200][2,267s] GC(2)   Other: 0,3ms
[2021-05-18T11:15:36.927+0200][2,267s] GC(2) Eden regions: 55->0(173)
[2021-05-18T11:15:36.927+0200][2,267s] GC(2) Survivor regions: 8->15(39)
[2021-05-18T11:15:36.927+0200][2,267s] GC(2) Old regions: 5->5
[2021-05-18T11:15:36.927+0200][2,267s] GC(2) Archive regions: 2->2
[2021-05-18T11:15:36.927+0200][2,267s] GC(2) Humongous regions: 4->4
[2021-05-18T11:15:36.927+0200][2,267s] GC(2) Metaspace: 20482K(21296K)->20482K(21296K) NonClass: 18126K(18608K)->18126K(18608K) Class: 2356K(2688K)->2356K(2688K)
[2021-05-18T11:15:36.927+0200][2,267s] GC(2) Pause Young (Concurrent Start) (Metadata GC Threshold) 71M->23M(512M) 12,874ms
[2021-05-18T11:15:36.927+0200][2,267s] GC(2) User=0,08s Sys=0,00s Real=0,01s
[2021-05-18T11:15:36.927+0200][2,267s] GC(3) Concurrent Cycle
[2021-05-18T11:15:36.927+0200][2,267s] GC(3) Concurrent Clear Claimed Marks
[2021-05-18T11:15:36.927+0200][2,267s] GC(3) Concurrent Clear Claimed Marks 0,045ms
[2021-05-18T11:15:36.927+0200][2,267s] GC(3) Concurrent Scan Root Regions
[2021-05-18T11:15:36.932+0200][2,272s] GC(3) Concurrent Scan Root Regions 4,791ms
[2021-05-18T11:15:36.932+0200][2,272s] GC(3) Concurrent Mark (2,272s)
[2021-05-18T11:15:36.932+0200][2,272s] GC(3) Concurrent Mark From Roots
[2021-05-18T11:15:36.932+0200][2,272s] GC(3) Using 2 workers of 2 for marking
[2021-05-18T11:15:36.951+0200][2,291s] GC(3) Concurrent Mark From Roots 19,007ms
[2021-05-18T11:15:36.951+0200][2,291s] GC(3) Concurrent Preclean
[2021-05-18T11:15:36.951+0200][2,291s] GC(3) Concurrent Preclean 0,427ms
[2021-05-18T11:15:36.951+0200][2,291s] GC(3) Concurrent Mark (2,272s, 2,291s) 19,520ms
[2021-05-18T11:15:36.952+0200][2,291s] GC(3) Pause Remark
[2021-05-18T11:15:36.953+0200][2,293s] GC(3) Pause Remark 25M->25M(512M) 1,819ms
[2021-05-18T11:15:36.953+0200][2,293s] GC(3) User=0,02s Sys=0,00s Real=0,00s
[2021-05-18T11:15:36.953+0200][2,293s] GC(3) Concurrent Rebuild Remembered Sets
[2021-05-18T11:15:36.959+0200][2,299s] GC(3) Concurrent Rebuild Remembered Sets 5,292ms
[2021-05-18T11:15:36.959+0200][2,299s] GC(3) Pause Cleanup
[2021-05-18T11:15:36.959+0200][2,299s] GC(3) Pause Cleanup 26M->26M(512M) 0,187ms
[2021-05-18T11:15:36.959+0200][2,299s] GC(3) User=0,00s Sys=0,00s Real=0,00s
[2021-05-18T11:15:36.959+0200][2,299s] GC(3) Concurrent Cleanup for Next Mark
[2021-05-18T11:15:36.960+0200][2,300s] GC(3) Concurrent Cleanup for Next Mark 0,533ms
[2021-05-18T11:15:36.960+0200][2,300s] GC(3) Concurrent Cycle 33,024ms
[2021-05-18T11:15:38.471+0200][3,811s] GC(4) Pause Young (Concurrent Start) (G1 Evacuation Pause)
[2021-05-18T11:15:38.471+0200][3,811s] GC(4) Using 8 workers of 8 for evacuation
[2021-05-18T11:15:38.494+0200][3,834s] GC(4)   Pre Evacuate Collection Set: 0,2ms
[2021-05-18T11:15:38.494+0200][3,834s] GC(4)   Merge Heap Roots: 0,1ms
[2021-05-18T11:15:38.494+0200][3,834s] GC(4)   Evacuate Collection Set: 16,8ms
[2021-05-18T11:15:38.494+0200][3,834s] GC(4)   Post Evacuate Collection Set: 5,3ms
[2021-05-18T11:15:38.494+0200][3,834s] GC(4)   Other: 0,3ms
[2021-05-18T11:15:38.494+0200][3,834s] GC(4) Eden regions: 180->0(284)
[2021-05-18T11:15:38.494+0200][3,834s] GC(4) Survivor regions: 15->23(25)
[2021-05-18T11:15:38.494+0200][3,834s] GC(4) Old regions: 4->6
[2021-05-18T11:15:38.494+0200][3,834s] GC(4) Archive regions: 2->2
[2021-05-18T11:15:38.494+0200][3,834s] GC(4) Humongous regions: 7->5
[2021-05-18T11:15:38.494+0200][3,834s] GC(4) Metaspace: 35105K(36144K)->35105K(36144K) NonClass: 30969K(31664K)->30969K(31664K) Class: 4135K(4480K)->4135K(4480K)
[2021-05-18T11:15:38.494+0200][3,834s] GC(4) Pause Young (Concurrent Start) (G1 Evacuation Pause) 206M->34M(512M) 22,856ms
[2021-05-18T11:15:38.494+0200][3,834s] GC(4) User=0,16s Sys=0,00s Real=0,02s
[2021-05-18T11:15:38.494+0200][3,834s] GC(5) Concurrent Cycle
[2021-05-18T11:15:38.494+0200][3,834s] GC(5) Concurrent Clear Claimed Marks
[2021-05-18T11:15:38.494+0200][3,834s] GC(5) Concurrent Clear Claimed Marks 0,081ms
[2021-05-18T11:15:38.494+0200][3,834s] GC(5) Concurrent Scan Root Regions
[2021-05-18T11:15:38.501+0200][3,841s] GC(5) Concurrent Scan Root Regions 7,124ms
[2021-05-18T11:15:38.501+0200][3,841s] GC(5) Concurrent Mark (3,841s)
[2021-05-18T11:15:38.501+0200][3,841s] GC(5) Concurrent Mark From Roots
[2021-05-18T11:15:38.501+0200][3,841s] GC(5) Using 2 workers of 2 for marking
[2021-05-18T11:15:38.514+0200][3,854s] GC(5) Concurrent Mark From Roots 12,510ms
[2021-05-18T11:15:38.514+0200][3,854s] GC(5) Concurrent Preclean
[2021-05-18T11:15:38.514+0200][3,854s] GC(5) Concurrent Preclean 0,172ms
[2021-05-18T11:15:38.514+0200][3,854s] GC(5) Concurrent Mark (3,841s, 3,854s) 12,763ms
[2021-05-18T11:15:38.514+0200][3,854s] GC(5) Pause Remark
[2021-05-18T11:15:38.517+0200][3,857s] GC(5) Pause Remark 40M->40M(512M) 3,000ms
[2021-05-18T11:15:38.517+0200][3,857s] GC(5) User=0,02s Sys=0,00s Real=0,01s
[2021-05-18T11:15:38.518+0200][3,857s] GC(5) Concurrent Rebuild Remembered Sets
[2021-05-18T11:15:38.533+0200][3,873s] GC(5) Concurrent Rebuild Remembered Sets 15,779ms
[2021-05-18T11:15:38.534+0200][3,874s] GC(5) Pause Cleanup
[2021-05-18T11:15:38.534+0200][3,874s] GC(5) Pause Cleanup 60M->60M(512M) 0,173ms
[2021-05-18T11:15:38.534+0200][3,874s] GC(5) User=0,00s Sys=0,00s Real=0,00s
[2021-05-18T11:15:38.534+0200][3,874s] GC(5) Concurrent Cleanup for Next Mark
[2021-05-18T11:15:38.535+0200][3,875s] GC(5) Concurrent Cleanup for Next Mark 0,832ms
[2021-05-18T11:15:38.535+0200][3,875s] GC(5) Concurrent Cycle 40,889ms
[2021-05-18T11:15:39.470+0200][4,810s] GC(6) Pause Young (Concurrent Start) (G1 Evacuation Pause)
[2021-05-18T11:15:39.470+0200][4,810s] GC(6) Using 8 workers of 8 for evacuation
[2021-05-18T11:15:39.493+0200][4,833s] GC(6)   Pre Evacuate Collection Set: 0,2ms
[2021-05-18T11:15:39.493+0200][4,833s] GC(6)   Merge Heap Roots: 0,1ms
[2021-05-18T11:15:39.493+0200][4,833s] GC(6)   Evacuate Collection Set: 21,4ms
[2021-05-18T11:15:39.493+0200][4,833s] GC(6)   Post Evacuate Collection Set: 1,2ms
[2021-05-18T11:15:39.493+0200][4,833s] GC(6)   Other: 0,3ms
[2021-05-18T11:15:39.493+0200][4,833s] GC(6) Eden regions: 284->0(282)
[2021-05-18T11:15:39.493+0200][4,833s] GC(6) Survivor regions: 23->25(39)
[2021-05-18T11:15:39.493+0200][4,833s] GC(6) Old regions: 6->13
[2021-05-18T11:15:39.493+0200][4,833s] GC(6) Archive regions: 2->2
[2021-05-18T11:15:39.493+0200][4,833s] GC(6) Humongous regions: 5->5
[2021-05-18T11:15:39.493+0200][4,833s] GC(6) Metaspace: 45571K(47100K)->45571K(47100K) NonClass: 40100K(41084K)->40100K(41084K) Class: 5470K(6016K)->5470K(6016K)
[2021-05-18T11:15:39.493+0200][4,833s] GC(6) Pause Young (Concurrent Start) (G1 Evacuation Pause) 318M->42M(512M) 23,391ms
[2021-05-18T11:15:39.493+0200][4,833s] GC(6) User=0,17s Sys=0,00s Real=0,02s
[2021-05-18T11:15:39.493+0200][4,833s] GC(7) Concurrent Cycle
[2021-05-18T11:15:39.493+0200][4,833s] GC(7) Concurrent Clear Claimed Marks
[2021-05-18T11:15:39.493+0200][4,833s] GC(7) Concurrent Clear Claimed Marks 0,110ms
[2021-05-18T11:15:39.493+0200][4,833s] GC(7) Concurrent Scan Root Regions
[2021-05-18T11:15:39.508+0200][4,848s] GC(7) Concurrent Scan Root Regions 14,680ms
[2021-05-18T11:15:39.508+0200][4,848s] GC(7) Concurrent Mark (4,848s)
[2021-05-18T11:15:39.508+0200][4,848s] GC(7) Concurrent Mark From Roots
[2021-05-18T11:15:39.508+0200][4,848s] GC(7) Using 2 workers of 2 for marking
[2021-05-18T11:15:39.533+0200][4,872s] GC(7) Concurrent Mark From Roots 24,398ms
[2021-05-18T11:15:39.533+0200][4,872s] GC(7) Concurrent Preclean
[2021-05-18T11:15:39.533+0200][4,873s] GC(7) Concurrent Preclean 0,203ms
[2021-05-18T11:15:39.533+0200][4,873s] GC(7) Concurrent Mark (4,848s, 4,873s) 24,693ms
[2021-05-18T11:15:39.533+0200][4,873s] GC(7) Pause Remark
[2021-05-18T11:15:39.537+0200][4,876s] GC(7) Pause Remark 67M->67M(512M) 3,438ms
[2021-05-18T11:15:39.537+0200][4,876s] GC(7) User=0,03s Sys=0,00s Real=0,01s
[2021-05-18T11:15:39.537+0200][4,876s] GC(7) Concurrent Rebuild Remembered Sets
[2021-05-18T11:15:39.556+0200][4,895s] GC(7) Concurrent Rebuild Remembered Sets 19,061ms
[2021-05-18T11:15:39.561+0200][4,901s] GC(7) Pause Cleanup
[2021-05-18T11:15:39.561+0200][4,901s] GC(7) Pause Cleanup 83M->83M(512M) 0,188ms
[2021-05-18T11:15:39.562+0200][4,901s] GC(7) User=0,00s Sys=0,00s Real=0,00s
[2021-05-18T11:15:39.562+0200][4,901s] GC(7) Concurrent Cleanup for Next Mark
[2021-05-18T11:15:39.563+0200][4,902s] GC(7) Concurrent Cleanup for Next Mark 0,956ms
[2021-05-18T11:15:39.563+0200][4,902s] GC(7) Concurrent Cycle 69,358ms
[2021-05-18T11:16:35.347+0200][60,687s] Heap
[2021-05-18T11:16:35.347+0200][60,687s]  garbage-first heap   total 524288K, used 191113K [0x00000000e0000000, 0x0000000100000000)
[2021-05-18T11:16:35.347+0200][60,687s]   region size 1024K, 167 young (171008K), 25 survivors (25600K)
[2021-05-18T11:16:35.347+0200][60,687s]  Metaspace       used 49072K, capacity 50284K, committed 50556K, reserved 1093632K
[2021-05-18T11:16:35.347+0200][60,687s]   class space    used 5881K, capacity 6355K, committed 6400K, reserved 1048576K
