[2021-05-18T11:31:47.679+0200][0.013s] Heap region size: 1M
[2021-05-18T11:31:47.679+0200][0.013s] Heap address: 0x00000000e0000000, size: 512 MB, Compressed Oops mode: 32-bit
[2021-05-18T11:31:48.002+0200][0.337s] Using G1
[2021-05-18T11:31:48.003+0200][0.337s] Mark closed archive regions in map: [0x00000000fff00000, 0x00000000fff7eff8]
[2021-05-18T11:31:48.003+0200][0.337s] Mark open archive regions in map: [0x00000000ffe00000, 0x00000000ffe51ff8]
[2021-05-18T11:31:48.018+0200][0,352s] Periodic GC disabled
[2021-05-18T11:31:48.546+0200][0,881s] GC(0) Pause Young (Normal) (G1 Evacuation Pause)
[2021-05-18T11:31:48.547+0200][0,882s] GC(0) Using 8 workers of 8 for evacuation
[2021-05-18T11:31:48.550+0200][0,884s] GC(0)   Pre Evacuate Collection Set: 0,1ms
[2021-05-18T11:31:48.550+0200][0,884s] GC(0)   Merge Heap Roots: 0,0ms
[2021-05-18T11:31:48.550+0200][0,884s] GC(0)   Evacuate Collection Set: 1,8ms
[2021-05-18T11:31:48.550+0200][0,884s] GC(0)   Post Evacuate Collection Set: 0,4ms
[2021-05-18T11:31:48.550+0200][0,884s] GC(0)   Other: 1,2ms
[2021-05-18T11:31:48.550+0200][0,884s] GC(0) Eden regions: 29->0(57)
[2021-05-18T11:31:48.550+0200][0,884s] GC(0) Survivor regions: 0->3(4)
[2021-05-18T11:31:48.550+0200][0,884s] GC(0) Old regions: 0->0
[2021-05-18T11:31:48.550+0200][0,884s] GC(0) Archive regions: 2->2
[2021-05-18T11:31:48.550+0200][0,884s] GC(0) Humongous regions: 0->0
[2021-05-18T11:31:48.550+0200][0,884s] GC(0) Metaspace: 5857K(7808K)->5857K(7808K) NonClass: 5162K(6912K)->5162K(6912K) Class: 694K(896K)->694K(896K)
[2021-05-18T11:31:48.550+0200][0,884s] GC(0) Pause Young (Normal) (G1 Evacuation Pause) 29M->3M(512M) 3,644ms
[2021-05-18T11:31:48.550+0200][0,884s] GC(0) User=0,01s Sys=0,00s Real=0,01s
[2021-05-18T11:31:49.369+0200][1,704s] GC(1) Pause Young (Normal) (G1 Evacuation Pause)
[2021-05-18T11:31:49.369+0200][1,704s] GC(1) Using 8 workers of 8 for evacuation
[2021-05-18T11:31:49.380+0200][1,714s] GC(1)   Pre Evacuate Collection Set: 0,1ms
[2021-05-18T11:31:49.380+0200][1,715s] GC(1)   Merge Heap Roots: 0,1ms
[2021-05-18T11:31:49.380+0200][1,715s] GC(1)   Evacuate Collection Set: 9,8ms
[2021-05-18T11:31:49.380+0200][1,715s] GC(1)   Post Evacuate Collection Set: 0,8ms
[2021-05-18T11:31:49.380+0200][1,715s] GC(1)   Other: 0,1ms
[2021-05-18T11:31:49.380+0200][1,715s] GC(1) Eden regions: 55->0(252)
[2021-05-18T11:31:49.380+0200][1,715s] GC(1) Survivor regions: 3->8(8)
[2021-05-18T11:31:49.380+0200][1,715s] GC(1) Old regions: 0->5
[2021-05-18T11:31:49.380+0200][1,715s] GC(1) Archive regions: 2->2
[2021-05-18T11:31:49.380+0200][1,715s] GC(1) Humongous regions: 4->4
[2021-05-18T11:31:49.380+0200][1,715s] GC(1) Metaspace: 15574K(16384K)->15574K(16384K) NonClass: 13723K(14336K)->13723K(14336K) Class: 1851K(2048K)->1851K(2048K)
[2021-05-18T11:31:49.380+0200][1,715s] GC(1) Pause Young (Normal) (G1 Evacuation Pause) 62M->16M(512M) 11,069ms
[2021-05-18T11:31:49.380+0200][1,715s] GC(1) User=0,08s Sys=0,00s Real=0,01s
[2021-05-18T11:31:49.962+0200][2,296s] GC(2) Pause Young (Concurrent Start) (Metadata GC Threshold)
[2021-05-18T11:31:49.962+0200][2,296s] GC(2) Using 8 workers of 8 for evacuation
[2021-05-18T11:31:49.976+0200][2,310s] GC(2)   Pre Evacuate Collection Set: 0,2ms
[2021-05-18T11:31:49.976+0200][2,310s] GC(2)   Merge Heap Roots: 0,1ms
[2021-05-18T11:31:49.976+0200][2,310s] GC(2)   Evacuate Collection Set: 12,4ms
[2021-05-18T11:31:49.976+0200][2,310s] GC(2)   Post Evacuate Collection Set: 1,0ms
[2021-05-18T11:31:49.976+0200][2,310s] GC(2)   Other: 0,3ms
[2021-05-18T11:31:49.976+0200][2,310s] GC(2) Eden regions: 55->0(152)
[2021-05-18T11:31:49.976+0200][2,310s] GC(2) Survivor regions: 8->15(32)
[2021-05-18T11:31:49.976+0200][2,310s] GC(2) Old regions: 5->5
[2021-05-18T11:31:49.976+0200][2,310s] GC(2) Archive regions: 2->2
[2021-05-18T11:31:49.976+0200][2,310s] GC(2) Humongous regions: 4->4
[2021-05-18T11:31:49.976+0200][2,310s] GC(2) Metaspace: 20432K(21296K)->20432K(21296K) NonClass: 18082K(18608K)->18082K(18608K) Class: 2349K(2688K)->2349K(2688K)
[2021-05-18T11:31:49.976+0200][2,310s] GC(2) Pause Young (Concurrent Start) (Metadata GC Threshold) 71M->23M(512M) 14,161ms
[2021-05-18T11:31:49.976+0200][2,310s] GC(2) User=0,10s Sys=0,01s Real=0,01s
[2021-05-18T11:31:49.976+0200][2,311s] GC(3) Concurrent Cycle
[2021-05-18T11:31:49.976+0200][2,311s] GC(3) Concurrent Clear Claimed Marks
[2021-05-18T11:31:49.976+0200][2,311s] GC(3) Concurrent Clear Claimed Marks 0,042ms
[2021-05-18T11:31:49.976+0200][2,311s] GC(3) Concurrent Scan Root Regions
[2021-05-18T11:31:49.983+0200][2,317s] GC(3) Concurrent Scan Root Regions 6,452ms
[2021-05-18T11:31:49.983+0200][2,317s] GC(3) Concurrent Mark (2,317s)
[2021-05-18T11:31:49.983+0200][2,317s] GC(3) Concurrent Mark From Roots
[2021-05-18T11:31:49.983+0200][2,317s] GC(3) Using 2 workers of 2 for marking
[2021-05-18T11:31:49.997+0200][2,331s] GC(3) Concurrent Mark From Roots 13,865ms
[2021-05-18T11:31:49.997+0200][2,331s] GC(3) Concurrent Preclean
[2021-05-18T11:31:49.997+0200][2,331s] GC(3) Concurrent Preclean 0,154ms
[2021-05-18T11:31:49.997+0200][2,331s] GC(3) Concurrent Mark (2,317s, 2,331s) 14,081ms
[2021-05-18T11:31:49.997+0200][2,331s] GC(3) Pause Remark
[2021-05-18T11:31:49.999+0200][2,333s] GC(3) Pause Remark 25M->25M(512M) 1,744ms
[2021-05-18T11:31:49.999+0200][2,333s] GC(3) User=0,00s Sys=0,00s Real=0,00s
[2021-05-18T11:31:49.999+0200][2,333s] GC(3) Concurrent Rebuild Remembered Sets
[2021-05-18T11:31:50.006+0200][2,340s] GC(3) Concurrent Rebuild Remembered Sets 7,128ms
[2021-05-18T11:31:50.006+0200][2,341s] GC(3) Pause Cleanup
[2021-05-18T11:31:50.007+0200][2,341s] GC(3) Pause Cleanup 26M->26M(512M) 0,141ms
[2021-05-18T11:31:50.007+0200][2,341s] GC(3) User=0,00s Sys=0,00s Real=0,00s
[2021-05-18T11:31:50.007+0200][2,341s] GC(3) Concurrent Cleanup for Next Mark
[2021-05-18T11:31:50.007+0200][2,341s] GC(3) Concurrent Cleanup for Next Mark 0,494ms
[2021-05-18T11:31:50.007+0200][2,341s] GC(3) Concurrent Cycle 30,882ms
[2021-05-18T11:31:51.832+0200][4,167s] GC(4) Pause Young (Normal) (G1 Evacuation Pause)
[2021-05-18T11:31:51.832+0200][4,167s] GC(4) Using 8 workers of 8 for evacuation
[2021-05-18T11:31:51.849+0200][4,183s] GC(4)   Pre Evacuate Collection Set: 0,1ms
[2021-05-18T11:31:51.849+0200][4,183s] GC(4)   Merge Heap Roots: 0,1ms
[2021-05-18T11:31:51.849+0200][4,183s] GC(4)   Evacuate Collection Set: 15,2ms
[2021-05-18T11:31:51.849+0200][4,183s] GC(4)   Post Evacuate Collection Set: 1,2ms
[2021-05-18T11:31:51.849+0200][4,183s] GC(4)   Other: 0,2ms
[2021-05-18T11:31:51.849+0200][4,183s] GC(4) Eden regions: 158->0(290)
[2021-05-18T11:31:51.849+0200][4,183s] GC(4) Survivor regions: 15->17(22)
[2021-05-18T11:31:51.849+0200][4,183s] GC(4) Old regions: 4->12
[2021-05-18T11:31:51.849+0200][4,184s] GC(4) Archive regions: 2->2
[2021-05-18T11:31:51.849+0200][4,184s] GC(4) Humongous regions: 6->5
[2021-05-18T11:31:51.849+0200][4,184s] GC(4) Metaspace: 34629K(35632K)->34629K(35632K) NonClass: 30552K(31152K)->30552K(31152K) Class: 4076K(4480K)->4076K(4480K)
[2021-05-18T11:31:51.849+0200][4,184s] GC(4) Pause Young (Normal) (G1 Evacuation Pause) 183M->34M(512M) 17,043ms
[2021-05-18T11:31:51.849+0200][4,184s] GC(4) User=0,12s Sys=0,01s Real=0,02s
[2021-05-18T11:31:51.876+0200][4,211s] GC(5) Pause Young (Concurrent Start) (Metadata GC Threshold)
[2021-05-18T11:31:51.877+0200][4,211s] GC(5) Using 8 workers of 8 for evacuation
[2021-05-18T11:31:51.887+0200][4,221s] GC(5)   Pre Evacuate Collection Set: 0,2ms
[2021-05-18T11:31:51.887+0200][4,221s] GC(5)   Merge Heap Roots: 0,1ms
[2021-05-18T11:31:51.887+0200][4,221s] GC(5)   Evacuate Collection Set: 9,0ms
[2021-05-18T11:31:51.887+0200][4,221s] GC(5)   Post Evacuate Collection Set: 0,6ms
[2021-05-18T11:31:51.887+0200][4,221s] GC(5)   Other: 0,2ms
[2021-05-18T11:31:51.887+0200][4,221s] GC(5) Eden regions: 8->0(290)
[2021-05-18T11:31:51.887+0200][4,221s] GC(5) Survivor regions: 17->17(39)
[2021-05-18T11:31:51.887+0200][4,221s] GC(5) Old regions: 12->12
[2021-05-18T11:31:51.887+0200][4,221s] GC(5) Archive regions: 2->2
[2021-05-18T11:31:51.887+0200][4,221s] GC(5) Humongous regions: 5->5
[2021-05-18T11:31:51.887+0200][4,221s] GC(5) Metaspace: 34892K(35888K)->34892K(35888K) NonClass: 30778K(31408K)->30778K(31408K) Class: 4113K(4480K)->4113K(4480K)
[2021-05-18T11:31:51.887+0200][4,221s] GC(5) Pause Young (Concurrent Start) (Metadata GC Threshold) 41M->34M(512M) 10,222ms
[2021-05-18T11:31:51.887+0200][4,221s] GC(5) User=0,06s Sys=0,01s Real=0,01s
[2021-05-18T11:31:51.887+0200][4,221s] GC(6) Concurrent Cycle
[2021-05-18T11:31:51.887+0200][4,221s] GC(6) Concurrent Clear Claimed Marks
[2021-05-18T11:31:51.887+0200][4,221s] GC(6) Concurrent Clear Claimed Marks 0,065ms
[2021-05-18T11:31:51.887+0200][4,221s] GC(6) Concurrent Scan Root Regions
[2021-05-18T11:31:51.892+0200][4,226s] GC(6) Concurrent Scan Root Regions 4,741ms
[2021-05-18T11:31:51.892+0200][4,226s] GC(6) Concurrent Mark (4,226s)
[2021-05-18T11:31:51.892+0200][4,226s] GC(6) Concurrent Mark From Roots
[2021-05-18T11:31:51.892+0200][4,226s] GC(6) Using 2 workers of 2 for marking
[2021-05-18T11:31:51.919+0200][4,253s] GC(6) Concurrent Mark From Roots 27,007ms
[2021-05-18T11:31:51.919+0200][4,253s] GC(6) Concurrent Preclean
[2021-05-18T11:31:51.919+0200][4,253s] GC(6) Concurrent Preclean 0,221ms
[2021-05-18T11:31:51.919+0200][4,253s] GC(6) Concurrent Mark (4,226s, 4,253s) 27,306ms
[2021-05-18T11:31:51.919+0200][4,253s] GC(6) Pause Remark
[2021-05-18T11:31:51.925+0200][4,260s] GC(6) Pause Remark 45M->45M(512M) 6,094ms
[2021-05-18T11:31:51.925+0200][4,260s] GC(6) User=0,02s Sys=0,00s Real=0,00s
[2021-05-18T11:31:51.925+0200][4,260s] GC(6) Concurrent Rebuild Remembered Sets
[2021-05-18T11:31:51.963+0200][4,297s] GC(6) Concurrent Rebuild Remembered Sets 37,465ms
[2021-05-18T11:31:51.963+0200][4,298s] GC(6) Pause Cleanup
[2021-05-18T11:31:51.964+0200][4,298s] GC(6) Pause Cleanup 68M->68M(512M) 0,163ms
[2021-05-18T11:31:51.964+0200][4,298s] GC(6) User=0,00s Sys=0,00s Real=0,00s
[2021-05-18T11:31:51.964+0200][4,298s] GC(6) Concurrent Cleanup for Next Mark
[2021-05-18T11:31:51.965+0200][4,299s] GC(6) Concurrent Cleanup for Next Mark 1,016ms
[2021-05-18T11:31:51.965+0200][4,299s] GC(6) Concurrent Cycle 78,042ms
[2021-05-18T11:31:52.952+0200][5,286s] GC(7) Pause Young (Normal) (G1 Evacuation Pause)
[2021-05-18T11:31:52.952+0200][5,286s] GC(7) Using 8 workers of 8 for evacuation
[2021-05-18T11:31:52.966+0200][5,300s] GC(7)   Pre Evacuate Collection Set: 0,1ms
[2021-05-18T11:31:52.966+0200][5,300s] GC(7)   Merge Heap Roots: 0,1ms
[2021-05-18T11:31:52.966+0200][5,300s] GC(7)   Evacuate Collection Set: 12,0ms
[2021-05-18T11:31:52.966+0200][5,300s] GC(7)   Post Evacuate Collection Set: 1,1ms
[2021-05-18T11:31:52.966+0200][5,300s] GC(7)   Other: 0,3ms
[2021-05-18T11:31:52.966+0200][5,300s] GC(7) Eden regions: 290->0(285)
[2021-05-18T11:31:52.966+0200][5,300s] GC(7) Survivor regions: 17->22(39)
[2021-05-18T11:31:52.966+0200][5,300s] GC(7) Old regions: 12->12
[2021-05-18T11:31:52.966+0200][5,300s] GC(7) Archive regions: 2->2
[2021-05-18T11:31:52.966+0200][5,300s] GC(7) Humongous regions: 5->5
[2021-05-18T11:31:52.966+0200][5,300s] GC(7) Metaspace: 44795K(46256K)->44795K(46256K) NonClass: 39442K(40368K)->39442K(40368K) Class: 5352K(5888K)->5352K(5888K)
[2021-05-18T11:31:52.966+0200][5,300s] GC(7) Pause Young (Normal) (G1 Evacuation Pause) 324M->39M(512M) 13,736ms
[2021-05-18T11:31:52.966+0200][5,300s] GC(7) User=0,10s Sys=0,01s Real=0,01s
[2021-05-18T11:36:22.412+0200][274,746s] Heap
[2021-05-18T11:36:22.412+0200][274,746s]  garbage-first heap   total 524288K, used 259817K [0x00000000e0000000, 0x0000000100000000)
[2021-05-18T11:36:22.412+0200][274,746s]   region size 1024K, 235 young (240640K), 22 survivors (22528K)
[2021-05-18T11:36:22.412+0200][274,746s]  Metaspace       used 50113K, capacity 51421K, committed 51504K, reserved 1093632K
[2021-05-18T11:36:22.412+0200][274,746s]   class space    used 5976K, capacity 6507K, committed 6528K, reserved 1048576K
