[2021-05-18T11:41:48.356+0200][0.011s] Heap region size: 1M
[2021-05-18T11:41:48.356+0200][0.011s] Heap address: 0x00000000e0000000, size: 512 MB, Compressed Oops mode: 32-bit
[2021-05-18T11:41:48.687+0200][0.342s] Using G1
[2021-05-18T11:41:48.687+0200][0.342s] Mark closed archive regions in map: [0x00000000fff00000, 0x00000000fff7eff8]
[2021-05-18T11:41:48.687+0200][0.342s] Mark open archive regions in map: [0x00000000ffe00000, 0x00000000ffe51ff8]
[2021-05-18T11:41:48.703+0200][0,357s] Periodic GC disabled
[2021-05-18T11:41:49.237+0200][0,892s] GC(0) Pause Young (Normal) (G1 Evacuation Pause)
[2021-05-18T11:41:49.238+0200][0,893s] GC(0) Using 8 workers of 8 for evacuation
[2021-05-18T11:41:49.241+0200][0,896s] GC(0)   Pre Evacuate Collection Set: 0,1ms
[2021-05-18T11:41:49.241+0200][0,896s] GC(0)   Merge Heap Roots: 0,1ms
[2021-05-18T11:41:49.241+0200][0,896s] GC(0)   Evacuate Collection Set: 1,9ms
[2021-05-18T11:41:49.241+0200][0,896s] GC(0)   Post Evacuate Collection Set: 0,4ms
[2021-05-18T11:41:49.241+0200][0,896s] GC(0)   Other: 1,5ms
[2021-05-18T11:41:49.241+0200][0,896s] GC(0) Eden regions: 29->0(57)
[2021-05-18T11:41:49.241+0200][0,896s] GC(0) Survivor regions: 0->3(4)
[2021-05-18T11:41:49.241+0200][0,896s] GC(0) Old regions: 0->0
[2021-05-18T11:41:49.241+0200][0,896s] GC(0) Archive regions: 2->2
[2021-05-18T11:41:49.241+0200][0,896s] GC(0) Humongous regions: 0->0
[2021-05-18T11:41:49.241+0200][0,896s] GC(0) Metaspace: 5817K(7808K)->5817K(7808K) NonClass: 5127K(6912K)->5127K(6912K) Class: 689K(896K)->689K(896K)
[2021-05-18T11:41:49.241+0200][0,896s] GC(0) Pause Young (Normal) (G1 Evacuation Pause) 29M->3M(512M) 4,092ms
[2021-05-18T11:41:49.241+0200][0,896s] GC(0) User=0,02s Sys=0,00s Real=0,00s
[2021-05-18T11:41:50.078+0200][1,733s] GC(1) Pause Young (Normal) (G1 Evacuation Pause)
[2021-05-18T11:41:50.078+0200][1,733s] GC(1) Using 8 workers of 8 for evacuation
[2021-05-18T11:41:50.090+0200][1,745s] GC(1)   Pre Evacuate Collection Set: 0,2ms
[2021-05-18T11:41:50.090+0200][1,745s] GC(1)   Merge Heap Roots: 0,1ms
[2021-05-18T11:41:50.090+0200][1,745s] GC(1)   Evacuate Collection Set: 11,0ms
[2021-05-18T11:41:50.090+0200][1,745s] GC(1)   Post Evacuate Collection Set: 0,8ms
[2021-05-18T11:41:50.090+0200][1,745s] GC(1)   Other: 0,2ms
[2021-05-18T11:41:50.090+0200][1,745s] GC(1) Eden regions: 55->0(299)
[2021-05-18T11:41:50.090+0200][1,745s] GC(1) Survivor regions: 3->8(8)
[2021-05-18T11:41:50.090+0200][1,745s] GC(1) Old regions: 0->5
[2021-05-18T11:41:50.090+0200][1,745s] GC(1) Archive regions: 2->2
[2021-05-18T11:41:50.090+0200][1,745s] GC(1) Humongous regions: 4->4
[2021-05-18T11:41:50.090+0200][1,745s] GC(1) Metaspace: 15571K(16128K)->15571K(16128K) NonClass: 13720K(14080K)->13720K(14080K) Class: 1851K(2048K)->1851K(2048K)
[2021-05-18T11:41:50.090+0200][1,745s] GC(1) Pause Young (Normal) (G1 Evacuation Pause) 62M->17M(512M) 12,288ms
[2021-05-18T11:41:50.090+0200][1,745s] GC(1) User=0,08s Sys=0,01s Real=0,01s
[2021-05-18T11:41:50.593+0200][2,248s] GC(2) Pause Young (Concurrent Start) (Metadata GC Threshold)
[2021-05-18T11:41:50.593+0200][2,248s] GC(2) Using 8 workers of 8 for evacuation
[2021-05-18T11:41:50.604+0200][2,259s] GC(2)   Pre Evacuate Collection Set: 0,2ms
[2021-05-18T11:41:50.605+0200][2,259s] GC(2)   Merge Heap Roots: 0,1ms
[2021-05-18T11:41:50.605+0200][2,259s] GC(2)   Evacuate Collection Set: 8,7ms
[2021-05-18T11:41:50.605+0200][2,259s] GC(2)   Post Evacuate Collection Set: 2,3ms
[2021-05-18T11:41:50.605+0200][2,259s] GC(2)   Other: 0,3ms
[2021-05-18T11:41:50.605+0200][2,259s] GC(2) Eden regions: 55->0(181)
[2021-05-18T11:41:50.605+0200][2,259s] GC(2) Survivor regions: 8->15(39)
[2021-05-18T11:41:50.605+0200][2,259s] GC(2) Old regions: 5->5
[2021-05-18T11:41:50.605+0200][2,259s] GC(2) Archive regions: 2->2
[2021-05-18T11:41:50.605+0200][2,259s] GC(2) Humongous regions: 4->4
[2021-05-18T11:41:50.605+0200][2,260s] GC(2) Metaspace: 20464K(21296K)->20464K(21296K) NonClass: 18108K(18608K)->18108K(18608K) Class: 2356K(2688K)->2356K(2688K)
[2021-05-18T11:41:50.605+0200][2,260s] GC(2) Pause Young (Concurrent Start) (Metadata GC Threshold) 72M->24M(512M) 11,788ms
[2021-05-18T11:41:50.605+0200][2,260s] GC(2) User=0,08s Sys=0,00s Real=0,01s
[2021-05-18T11:41:50.605+0200][2,260s] GC(3) Concurrent Cycle
[2021-05-18T11:41:50.605+0200][2,260s] GC(3) Concurrent Clear Claimed Marks
[2021-05-18T11:41:50.605+0200][2,260s] GC(3) Concurrent Clear Claimed Marks 0,041ms
[2021-05-18T11:41:50.605+0200][2,260s] GC(3) Concurrent Scan Root Regions
[2021-05-18T11:41:50.612+0200][2,267s] GC(3) Concurrent Scan Root Regions 7,023ms
[2021-05-18T11:41:50.612+0200][2,267s] GC(3) Concurrent Mark (2,267s)
[2021-05-18T11:41:50.612+0200][2,267s] GC(3) Concurrent Mark From Roots
[2021-05-18T11:41:50.612+0200][2,267s] GC(3) Using 2 workers of 2 for marking
[2021-05-18T11:41:50.627+0200][2,282s] GC(3) Concurrent Mark From Roots 14,656ms
[2021-05-18T11:41:50.627+0200][2,282s] GC(3) Concurrent Preclean
[2021-05-18T11:41:50.627+0200][2,282s] GC(3) Concurrent Preclean 0,187ms
[2021-05-18T11:41:50.627+0200][2,282s] GC(3) Concurrent Mark (2,267s, 2,282s) 14,929ms
[2021-05-18T11:41:50.627+0200][2,282s] GC(3) Pause Remark
[2021-05-18T11:41:50.629+0200][2,284s] GC(3) Pause Remark 26M->26M(512M) 2,092ms
[2021-05-18T11:41:50.629+0200][2,284s] GC(3) User=0,02s Sys=0,00s Real=0,01s
[2021-05-18T11:41:50.629+0200][2,284s] GC(3) Concurrent Rebuild Remembered Sets
[2021-05-18T11:41:50.637+0200][2,292s] GC(3) Concurrent Rebuild Remembered Sets 7,373ms
[2021-05-18T11:41:50.637+0200][2,292s] GC(3) Pause Cleanup
[2021-05-18T11:41:50.638+0200][2,292s] GC(3) Pause Cleanup 26M->26M(512M) 0,183ms
[2021-05-18T11:41:50.638+0200][2,292s] GC(3) User=0,00s Sys=0,00s Real=0,00s
[2021-05-18T11:41:50.638+0200][2,293s] GC(3) Concurrent Cleanup for Next Mark
[2021-05-18T11:41:50.638+0200][2,293s] GC(3) Concurrent Cleanup for Next Mark 0,559ms
[2021-05-18T11:41:50.638+0200][2,293s] GC(3) Concurrent Cycle 33,434ms
[2021-05-18T11:41:52.338+0200][3,992s] GC(4) Pause Young (Concurrent Start) (G1 Evacuation Pause)
[2021-05-18T11:41:52.338+0200][3,992s] GC(4) Using 8 workers of 8 for evacuation
[2021-05-18T11:41:52.353+0200][4,008s] GC(4)   Pre Evacuate Collection Set: 0,2ms
[2021-05-18T11:41:52.353+0200][4,008s] GC(4)   Merge Heap Roots: 0,1ms
[2021-05-18T11:41:52.353+0200][4,008s] GC(4)   Evacuate Collection Set: 13,9ms
[2021-05-18T11:41:52.353+0200][4,008s] GC(4)   Post Evacuate Collection Set: 1,2ms
[2021-05-18T11:41:52.353+0200][4,008s] GC(4)   Other: 0,3ms
[2021-05-18T11:41:52.353+0200][4,008s] GC(4) Eden regions: 192->0(284)
[2021-05-18T11:41:52.353+0200][4,008s] GC(4) Survivor regions: 15->23(26)
[2021-05-18T11:41:52.353+0200][4,008s] GC(4) Old regions: 5->7
[2021-05-18T11:41:52.353+0200][4,008s] GC(4) Archive regions: 2->2
[2021-05-18T11:41:52.353+0200][4,008s] GC(4) Humongous regions: 7->5
[2021-05-18T11:41:52.353+0200][4,008s] GC(4) Metaspace: 35200K(36144K)->35200K(36144K) NonClass: 31058K(31664K)->31058K(31664K) Class: 4141K(4480K)->4141K(4480K)
[2021-05-18T11:41:52.353+0200][4,008s] GC(4) Pause Young (Concurrent Start) (G1 Evacuation Pause) 219M->34M(512M) 15,823ms
[2021-05-18T11:41:52.353+0200][4,008s] GC(4) User=0,11s Sys=0,01s Real=0,01s
[2021-05-18T11:41:52.353+0200][4,008s] GC(5) Concurrent Cycle
[2021-05-18T11:41:52.354+0200][4,008s] GC(5) Concurrent Clear Claimed Marks
[2021-05-18T11:41:52.354+0200][4,008s] GC(5) Concurrent Clear Claimed Marks 0,091ms
[2021-05-18T11:41:52.354+0200][4,008s] GC(5) Concurrent Scan Root Regions
[2021-05-18T11:41:52.362+0200][4,016s] GC(5) Concurrent Scan Root Regions 7,908ms
[2021-05-18T11:41:52.362+0200][4,016s] GC(5) Concurrent Mark (4,016s)
[2021-05-18T11:41:52.362+0200][4,016s] GC(5) Concurrent Mark From Roots
[2021-05-18T11:41:52.362+0200][4,016s] GC(5) Using 2 workers of 2 for marking
[2021-05-18T11:41:52.374+0200][4,029s] GC(5) Concurrent Mark From Roots 12,907ms
[2021-05-18T11:41:52.375+0200][4,029s] GC(5) Concurrent Preclean
[2021-05-18T11:41:52.375+0200][4,030s] GC(5) Concurrent Preclean 0,179ms
[2021-05-18T11:41:52.375+0200][4,030s] GC(5) Concurrent Mark (4,016s, 4,030s) 13,177ms
[2021-05-18T11:41:52.375+0200][4,030s] GC(5) Pause Remark
[2021-05-18T11:41:52.378+0200][4,033s] GC(5) Pause Remark 43M->43M(512M) 3,437ms
[2021-05-18T11:41:52.378+0200][4,033s] GC(5) User=0,02s Sys=0,00s Real=0,01s
[2021-05-18T11:41:52.379+0200][4,033s] GC(5) Concurrent Rebuild Remembered Sets
[2021-05-18T11:41:52.395+0200][4,050s] GC(5) Concurrent Rebuild Remembered Sets 16,357ms
[2021-05-18T11:41:52.395+0200][4,050s] GC(5) Pause Cleanup
[2021-05-18T11:41:52.396+0200][4,050s] GC(5) Pause Cleanup 70M->70M(512M) 0,188ms
[2021-05-18T11:41:52.396+0200][4,050s] GC(5) User=0,00s Sys=0,00s Real=0,00s
[2021-05-18T11:41:52.396+0200][4,051s] GC(5) Concurrent Cleanup for Next Mark
[2021-05-18T11:41:52.397+0200][4,052s] GC(5) Concurrent Cleanup for Next Mark 0,986ms
[2021-05-18T11:41:52.397+0200][4,052s] GC(5) Concurrent Cycle 43,264ms
[2021-05-18T11:41:53.419+0200][5,074s] GC(6) Pause Young (Concurrent Start) (G1 Evacuation Pause)
[2021-05-18T11:41:53.419+0200][5,074s] GC(6) Using 8 workers of 8 for evacuation
[2021-05-18T11:41:53.436+0200][5,091s] GC(6)   Pre Evacuate Collection Set: 0,2ms
[2021-05-18T11:41:53.436+0200][5,091s] GC(6)   Merge Heap Roots: 0,1ms
[2021-05-18T11:41:53.436+0200][5,091s] GC(6)   Evacuate Collection Set: 15,1ms
[2021-05-18T11:41:53.436+0200][5,091s] GC(6)   Post Evacuate Collection Set: 1,1ms
[2021-05-18T11:41:53.436+0200][5,091s] GC(6)   Other: 0,3ms
[2021-05-18T11:41:53.436+0200][5,091s] GC(6) Eden regions: 284->0(281)
[2021-05-18T11:41:53.436+0200][5,091s] GC(6) Survivor regions: 23->26(39)
[2021-05-18T11:41:53.436+0200][5,091s] GC(6) Old regions: 7->13
[2021-05-18T11:41:53.436+0200][5,091s] GC(6) Archive regions: 2->2
[2021-05-18T11:41:53.436+0200][5,091s] GC(6) Humongous regions: 5->5
[2021-05-18T11:41:53.436+0200][5,091s] GC(6) Metaspace: 45593K(46844K)->45593K(46844K) NonClass: 40118K(40828K)->40118K(40828K) Class: 5474K(6016K)->5474K(6016K)
[2021-05-18T11:41:53.436+0200][5,091s] GC(6) Pause Young (Concurrent Start) (G1 Evacuation Pause) 318M->43M(512M) 16,957ms
[2021-05-18T11:41:53.436+0200][5,091s] GC(6) User=0,13s Sys=0,00s Real=0,01s
[2021-05-18T11:41:53.436+0200][5,091s] GC(7) Concurrent Cycle
[2021-05-18T11:41:53.436+0200][5,091s] GC(7) Concurrent Clear Claimed Marks
[2021-05-18T11:41:53.436+0200][5,091s] GC(7) Concurrent Clear Claimed Marks 0,141ms
[2021-05-18T11:41:53.436+0200][5,091s] GC(7) Concurrent Scan Root Regions
[2021-05-18T11:41:53.450+0200][5,105s] GC(7) Concurrent Scan Root Regions 13,879ms
[2021-05-18T11:41:53.450+0200][5,105s] GC(7) Concurrent Mark (5,105s)
[2021-05-18T11:41:53.450+0200][5,105s] GC(7) Concurrent Mark From Roots
[2021-05-18T11:41:53.450+0200][5,105s] GC(7) Using 2 workers of 2 for marking
[2021-05-18T11:41:53.473+0200][5,128s] GC(7) Concurrent Mark From Roots 22,723ms
[2021-05-18T11:41:53.473+0200][5,128s] GC(7) Concurrent Preclean
[2021-05-18T11:41:53.473+0200][5,128s] GC(7) Concurrent Preclean 0,203ms
[2021-05-18T11:41:53.473+0200][5,128s] GC(7) Concurrent Mark (5,105s, 5,128s) 22,994ms
[2021-05-18T11:41:53.473+0200][5,128s] GC(7) Pause Remark
[2021-05-18T11:41:53.477+0200][5,132s] GC(7) Pause Remark 65M->65M(512M) 3,757ms
[2021-05-18T11:41:53.477+0200][5,132s] GC(7) User=0,02s Sys=0,00s Real=0,01s
[2021-05-18T11:41:53.477+0200][5,132s] GC(7) Concurrent Rebuild Remembered Sets
[2021-05-18T11:41:53.493+0200][5,148s] GC(7) Concurrent Rebuild Remembered Sets 15,930ms
[2021-05-18T11:41:53.494+0200][5,149s] GC(7) Pause Cleanup
[2021-05-18T11:41:53.494+0200][5,149s] GC(7) Pause Cleanup 76M->76M(512M) 0,177ms
[2021-05-18T11:41:53.494+0200][5,149s] GC(7) User=0,00s Sys=0,00s Real=0,00s
[2021-05-18T11:41:53.494+0200][5,149s] GC(7) Concurrent Cleanup for Next Mark
[2021-05-18T11:41:53.495+0200][5,150s] GC(7) Concurrent Cleanup for Next Mark 0,942ms
[2021-05-18T11:41:53.495+0200][5,150s] GC(7) Concurrent Cycle 58,901ms
[2021-05-18T11:45:16.217+0200][207,871s] Heap
[2021-05-18T11:45:16.217+0200][207,872s]  garbage-first heap   total 524288K, used 258620K [0x00000000e0000000, 0x0000000100000000)
[2021-05-18T11:45:16.217+0200][207,872s]   region size 1024K, 234 young (239616K), 26 survivors (26624K)
[2021-05-18T11:45:16.217+0200][207,872s]  Metaspace       used 50292K, capacity 51575K, committed 51708K, reserved 1095680K
[2021-05-18T11:45:16.217+0200][207,872s]   class space    used 5991K, capacity 6492K, committed 6528K, reserved 1048576K
