[2021-05-18T11:45:20.096+0200][0.010s] Heap region size: 1M
[2021-05-18T11:45:20.096+0200][0.011s] Heap address: 0x00000000e0000000, size: 512 MB, Compressed Oops mode: 32-bit
[2021-05-18T11:45:20.422+0200][0.337s] Using G1
[2021-05-18T11:45:20.422+0200][0.337s] Mark closed archive regions in map: [0x00000000fff00000, 0x00000000fff7eff8]
[2021-05-18T11:45:20.422+0200][0.337s] Mark open archive regions in map: [0x00000000ffe00000, 0x00000000ffe51ff8]
[2021-05-18T11:45:20.438+0200][0,352s] Periodic GC disabled
[2021-05-18T11:45:20.961+0200][0,876s] GC(0) Pause Young (Normal) (G1 Evacuation Pause)
[2021-05-18T11:45:20.962+0200][0,877s] GC(0) Using 8 workers of 8 for evacuation
[2021-05-18T11:45:20.965+0200][0,880s] GC(0)   Pre Evacuate Collection Set: 0,1ms
[2021-05-18T11:45:20.965+0200][0,880s] GC(0)   Merge Heap Roots: 0,1ms
[2021-05-18T11:45:20.965+0200][0,880s] GC(0)   Evacuate Collection Set: 1,9ms
[2021-05-18T11:45:20.965+0200][0,880s] GC(0)   Post Evacuate Collection Set: 0,4ms
[2021-05-18T11:45:20.965+0200][0,880s] GC(0)   Other: 1,4ms
[2021-05-18T11:45:20.965+0200][0,880s] GC(0) Eden regions: 29->0(56)
[2021-05-18T11:45:20.965+0200][0,880s] GC(0) Survivor regions: 0->3(4)
[2021-05-18T11:45:20.965+0200][0,880s] GC(0) Old regions: 0->0
[2021-05-18T11:45:20.965+0200][0,880s] GC(0) Archive regions: 2->2
[2021-05-18T11:45:20.965+0200][0,880s] GC(0) Humongous regions: 0->0
[2021-05-18T11:45:20.965+0200][0,880s] GC(0) Metaspace: 5727K(7552K)->5727K(7552K) NonClass: 5053K(6656K)->5053K(6656K) Class: 674K(896K)->674K(896K)
[2021-05-18T11:45:20.965+0200][0,880s] GC(0) Pause Young (Normal) (G1 Evacuation Pause) 29M->3M(512M) 4,019ms
[2021-05-18T11:45:20.965+0200][0,880s] GC(0) User=0,01s Sys=0,00s Real=0,00s
[2021-05-18T11:45:21.759+0200][1,674s] GC(1) Pause Young (Normal) (G1 Evacuation Pause)
[2021-05-18T11:45:21.759+0200][1,674s] GC(1) Using 8 workers of 8 for evacuation
[2021-05-18T11:45:21.772+0200][1,687s] GC(1)   Pre Evacuate Collection Set: 0,1ms
[2021-05-18T11:45:21.772+0200][1,687s] GC(1)   Merge Heap Roots: 0,1ms
[2021-05-18T11:45:21.772+0200][1,687s] GC(1)   Evacuate Collection Set: 11,0ms
[2021-05-18T11:45:21.772+0200][1,687s] GC(1)   Post Evacuate Collection Set: 0,9ms
[2021-05-18T11:45:21.772+0200][1,687s] GC(1)   Other: 0,1ms
[2021-05-18T11:45:21.772+0200][1,687s] GC(1) Eden regions: 55->0(299)
[2021-05-18T11:45:21.772+0200][1,687s] GC(1) Survivor regions: 3->8(8)
[2021-05-18T11:45:21.772+0200][1,687s] GC(1) Old regions: 0->4
[2021-05-18T11:45:21.772+0200][1,687s] GC(1) Archive regions: 2->2
[2021-05-18T11:45:21.772+0200][1,687s] GC(1) Humongous regions: 4->4
[2021-05-18T11:45:21.772+0200][1,687s] GC(1) Metaspace: 15484K(16128K)->15484K(16128K) NonClass: 13636K(14080K)->13636K(14080K) Class: 1848K(2048K)->1848K(2048K)
[2021-05-18T11:45:21.772+0200][1,687s] GC(1) Pause Young (Normal) (G1 Evacuation Pause) 62M->16M(512M) 12,430ms
[2021-05-18T11:45:21.772+0200][1,687s] GC(1) User=0,08s Sys=0,00s Real=0,01s
[2021-05-18T11:45:22.316+0200][2,231s] GC(2) Pause Young (Concurrent Start) (Metadata GC Threshold)
[2021-05-18T11:45:22.316+0200][2,231s] GC(2) Using 8 workers of 8 for evacuation
[2021-05-18T11:45:22.326+0200][2,241s] GC(2)   Pre Evacuate Collection Set: 0,2ms
[2021-05-18T11:45:22.326+0200][2,241s] GC(2)   Merge Heap Roots: 0,1ms
[2021-05-18T11:45:22.326+0200][2,241s] GC(2)   Evacuate Collection Set: 8,7ms
[2021-05-18T11:45:22.326+0200][2,241s] GC(2)   Post Evacuate Collection Set: 1,1ms
[2021-05-18T11:45:22.326+0200][2,241s] GC(2)   Other: 0,3ms
[2021-05-18T11:45:22.326+0200][2,241s] GC(2) Eden regions: 59->0(245)
[2021-05-18T11:45:22.326+0200][2,241s] GC(2) Survivor regions: 8->16(39)
[2021-05-18T11:45:22.326+0200][2,241s] GC(2) Old regions: 4->4
[2021-05-18T11:45:22.326+0200][2,241s] GC(2) Archive regions: 2->2
[2021-05-18T11:45:22.327+0200][2,241s] GC(2) Humongous regions: 4->4
[2021-05-18T11:45:22.327+0200][2,241s] GC(2) Metaspace: 20508K(21296K)->20508K(21296K) NonClass: 18144K(18608K)->18144K(18608K) Class: 2364K(2688K)->2364K(2688K)
[2021-05-18T11:45:22.327+0200][2,241s] GC(2) Pause Young (Concurrent Start) (Metadata GC Threshold) 75M->23M(512M) 10,362ms
[2021-05-18T11:45:22.327+0200][2,241s] GC(2) User=0,08s Sys=0,00s Real=0,01s
[2021-05-18T11:45:22.327+0200][2,241s] GC(3) Concurrent Cycle
[2021-05-18T11:45:22.327+0200][2,242s] GC(3) Concurrent Clear Claimed Marks
[2021-05-18T11:45:22.327+0200][2,242s] GC(3) Concurrent Clear Claimed Marks 0,046ms
[2021-05-18T11:45:22.327+0200][2,242s] GC(3) Concurrent Scan Root Regions
[2021-05-18T11:45:22.332+0200][2,247s] GC(3) Concurrent Scan Root Regions 5,406ms
[2021-05-18T11:45:22.332+0200][2,247s] GC(3) Concurrent Mark (2,247s)
[2021-05-18T11:45:22.332+0200][2,247s] GC(3) Concurrent Mark From Roots
[2021-05-18T11:45:22.332+0200][2,247s] GC(3) Using 2 workers of 2 for marking
[2021-05-18T11:45:22.343+0200][2,258s] GC(3) Concurrent Mark From Roots 11,079ms
[2021-05-18T11:45:22.343+0200][2,258s] GC(3) Concurrent Preclean
[2021-05-18T11:45:22.343+0200][2,258s] GC(3) Concurrent Preclean 0,151ms
[2021-05-18T11:45:22.343+0200][2,258s] GC(3) Concurrent Mark (2,247s, 2,258s) 11,287ms
[2021-05-18T11:45:22.344+0200][2,259s] GC(3) Pause Remark
[2021-05-18T11:45:22.346+0200][2,261s] GC(3) Pause Remark 25M->25M(512M) 2,371ms
[2021-05-18T11:45:22.346+0200][2,261s] GC(3) User=0,02s Sys=0,00s Real=0,00s
[2021-05-18T11:45:22.346+0200][2,261s] GC(3) Concurrent Rebuild Remembered Sets
[2021-05-18T11:45:22.352+0200][2,267s] GC(3) Concurrent Rebuild Remembered Sets 5,914ms
[2021-05-18T11:45:22.353+0200][2,268s] GC(3) Pause Cleanup
[2021-05-18T11:45:22.353+0200][2,268s] GC(3) Pause Cleanup 25M->25M(512M) 0,194ms
[2021-05-18T11:45:22.353+0200][2,268s] GC(3) User=0,00s Sys=0,00s Real=0,00s
[2021-05-18T11:45:22.353+0200][2,268s] GC(3) Concurrent Cleanup for Next Mark
[2021-05-18T11:45:22.354+0200][2,269s] GC(3) Concurrent Cleanup for Next Mark 0,678ms
[2021-05-18T11:45:22.354+0200][2,269s] GC(3) Concurrent Cycle 27,255ms
[2021-05-18T11:45:23.972+0200][3,887s] GC(4) Pause Young (Concurrent Start) (Metadata GC Threshold)
[2021-05-18T11:45:23.972+0200][3,887s] GC(4) Using 8 workers of 8 for evacuation
[2021-05-18T11:45:23.990+0200][3,905s] GC(4)   Pre Evacuate Collection Set: 0,2ms
[2021-05-18T11:45:23.990+0200][3,905s] GC(4)   Merge Heap Roots: 0,1ms
[2021-05-18T11:45:23.990+0200][3,905s] GC(4)   Evacuate Collection Set: 16,2ms
[2021-05-18T11:45:23.990+0200][3,905s] GC(4)   Post Evacuate Collection Set: 1,1ms
[2021-05-18T11:45:23.990+0200][3,905s] GC(4)   Other: 0,2ms
[2021-05-18T11:45:23.990+0200][3,905s] GC(4) Eden regions: 174->0(283)
[2021-05-18T11:45:23.990+0200][3,905s] GC(4) Survivor regions: 16->24(36)
[2021-05-18T11:45:23.990+0200][3,905s] GC(4) Old regions: 4->4
[2021-05-18T11:45:23.990+0200][3,905s] GC(4) Archive regions: 2->2
[2021-05-18T11:45:23.990+0200][3,905s] GC(4) Humongous regions: 6->5
[2021-05-18T11:45:23.990+0200][3,905s] GC(4) Metaspace: 34946K(35888K)->34946K(35888K) NonClass: 30821K(31408K)->30821K(31408K) Class: 4125K(4480K)->4125K(4480K)
[2021-05-18T11:45:23.990+0200][3,905s] GC(4) Pause Young (Concurrent Start) (Metadata GC Threshold) 199M->33M(512M) 17,934ms
[2021-05-18T11:45:23.990+0200][3,905s] GC(4) User=0,13s Sys=0,01s Real=0,02s
[2021-05-18T11:45:23.990+0200][3,905s] GC(5) Concurrent Cycle
[2021-05-18T11:45:23.990+0200][3,905s] GC(5) Concurrent Clear Claimed Marks
[2021-05-18T11:45:23.990+0200][3,905s] GC(5) Concurrent Clear Claimed Marks 0,071ms
[2021-05-18T11:45:23.990+0200][3,905s] GC(5) Concurrent Scan Root Regions
[2021-05-18T11:45:23.999+0200][3,914s] GC(5) Concurrent Scan Root Regions 8,605ms
[2021-05-18T11:45:23.999+0200][3,914s] GC(5) Concurrent Mark (3,914s)
[2021-05-18T11:45:23.999+0200][3,914s] GC(5) Concurrent Mark From Roots
[2021-05-18T11:45:23.999+0200][3,914s] GC(5) Using 2 workers of 2 for marking
[2021-05-18T11:45:24.011+0200][3,925s] GC(5) Concurrent Mark From Roots 11,637ms
[2021-05-18T11:45:24.011+0200][3,925s] GC(5) Concurrent Preclean
[2021-05-18T11:45:24.011+0200][3,926s] GC(5) Concurrent Preclean 0,174ms
[2021-05-18T11:45:24.011+0200][3,926s] GC(5) Concurrent Mark (3,914s, 3,926s) 11,894ms
[2021-05-18T11:45:24.011+0200][3,926s] GC(5) Pause Remark
[2021-05-18T11:45:24.013+0200][3,928s] GC(5) Pause Remark 46M->46M(512M) 2,254ms
[2021-05-18T11:45:24.013+0200][3,928s] GC(5) User=0,01s Sys=0,00s Real=0,00s
[2021-05-18T11:45:24.013+0200][3,928s] GC(5) Concurrent Rebuild Remembered Sets
[2021-05-18T11:45:24.023+0200][3,938s] GC(5) Concurrent Rebuild Remembered Sets 10,067ms
[2021-05-18T11:45:24.024+0200][3,939s] GC(5) Pause Cleanup
[2021-05-18T11:45:24.024+0200][3,939s] GC(5) Pause Cleanup 50M->50M(512M) 0,169ms
[2021-05-18T11:45:24.024+0200][3,939s] GC(5) User=0,00s Sys=0,00s Real=0,00s
[2021-05-18T11:45:24.024+0200][3,939s] GC(5) Concurrent Cleanup for Next Mark
[2021-05-18T11:45:24.025+0200][3,940s] GC(5) Concurrent Cleanup for Next Mark 0,924ms
[2021-05-18T11:45:24.025+0200][3,940s] GC(5) Concurrent Cycle 35,012ms
[2021-05-18T11:45:25.007+0200][4,922s] GC(6) Pause Young (Normal) (G1 Evacuation Pause)
[2021-05-18T11:45:25.007+0200][4,922s] GC(6) Using 8 workers of 8 for evacuation
[2021-05-18T11:45:25.025+0200][4,940s] GC(6)   Pre Evacuate Collection Set: 0,1ms
[2021-05-18T11:45:25.025+0200][4,940s] GC(6)   Merge Heap Roots: 0,1ms
[2021-05-18T11:45:25.025+0200][4,940s] GC(6)   Evacuate Collection Set: 16,7ms
[2021-05-18T11:45:25.025+0200][4,940s] GC(6)   Post Evacuate Collection Set: 1,2ms
[2021-05-18T11:45:25.025+0200][4,940s] GC(6)   Other: 0,2ms
[2021-05-18T11:45:25.025+0200][4,940s] GC(6) Eden regions: 283->0(282)
[2021-05-18T11:45:25.025+0200][4,940s] GC(6) Survivor regions: 24->25(39)
[2021-05-18T11:45:25.025+0200][4,940s] GC(6) Old regions: 4->12
[2021-05-18T11:45:25.025+0200][4,940s] GC(6) Archive regions: 2->2
[2021-05-18T11:45:25.025+0200][4,940s] GC(6) Humongous regions: 5->5
[2021-05-18T11:45:25.025+0200][4,940s] GC(6) Metaspace: 45458K(46896K)->45458K(46896K) NonClass: 39993K(40880K)->39993K(40880K) Class: 5465K(6016K)->5465K(6016K)
[2021-05-18T11:45:25.026+0200][4,940s] GC(6) Pause Young (Normal) (G1 Evacuation Pause) 316M->41M(512M) 18,381ms
[2021-05-18T11:45:25.026+0200][4,940s] GC(6) User=0,14s Sys=0,00s Real=0,02s
[2021-05-18T11:49:41.840+0200][261,755s] Heap
[2021-05-18T11:49:41.840+0200][261,755s]  garbage-first heap   total 524288K, used 285582K [0x00000000e0000000, 0x0000000100000000)
[2021-05-18T11:49:41.840+0200][261,755s]   region size 1024K, 261 young (267264K), 25 survivors (25600K)
[2021-05-18T11:49:41.840+0200][261,755s]  Metaspace       used 54248K, capacity 55533K, committed 55856K, reserved 1097728K
[2021-05-18T11:49:41.840+0200][261,755s]   class space    used 6464K, capacity 6934K, committed 7040K, reserved 1048576K
