[2021-05-18T11:16:39.647+0200][0.011s] Heap region size: 1M
[2021-05-18T11:16:39.647+0200][0.011s] Heap address: 0x00000000e0000000, size: 512 MB, Compressed Oops mode: 32-bit
[2021-05-18T11:16:39.970+0200][0.334s] Using G1
[2021-05-18T11:16:39.970+0200][0.334s] Mark closed archive regions in map: [0x00000000fff00000, 0x00000000fff7eff8]
[2021-05-18T11:16:39.970+0200][0.334s] Mark open archive regions in map: [0x00000000ffe00000, 0x00000000ffe51ff8]
[2021-05-18T11:16:39.986+0200][0,350s] Periodic GC disabled
[2021-05-18T11:16:40.509+0200][0,873s] GC(0) Pause Young (Normal) (G1 Evacuation Pause)
[2021-05-18T11:16:40.510+0200][0,874s] GC(0) Using 8 workers of 8 for evacuation
[2021-05-18T11:16:40.512+0200][0,876s] GC(0)   Pre Evacuate Collection Set: 0,1ms
[2021-05-18T11:16:40.512+0200][0,876s] GC(0)   Merge Heap Roots: 0,0ms
[2021-05-18T11:16:40.512+0200][0,876s] GC(0)   Evacuate Collection Set: 1,8ms
[2021-05-18T11:16:40.512+0200][0,876s] GC(0)   Post Evacuate Collection Set: 0,4ms
[2021-05-18T11:16:40.512+0200][0,876s] GC(0)   Other: 1,2ms
[2021-05-18T11:16:40.512+0200][0,876s] GC(0) Eden regions: 29->0(57)
[2021-05-18T11:16:40.512+0200][0,876s] GC(0) Survivor regions: 0->3(4)
[2021-05-18T11:16:40.512+0200][0,876s] GC(0) Old regions: 0->0
[2021-05-18T11:16:40.512+0200][0,876s] GC(0) Archive regions: 2->2
[2021-05-18T11:16:40.512+0200][0,876s] GC(0) Humongous regions: 0->0
[2021-05-18T11:16:40.512+0200][0,876s] GC(0) Metaspace: 5824K(7808K)->5824K(7808K) NonClass: 5133K(6912K)->5133K(6912K) Class: 690K(896K)->690K(896K)
[2021-05-18T11:16:40.512+0200][0,876s] GC(0) Pause Young (Normal) (G1 Evacuation Pause) 29M->3M(512M) 3,634ms
[2021-05-18T11:16:40.512+0200][0,876s] GC(0) User=0,02s Sys=0,00s Real=0,00s
[2021-05-18T11:16:41.462+0200][1,826s] GC(1) Pause Young (Normal) (G1 Evacuation Pause)
[2021-05-18T11:16:41.462+0200][1,826s] GC(1) Using 8 workers of 8 for evacuation
[2021-05-18T11:16:41.473+0200][1,837s] GC(1)   Pre Evacuate Collection Set: 0,1ms
[2021-05-18T11:16:41.473+0200][1,837s] GC(1)   Merge Heap Roots: 0,1ms
[2021-05-18T11:16:41.473+0200][1,837s] GC(1)   Evacuate Collection Set: 9,9ms
[2021-05-18T11:16:41.473+0200][1,837s] GC(1)   Post Evacuate Collection Set: 0,8ms
[2021-05-18T11:16:41.473+0200][1,837s] GC(1)   Other: 0,1ms
[2021-05-18T11:16:41.473+0200][1,837s] GC(1) Eden regions: 55->0(299)
[2021-05-18T11:16:41.473+0200][1,837s] GC(1) Survivor regions: 3->8(8)
[2021-05-18T11:16:41.473+0200][1,837s] GC(1) Old regions: 0->5
[2021-05-18T11:16:41.473+0200][1,837s] GC(1) Archive regions: 2->2
[2021-05-18T11:16:41.473+0200][1,837s] GC(1) Humongous regions: 4->4
[2021-05-18T11:16:41.473+0200][1,837s] GC(1) Metaspace: 15558K(16384K)->15558K(16384K) NonClass: 13706K(14336K)->13706K(14336K) Class: 1851K(2048K)->1851K(2048K)
[2021-05-18T11:16:41.474+0200][1,837s] GC(1) Pause Young (Normal) (G1 Evacuation Pause) 62M->16M(512M) 11,268ms
[2021-05-18T11:16:41.474+0200][1,837s] GC(1) User=0,08s Sys=0,00s Real=0,01s
[2021-05-18T11:16:41.981+0200][2,345s] GC(2) Pause Young (Concurrent Start) (Metadata GC Threshold)
[2021-05-18T11:16:41.981+0200][2,345s] GC(2) Using 8 workers of 8 for evacuation
[2021-05-18T11:16:41.991+0200][2,355s] GC(2)   Pre Evacuate Collection Set: 0,2ms
[2021-05-18T11:16:41.991+0200][2,355s] GC(2)   Merge Heap Roots: 0,1ms
[2021-05-18T11:16:41.991+0200][2,355s] GC(2)   Evacuate Collection Set: 8,9ms
[2021-05-18T11:16:41.991+0200][2,355s] GC(2)   Post Evacuate Collection Set: 0,8ms
[2021-05-18T11:16:41.991+0200][2,355s] GC(2)   Other: 0,2ms
[2021-05-18T11:16:41.991+0200][2,355s] GC(2) Eden regions: 54->0(183)
[2021-05-18T11:16:41.991+0200][2,355s] GC(2) Survivor regions: 8->16(39)
[2021-05-18T11:16:41.991+0200][2,355s] GC(2) Old regions: 5->5
[2021-05-18T11:16:41.991+0200][2,355s] GC(2) Archive regions: 2->2
[2021-05-18T11:16:41.991+0200][2,355s] GC(2) Humongous regions: 4->4
[2021-05-18T11:16:41.991+0200][2,355s] GC(2) Metaspace: 20414K(21296K)->20414K(21296K) NonClass: 18058K(18608K)->18058K(18608K) Class: 2356K(2688K)->2356K(2688K)
[2021-05-18T11:16:41.991+0200][2,355s] GC(2) Pause Young (Concurrent Start) (Metadata GC Threshold) 70M->24M(512M) 10,403ms
[2021-05-18T11:16:41.991+0200][2,355s] GC(2) User=0,07s Sys=0,00s Real=0,01s
[2021-05-18T11:16:41.991+0200][2,355s] GC(3) Concurrent Cycle
[2021-05-18T11:16:41.991+0200][2,355s] GC(3) Concurrent Clear Claimed Marks
[2021-05-18T11:16:41.991+0200][2,355s] GC(3) Concurrent Clear Claimed Marks 0,041ms
[2021-05-18T11:16:41.991+0200][2,355s] GC(3) Concurrent Scan Root Regions
[2021-05-18T11:16:41.998+0200][2,362s] GC(3) Concurrent Scan Root Regions 6,495ms
[2021-05-18T11:16:41.998+0200][2,362s] GC(3) Concurrent Mark (2,362s)
[2021-05-18T11:16:41.998+0200][2,362s] GC(3) Concurrent Mark From Roots
[2021-05-18T11:16:41.998+0200][2,362s] GC(3) Using 2 workers of 2 for marking
[2021-05-18T11:16:42.011+0200][2,375s] GC(3) Concurrent Mark From Roots 12,922ms
[2021-05-18T11:16:42.011+0200][2,375s] GC(3) Concurrent Preclean
[2021-05-18T11:16:42.011+0200][2,375s] GC(3) Concurrent Preclean 0,152ms
[2021-05-18T11:16:42.011+0200][2,375s] GC(3) Concurrent Mark (2,362s, 2,375s) 13,132ms
[2021-05-18T11:16:42.011+0200][2,375s] GC(3) Pause Remark
[2021-05-18T11:16:42.013+0200][2,377s] GC(3) Pause Remark 26M->26M(512M) 1,574ms
[2021-05-18T11:16:42.013+0200][2,377s] GC(3) User=0,02s Sys=0,00s Real=0,00s
[2021-05-18T11:16:42.013+0200][2,377s] GC(3) Concurrent Rebuild Remembered Sets
[2021-05-18T11:16:42.020+0200][2,384s] GC(3) Concurrent Rebuild Remembered Sets 7,276ms
[2021-05-18T11:16:42.021+0200][2,385s] GC(3) Pause Cleanup
[2021-05-18T11:16:42.021+0200][2,385s] GC(3) Pause Cleanup 26M->26M(512M) 0,194ms
[2021-05-18T11:16:42.021+0200][2,385s] GC(3) User=0,00s Sys=0,00s Real=0,00s
[2021-05-18T11:16:42.021+0200][2,385s] GC(3) Concurrent Cleanup for Next Mark
[2021-05-18T11:16:42.022+0200][2,386s] GC(3) Concurrent Cleanup for Next Mark 0,514ms
[2021-05-18T11:16:42.022+0200][2,386s] GC(3) Concurrent Cycle 30,386ms
[2021-05-18T11:16:43.760+0200][4,124s] GC(4) Pause Young (Concurrent Start) (G1 Evacuation Pause)
[2021-05-18T11:16:43.760+0200][4,124s] GC(4) Using 8 workers of 8 for evacuation
[2021-05-18T11:16:43.777+0200][4,141s] GC(4)   Pre Evacuate Collection Set: 0,2ms
[2021-05-18T11:16:43.777+0200][4,141s] GC(4)   Merge Heap Roots: 0,1ms
[2021-05-18T11:16:43.777+0200][4,141s] GC(4)   Evacuate Collection Set: 15,2ms
[2021-05-18T11:16:43.777+0200][4,141s] GC(4)   Post Evacuate Collection Set: 1,3ms
[2021-05-18T11:16:43.778+0200][4,141s] GC(4)   Other: 0,3ms
[2021-05-18T11:16:43.778+0200][4,141s] GC(4) Eden regions: 188->0(283)
[2021-05-18T11:16:43.778+0200][4,141s] GC(4) Survivor regions: 16->24(26)
[2021-05-18T11:16:43.778+0200][4,141s] GC(4) Old regions: 5->6
[2021-05-18T11:16:43.778+0200][4,141s] GC(4) Archive regions: 2->2
[2021-05-18T11:16:43.778+0200][4,141s] GC(4) Humongous regions: 7->5
[2021-05-18T11:16:43.778+0200][4,141s] GC(4) Metaspace: 35016K(36144K)->35016K(36144K) NonClass: 30889K(31664K)->30889K(31664K) Class: 4126K(4480K)->4126K(4480K)
[2021-05-18T11:16:43.778+0200][4,141s] GC(4) Pause Young (Concurrent Start) (G1 Evacuation Pause) 215M->34M(512M) 17,192ms
[2021-05-18T11:16:43.778+0200][4,141s] GC(4) User=0,13s Sys=0,00s Real=0,02s
[2021-05-18T11:16:43.778+0200][4,142s] GC(5) Concurrent Cycle
[2021-05-18T11:16:43.778+0200][4,142s] GC(5) Concurrent Clear Claimed Marks
[2021-05-18T11:16:43.778+0200][4,142s] GC(5) Concurrent Clear Claimed Marks 0,104ms
[2021-05-18T11:16:43.778+0200][4,142s] GC(5) Concurrent Scan Root Regions
[2021-05-18T11:16:43.788+0200][4,152s] GC(5) Concurrent Scan Root Regions 10,401ms
[2021-05-18T11:16:43.788+0200][4,152s] GC(5) Concurrent Mark (4,152s)
[2021-05-18T11:16:43.788+0200][4,152s] GC(5) Concurrent Mark From Roots
[2021-05-18T11:16:43.788+0200][4,152s] GC(5) Using 2 workers of 2 for marking
[2021-05-18T11:16:43.803+0200][4,167s] GC(5) Concurrent Mark From Roots 14,478ms
[2021-05-18T11:16:43.803+0200][4,167s] GC(5) Concurrent Preclean
[2021-05-18T11:16:43.803+0200][4,167s] GC(5) Concurrent Preclean 0,177ms
[2021-05-18T11:16:43.803+0200][4,167s] GC(5) Concurrent Mark (4,152s, 4,167s) 14,742ms
[2021-05-18T11:16:43.803+0200][4,167s] GC(5) Pause Remark
[2021-05-18T11:16:43.807+0200][4,171s] GC(5) Pause Remark 45M->45M(512M) 3,710ms
[2021-05-18T11:16:43.807+0200][4,171s] GC(5) User=0,01s Sys=0,01s Real=0,00s
[2021-05-18T11:16:43.807+0200][4,171s] GC(5) Concurrent Rebuild Remembered Sets
[2021-05-18T11:16:43.815+0200][4,179s] GC(5) Concurrent Rebuild Remembered Sets 8,335ms
[2021-05-18T11:16:43.816+0200][4,180s] GC(5) Pause Cleanup
[2021-05-18T11:16:43.816+0200][4,180s] GC(5) Pause Cleanup 48M->48M(512M) 0,185ms
[2021-05-18T11:16:43.816+0200][4,180s] GC(5) User=0,00s Sys=0,00s Real=0,00s
[2021-05-18T11:16:43.816+0200][4,180s] GC(5) Concurrent Cleanup for Next Mark
[2021-05-18T11:16:43.817+0200][4,181s] GC(5) Concurrent Cleanup for Next Mark 0,628ms
[2021-05-18T11:16:43.817+0200][4,181s] GC(5) Concurrent Cycle 39,172ms
[2021-05-18T11:16:44.857+0200][5,221s] GC(6) Pause Young (Normal) (G1 Evacuation Pause)
[2021-05-18T11:16:44.857+0200][5,221s] GC(6) Using 8 workers of 8 for evacuation
[2021-05-18T11:16:44.876+0200][5,240s] GC(6)   Pre Evacuate Collection Set: 0,1ms
[2021-05-18T11:16:44.876+0200][5,240s] GC(6)   Merge Heap Roots: 0,1ms
[2021-05-18T11:16:44.876+0200][5,240s] GC(6)   Evacuate Collection Set: 16,9ms
[2021-05-18T11:16:44.876+0200][5,240s] GC(6)   Post Evacuate Collection Set: 1,2ms
[2021-05-18T11:16:44.876+0200][5,240s] GC(6)   Other: 0,2ms
[2021-05-18T11:16:44.876+0200][5,240s] GC(6) Eden regions: 283->0(281)
[2021-05-18T11:16:44.876+0200][5,240s] GC(6) Survivor regions: 24->26(39)
[2021-05-18T11:16:44.876+0200][5,240s] GC(6) Old regions: 6->13
[2021-05-18T11:16:44.876+0200][5,240s] GC(6) Archive regions: 2->2
[2021-05-18T11:16:44.876+0200][5,240s] GC(6) Humongous regions: 5->5
[2021-05-18T11:16:44.876+0200][5,240s] GC(6) Metaspace: 45683K(47100K)->45683K(47100K) NonClass: 40208K(41084K)->40208K(41084K) Class: 5474K(6016K)->5474K(6016K)
[2021-05-18T11:16:44.876+0200][5,240s] GC(6) Pause Young (Normal) (G1 Evacuation Pause) 317M->43M(512M) 18,618ms
[2021-05-18T11:16:44.876+0200][5,240s] GC(6) User=0,12s Sys=0,00s Real=0,01s
[2021-05-18T11:25:18.356+0200][518,720s] Heap
[2021-05-18T11:25:18.356+0200][518,720s]  garbage-first heap   total 524288K, used 256786K [0x00000000e0000000, 0x0000000100000000)
[2021-05-18T11:25:18.356+0200][518,720s]   region size 1024K, 231 young (236544K), 26 survivors (26624K)
[2021-05-18T11:25:18.356+0200][518,720s]  Metaspace       used 50049K, capacity 51306K, committed 51452K, reserved 1093632K
[2021-05-18T11:25:18.356+0200][518,720s]   class space    used 5960K, capacity 6497K, committed 6528K, reserved 1048576K
