[2021-05-31T11:07:21.942+0200][0.010s] Heap region size: 1M
[2021-05-31T11:07:21.942+0200][0.011s] Heap address: 0x00000000e0000000, size: 512 MB, Compressed Oops mode: 32-bit
[2021-05-31T11:07:22.270+0200][0.339s] Using G1
[2021-05-31T11:07:22.271+0200][0.339s] Mark closed archive regions in map: [0x00000000fff00000, 0x00000000fff7eff8]
[2021-05-31T11:07:22.271+0200][0.339s] Mark open archive regions in map: [0x00000000ffe00000, 0x00000000ffe51ff8]
[2021-05-31T11:07:22.286+0200][0,354s] Periodic GC disabled
[2021-05-31T11:07:22.926+0200][0,995s] GC(0) Pause Young (Normal) (G1 Evacuation Pause)
[2021-05-31T11:07:22.927+0200][0,996s] GC(0) Using 8 workers of 8 for evacuation
[2021-05-31T11:07:22.930+0200][0,999s] GC(0)   Pre Evacuate Collection Set: 0,1ms
[2021-05-31T11:07:22.930+0200][0,999s] GC(0)   Merge Heap Roots: 0,0ms
[2021-05-31T11:07:22.930+0200][0,999s] GC(0)   Evacuate Collection Set: 1,9ms
[2021-05-31T11:07:22.930+0200][0,999s] GC(0)   Post Evacuate Collection Set: 0,4ms
[2021-05-31T11:07:22.930+0200][0,999s] GC(0)   Other: 1,2ms
[2021-05-31T11:07:22.930+0200][0,999s] GC(0) Eden regions: 29->0(56)
[2021-05-31T11:07:22.930+0200][0,999s] GC(0) Survivor regions: 0->3(4)
[2021-05-31T11:07:22.930+0200][0,999s] GC(0) Old regions: 0->0
[2021-05-31T11:07:22.930+0200][0,999s] GC(0) Archive regions: 2->2
[2021-05-31T11:07:22.930+0200][0,999s] GC(0) Humongous regions: 0->0
[2021-05-31T11:07:22.930+0200][0,999s] GC(0) Metaspace: 5727K(7552K)->5727K(7552K) NonClass: 5056K(6656K)->5056K(6656K) Class: 671K(896K)->671K(896K)
[2021-05-31T11:07:22.930+0200][0,999s] GC(0) Pause Young (Normal) (G1 Evacuation Pause) 29M->3M(512M) 3,932ms
[2021-05-31T11:07:22.930+0200][0,999s] GC(0) User=0,02s Sys=0,00s Real=0,01s
[2021-05-31T11:07:23.824+0200][1,893s] GC(1) Pause Young (Normal) (G1 Evacuation Pause)
[2021-05-31T11:07:23.824+0200][1,893s] GC(1) Using 8 workers of 8 for evacuation
[2021-05-31T11:07:23.836+0200][1,905s] GC(1)   Pre Evacuate Collection Set: 0,1ms
[2021-05-31T11:07:23.836+0200][1,905s] GC(1)   Merge Heap Roots: 0,1ms
[2021-05-31T11:07:23.836+0200][1,905s] GC(1)   Evacuate Collection Set: 10,7ms
[2021-05-31T11:07:23.836+0200][1,905s] GC(1)   Post Evacuate Collection Set: 0,6ms
[2021-05-31T11:07:23.836+0200][1,905s] GC(1)   Other: 0,2ms
[2021-05-31T11:07:23.836+0200][1,905s] GC(1) Eden regions: 55->0(299)
[2021-05-31T11:07:23.836+0200][1,905s] GC(1) Survivor regions: 3->8(8)
[2021-05-31T11:07:23.836+0200][1,905s] GC(1) Old regions: 0->4
[2021-05-31T11:07:23.836+0200][1,905s] GC(1) Archive regions: 2->2
[2021-05-31T11:07:23.836+0200][1,905s] GC(1) Humongous regions: 4->4
[2021-05-31T11:07:23.836+0200][1,905s] GC(1) Metaspace: 15344K(16128K)->15344K(16128K) NonClass: 13516K(14080K)->13516K(14080K) Class: 1827K(2048K)->1827K(2048K)
[2021-05-31T11:07:23.836+0200][1,905s] GC(1) Pause Young (Normal) (G1 Evacuation Pause) 62M->16M(512M) 11,856ms
[2021-05-31T11:07:23.836+0200][1,905s] GC(1) User=0,09s Sys=0,00s Real=0,02s
[2021-05-31T11:07:24.444+0200][2,512s] GC(2) Pause Young (Concurrent Start) (Metadata GC Threshold)
[2021-05-31T11:07:24.444+0200][2,512s] GC(2) Using 8 workers of 8 for evacuation
[2021-05-31T11:07:24.455+0200][2,523s] GC(2)   Pre Evacuate Collection Set: 0,2ms
[2021-05-31T11:07:24.455+0200][2,523s] GC(2)   Merge Heap Roots: 0,1ms
[2021-05-31T11:07:24.455+0200][2,523s] GC(2)   Evacuate Collection Set: 9,5ms
[2021-05-31T11:07:24.455+0200][2,523s] GC(2)   Post Evacuate Collection Set: 1,0ms
[2021-05-31T11:07:24.455+0200][2,523s] GC(2)   Other: 0,3ms
[2021-05-31T11:07:24.455+0200][2,523s] GC(2) Eden regions: 57->0(184)
[2021-05-31T11:07:24.455+0200][2,523s] GC(2) Survivor regions: 8->16(39)
[2021-05-31T11:07:24.455+0200][2,523s] GC(2) Old regions: 4->4
[2021-05-31T11:07:24.455+0200][2,523s] GC(2) Archive regions: 2->2
[2021-05-31T11:07:24.455+0200][2,523s] GC(2) Humongous regions: 4->4
[2021-05-31T11:07:24.455+0200][2,523s] GC(2) Metaspace: 20362K(21248K)->20362K(21248K) NonClass: 18025K(18688K)->18025K(18688K) Class: 2336K(2560K)->2336K(2560K)
[2021-05-31T11:07:24.455+0200][2,523s] GC(2) Pause Young (Concurrent Start) (Metadata GC Threshold) 73M->23M(512M) 11,105ms
[2021-05-31T11:07:24.455+0200][2,523s] GC(2) User=0,08s Sys=0,00s Real=0,01s
[2021-05-31T11:07:24.455+0200][2,523s] GC(3) Concurrent Cycle
[2021-05-31T11:07:24.455+0200][2,523s] GC(3) Concurrent Clear Claimed Marks
[2021-05-31T11:07:24.455+0200][2,524s] GC(3) Concurrent Clear Claimed Marks 0,042ms
[2021-05-31T11:07:24.455+0200][2,524s] GC(3) Concurrent Scan Root Regions
[2021-05-31T11:07:24.461+0200][2,529s] GC(3) Concurrent Scan Root Regions 5,605ms
[2021-05-31T11:07:24.461+0200][2,529s] GC(3) Concurrent Mark (2,529s)
[2021-05-31T11:07:24.461+0200][2,529s] GC(3) Concurrent Mark From Roots
[2021-05-31T11:07:24.461+0200][2,529s] GC(3) Using 2 workers of 2 for marking
[2021-05-31T11:07:24.471+0200][2,539s] GC(3) Concurrent Mark From Roots 9,896ms
[2021-05-31T11:07:24.471+0200][2,539s] GC(3) Concurrent Preclean
[2021-05-31T11:07:24.471+0200][2,539s] GC(3) Concurrent Preclean 0,151ms
[2021-05-31T11:07:24.471+0200][2,539s] GC(3) Concurrent Mark (2,529s, 2,539s) 10,116ms
[2021-05-31T11:07:24.471+0200][2,540s] GC(3) Pause Remark
[2021-05-31T11:07:24.474+0200][2,542s] GC(3) Pause Remark 25M->25M(512M) 2,673ms
[2021-05-31T11:07:24.474+0200][2,542s] GC(3) User=0,02s Sys=0,00s Real=0,00s
[2021-05-31T11:07:24.474+0200][2,542s] GC(3) Concurrent Rebuild Remembered Sets
[2021-05-31T11:07:24.479+0200][2,548s] GC(3) Concurrent Rebuild Remembered Sets 5,602ms
[2021-05-31T11:07:24.480+0200][2,548s] GC(3) Pause Cleanup
[2021-05-31T11:07:24.480+0200][2,549s] GC(3) Pause Cleanup 25M->25M(512M) 0,187ms
[2021-05-31T11:07:24.480+0200][2,549s] GC(3) User=0,00s Sys=0,00s Real=0,00s
[2021-05-31T11:07:24.480+0200][2,549s] GC(3) Concurrent Cleanup for Next Mark
[2021-05-31T11:07:24.481+0200][2,549s] GC(3) Concurrent Cleanup for Next Mark 0,636ms
[2021-05-31T11:07:24.481+0200][2,549s] GC(3) Concurrent Cycle 25,982ms
[2021-05-31T11:07:26.079+0200][4,147s] GC(4) Pause Young (Normal) (G1 Evacuation Pause)
[2021-05-31T11:07:26.079+0200][4,147s] GC(4) Using 8 workers of 8 for evacuation
[2021-05-31T11:07:26.097+0200][4,165s] GC(4)   Pre Evacuate Collection Set: 0,4ms
[2021-05-31T11:07:26.097+0200][4,165s] GC(4)   Merge Heap Roots: 0,1ms
[2021-05-31T11:07:26.097+0200][4,165s] GC(4)   Evacuate Collection Set: 15,7ms
[2021-05-31T11:07:26.097+0200][4,165s] GC(4)   Post Evacuate Collection Set: 1,4ms
[2021-05-31T11:07:26.097+0200][4,165s] GC(4)   Other: 0,3ms
[2021-05-31T11:07:26.097+0200][4,165s] GC(4) Eden regions: 194->0(288)
[2021-05-31T11:07:26.097+0200][4,165s] GC(4) Survivor regions: 16->19(27)
[2021-05-31T11:07:26.097+0200][4,165s] GC(4) Old regions: 4->6
[2021-05-31T11:07:26.097+0200][4,165s] GC(4) Archive regions: 2->2
[2021-05-31T11:07:26.097+0200][4,165s] GC(4) Humongous regions: 4->4
[2021-05-31T11:07:26.097+0200][4,165s] GC(4) Metaspace: 33572K(34684K)->33572K(34684K) NonClass: 29710K(30460K)->29710K(30460K) Class: 3861K(4224K)->3861K(4224K)
[2021-05-31T11:07:26.097+0200][4,165s] GC(4) Pause Young (Normal) (G1 Evacuation Pause) 217M->29M(512M) 17,972ms
[2021-05-31T11:07:26.097+0200][4,165s] GC(4) User=0,12s Sys=0,00s Real=0,02s
[2021-05-31T11:07:26.246+0200][4,315s] GC(5) Pause Young (Concurrent Start) (Metadata GC Threshold)
[2021-05-31T11:07:26.246+0200][4,315s] GC(5) Using 8 workers of 8 for evacuation
[2021-05-31T11:07:26.262+0200][4,331s] GC(5)   Pre Evacuate Collection Set: 0,2ms
[2021-05-31T11:07:26.262+0200][4,331s] GC(5)   Merge Heap Roots: 0,1ms
[2021-05-31T11:07:26.262+0200][4,331s] GC(5)   Evacuate Collection Set: 14,4ms
[2021-05-31T11:07:26.262+0200][4,331s] GC(5)   Post Evacuate Collection Set: 1,4ms
[2021-05-31T11:07:26.262+0200][4,331s] GC(5)   Other: 0,3ms
[2021-05-31T11:07:26.262+0200][4,331s] GC(5) Eden regions: 28->0(287)
[2021-05-31T11:07:26.262+0200][4,331s] GC(5) Survivor regions: 19->20(39)
[2021-05-31T11:07:26.262+0200][4,331s] GC(5) Old regions: 6->6
[2021-05-31T11:07:26.262+0200][4,331s] GC(5) Archive regions: 2->2
[2021-05-31T11:07:26.262+0200][4,331s] GC(5) Humongous regions: 4->4
[2021-05-31T11:07:26.262+0200][4,331s] GC(5) Metaspace: 34994K(35964K)->34994K(35964K) NonClass: 30910K(31484K)->30910K(31484K) Class: 4084K(4480K)->4084K(4480K)
[2021-05-31T11:07:26.263+0200][4,331s] GC(5) Pause Young (Concurrent Start) (Metadata GC Threshold) 57M->29M(512M) 16,551ms
[2021-05-31T11:07:26.263+0200][4,331s] GC(5) User=0,09s Sys=0,00s Real=0,02s
[2021-05-31T11:07:26.264+0200][4,333s] GC(6) Concurrent Cycle
[2021-05-31T11:07:26.264+0200][4,333s] GC(6) Concurrent Clear Claimed Marks
[2021-05-31T11:07:26.264+0200][4,333s] GC(6) Concurrent Clear Claimed Marks 0,075ms
[2021-05-31T11:07:26.264+0200][4,333s] GC(6) Concurrent Scan Root Regions
[2021-05-31T11:07:26.274+0200][4,343s] GC(6) Concurrent Scan Root Regions 9,629ms
[2021-05-31T11:07:26.274+0200][4,343s] GC(6) Concurrent Mark (4,343s)
[2021-05-31T11:07:26.274+0200][4,343s] GC(6) Concurrent Mark From Roots
[2021-05-31T11:07:26.274+0200][4,343s] GC(6) Using 2 workers of 2 for marking
[2021-05-31T11:07:26.286+0200][4,355s] GC(6) Concurrent Mark From Roots 12,090ms
[2021-05-31T11:07:26.286+0200][4,355s] GC(6) Concurrent Preclean
[2021-05-31T11:07:26.286+0200][4,355s] GC(6) Concurrent Preclean 0,168ms
[2021-05-31T11:07:26.286+0200][4,355s] GC(6) Concurrent Mark (4,343s, 4,355s) 12,318ms
[2021-05-31T11:07:26.287+0200][4,355s] GC(6) Pause Remark
[2021-05-31T11:07:26.289+0200][4,358s] GC(6) Pause Remark 32M->32M(512M) 2,708ms
[2021-05-31T11:07:26.289+0200][4,358s] GC(6) User=0,02s Sys=0,00s Real=0,01s
[2021-05-31T11:07:26.289+0200][4,358s] GC(6) Concurrent Rebuild Remembered Sets
[2021-05-31T11:07:26.296+0200][4,364s] GC(6) Concurrent Rebuild Remembered Sets 6,325ms
[2021-05-31T11:07:26.296+0200][4,365s] GC(6) Pause Cleanup
[2021-05-31T11:07:26.296+0200][4,365s] GC(6) Pause Cleanup 32M->32M(512M) 0,178ms
[2021-05-31T11:07:26.296+0200][4,365s] GC(6) User=0,00s Sys=0,00s Real=0,01s
[2021-05-31T11:07:26.296+0200][4,365s] GC(6) Concurrent Cleanup for Next Mark
[2021-05-31T11:07:26.297+0200][4,365s] GC(6) Concurrent Cleanup for Next Mark 0,543ms
[2021-05-31T11:07:26.297+0200][4,365s] GC(6) Concurrent Cycle 32,727ms
[2021-05-31T11:07:29.185+0200][7,254s] GC(7) Pause Young (Normal) (G1 Evacuation Pause)
[2021-05-31T11:07:29.185+0200][7,254s] GC(7) Using 8 workers of 8 for evacuation
[2021-05-31T11:07:29.211+0200][7,279s] GC(7)   Pre Evacuate Collection Set: 0,1ms
[2021-05-31T11:07:29.211+0200][7,279s] GC(7)   Merge Heap Roots: 0,1ms
[2021-05-31T11:07:29.211+0200][7,279s] GC(7)   Evacuate Collection Set: 21,4ms
[2021-05-31T11:07:29.211+0200][7,279s] GC(7)   Post Evacuate Collection Set: 3,7ms
[2021-05-31T11:07:29.211+0200][7,279s] GC(7)   Other: 0,2ms
[2021-05-31T11:07:29.211+0200][7,279s] GC(7) Eden regions: 287->0(272)
[2021-05-31T11:07:29.211+0200][7,279s] GC(7) Survivor regions: 20->35(39)
[2021-05-31T11:07:29.211+0200][7,279s] GC(7) Old regions: 6->6
[2021-05-31T11:07:29.211+0200][7,279s] GC(7) Archive regions: 2->2
[2021-05-31T11:07:29.211+0200][7,279s] GC(7) Humongous regions: 5->4
[2021-05-31T11:07:29.211+0200][7,279s] GC(7) Metaspace: 47728K(49020K)->47728K(49020K) NonClass: 41999K(42748K)->41999K(42748K) Class: 5729K(6272K)->5729K(6272K)
[2021-05-31T11:07:29.211+0200][7,279s] GC(7) Pause Young (Normal) (G1 Evacuation Pause) 317M->45M(512M) 25,709ms
[2021-05-31T11:07:29.211+0200][7,279s] GC(7) User=0,17s Sys=0,00s Real=0,03s
[2021-05-31T11:10:09.575+0200][167,643s] Heap
[2021-05-31T11:10:09.575+0200][167,644s]  garbage-first heap   total 524288K, used 75789K [0x00000000e0000000, 0x0000000100000000)
[2021-05-31T11:10:09.575+0200][167,644s]   region size 1024K, 65 young (66560K), 35 survivors (35840K)
[2021-05-31T11:10:09.575+0200][167,644s]  Metaspace       used 49603K, capacity 50807K, committed 51068K, reserved 1093632K
[2021-05-31T11:10:09.575+0200][167,644s]   class space    used 5966K, capacity 6435K, committed 6528K, reserved 1048576K
