[2021-05-28T11:25:54.437+0200][0.011s] Heap region size: 1M
[2021-05-28T11:25:54.437+0200][0.011s] Heap address: 0x00000000e0000000, size: 512 MB, Compressed Oops mode: 32-bit
[2021-05-28T11:25:54.768+0200][0.342s] Using G1
[2021-05-28T11:25:54.768+0200][0.342s] Mark closed archive regions in map: [0x00000000fff00000, 0x00000000fff7eff8]
[2021-05-28T11:25:54.768+0200][0.342s] Mark open archive regions in map: [0x00000000ffe00000, 0x00000000ffe51ff8]
[2021-05-28T11:25:54.784+0200][0,358s] Periodic GC disabled
[2021-05-28T11:25:55.357+0200][0,931s] GC(0) Pause Young (Normal) (G1 Evacuation Pause)
[2021-05-28T11:25:55.358+0200][0,932s] GC(0) Using 8 workers of 8 for evacuation
[2021-05-28T11:25:55.361+0200][0,935s] GC(0)   Pre Evacuate Collection Set: 0,1ms
[2021-05-28T11:25:55.361+0200][0,935s] GC(0)   Merge Heap Roots: 0,0ms
[2021-05-28T11:25:55.361+0200][0,935s] GC(0)   Evacuate Collection Set: 2,1ms
[2021-05-28T11:25:55.361+0200][0,935s] GC(0)   Post Evacuate Collection Set: 0,3ms
[2021-05-28T11:25:55.361+0200][0,935s] GC(0)   Other: 1,2ms
[2021-05-28T11:25:55.361+0200][0,935s] GC(0) Eden regions: 29->0(56)
[2021-05-28T11:25:55.361+0200][0,935s] GC(0) Survivor regions: 0->3(4)
[2021-05-28T11:25:55.361+0200][0,935s] GC(0) Old regions: 0->0
[2021-05-28T11:25:55.361+0200][0,935s] GC(0) Archive regions: 2->2
[2021-05-28T11:25:55.361+0200][0,935s] GC(0) Humongous regions: 0->0
[2021-05-28T11:25:55.361+0200][0,935s] GC(0) Metaspace: 5723K(7552K)->5723K(7552K) NonClass: 5052K(6656K)->5052K(6656K) Class: 671K(896K)->671K(896K)
[2021-05-28T11:25:55.361+0200][0,935s] GC(0) Pause Young (Normal) (G1 Evacuation Pause) 29M->3M(512M) 3,928ms
[2021-05-28T11:25:55.361+0200][0,935s] GC(0) User=0,02s Sys=0,00s Real=0,01s
[2021-05-28T11:25:56.212+0200][1,786s] GC(1) Pause Young (Normal) (G1 Evacuation Pause)
[2021-05-28T11:25:56.212+0200][1,786s] GC(1) Using 8 workers of 8 for evacuation
[2021-05-28T11:25:56.224+0200][1,799s] GC(1)   Pre Evacuate Collection Set: 0,1ms
[2021-05-28T11:25:56.224+0200][1,799s] GC(1)   Merge Heap Roots: 0,1ms
[2021-05-28T11:25:56.224+0200][1,799s] GC(1)   Evacuate Collection Set: 11,4ms
[2021-05-28T11:25:56.224+0200][1,799s] GC(1)   Post Evacuate Collection Set: 0,7ms
[2021-05-28T11:25:56.224+0200][1,799s] GC(1)   Other: 0,2ms
[2021-05-28T11:25:56.224+0200][1,799s] GC(1) Eden regions: 55->0(299)
[2021-05-28T11:25:56.224+0200][1,799s] GC(1) Survivor regions: 3->8(8)
[2021-05-28T11:25:56.224+0200][1,799s] GC(1) Old regions: 0->5
[2021-05-28T11:25:56.225+0200][1,799s] GC(1) Archive regions: 2->2
[2021-05-28T11:25:56.225+0200][1,799s] GC(1) Humongous regions: 4->4
[2021-05-28T11:25:56.225+0200][1,799s] GC(1) Metaspace: 15464K(16128K)->15464K(16128K) NonClass: 13619K(14080K)->13619K(14080K) Class: 1845K(2048K)->1845K(2048K)
[2021-05-28T11:25:56.225+0200][1,799s] GC(1) Pause Young (Normal) (G1 Evacuation Pause) 62M->16M(512M) 12,576ms
[2021-05-28T11:25:56.225+0200][1,799s] GC(1) User=0,08s Sys=0,00s Real=0,02s
[2021-05-28T11:25:56.762+0200][2,336s] GC(2) Pause Young (Concurrent Start) (Metadata GC Threshold)
[2021-05-28T11:25:56.762+0200][2,336s] GC(2) Using 8 workers of 8 for evacuation
[2021-05-28T11:25:56.773+0200][2,347s] GC(2)   Pre Evacuate Collection Set: 0,2ms
[2021-05-28T11:25:56.773+0200][2,347s] GC(2)   Merge Heap Roots: 0,1ms
[2021-05-28T11:25:56.773+0200][2,347s] GC(2)   Evacuate Collection Set: 8,6ms
[2021-05-28T11:25:56.773+0200][2,347s] GC(2)   Post Evacuate Collection Set: 1,5ms
[2021-05-28T11:25:56.773+0200][2,347s] GC(2)   Other: 0,2ms
[2021-05-28T11:25:56.773+0200][2,347s] GC(2) Eden regions: 54->0(292)
[2021-05-28T11:25:56.773+0200][2,347s] GC(2) Survivor regions: 8->15(39)
[2021-05-28T11:25:56.773+0200][2,347s] GC(2) Old regions: 5->5
[2021-05-28T11:25:56.773+0200][2,347s] GC(2) Archive regions: 2->2
[2021-05-28T11:25:56.773+0200][2,347s] GC(2) Humongous regions: 4->4
[2021-05-28T11:25:56.773+0200][2,347s] GC(2) Metaspace: 20322K(21248K)->20322K(21248K) NonClass: 17985K(18688K)->17985K(18688K) Class: 2336K(2560K)->2336K(2560K)
[2021-05-28T11:25:56.773+0200][2,347s] GC(2) Pause Young (Concurrent Start) (Metadata GC Threshold) 70M->23M(512M) 10,759ms
[2021-05-28T11:25:56.773+0200][2,347s] GC(2) User=0,06s Sys=0,00s Real=0,01s
[2021-05-28T11:25:56.773+0200][2,347s] GC(3) Concurrent Cycle
[2021-05-28T11:25:56.773+0200][2,347s] GC(3) Concurrent Clear Claimed Marks
[2021-05-28T11:25:56.773+0200][2,347s] GC(3) Concurrent Clear Claimed Marks 0,042ms
[2021-05-28T11:25:56.773+0200][2,347s] GC(3) Concurrent Scan Root Regions
[2021-05-28T11:25:56.781+0200][2,355s] GC(3) Concurrent Scan Root Regions 7,883ms
[2021-05-28T11:25:56.781+0200][2,355s] GC(3) Concurrent Mark (2,355s)
[2021-05-28T11:25:56.781+0200][2,355s] GC(3) Concurrent Mark From Roots
[2021-05-28T11:25:56.781+0200][2,355s] GC(3) Using 2 workers of 2 for marking
[2021-05-28T11:25:56.793+0200][2,367s] GC(3) Concurrent Mark From Roots 12,359ms
[2021-05-28T11:25:56.793+0200][2,367s] GC(3) Concurrent Preclean
[2021-05-28T11:25:56.793+0200][2,368s] GC(3) Concurrent Preclean 0,188ms
[2021-05-28T11:25:56.793+0200][2,368s] GC(3) Concurrent Mark (2,355s, 2,368s) 12,641ms
[2021-05-28T11:25:56.794+0200][2,368s] GC(3) Pause Remark
[2021-05-28T11:25:56.797+0200][2,371s] GC(3) Pause Remark 25M->25M(512M) 2,974ms
[2021-05-28T11:25:56.797+0200][2,371s] GC(3) User=0,01s Sys=0,00s Real=0,00s
[2021-05-28T11:25:56.797+0200][2,371s] GC(3) Concurrent Rebuild Remembered Sets
[2021-05-28T11:25:56.804+0200][2,378s] GC(3) Concurrent Rebuild Remembered Sets 6,840ms
[2021-05-28T11:25:56.804+0200][2,378s] GC(3) Pause Cleanup
[2021-05-28T11:25:56.805+0200][2,379s] GC(3) Pause Cleanup 25M->25M(512M) 0,184ms
[2021-05-28T11:25:56.805+0200][2,379s] GC(3) User=0,00s Sys=0,00s Real=0,00s
[2021-05-28T11:25:56.805+0200][2,379s] GC(3) Concurrent Cleanup for Next Mark
[2021-05-28T11:25:56.805+0200][2,379s] GC(3) Concurrent Cleanup for Next Mark 0,455ms
[2021-05-28T11:25:56.805+0200][2,379s] GC(3) Concurrent Cycle 32,297ms
[2021-05-28T11:25:58.585+0200][4,159s] GC(4) Pause Young (Concurrent Start) (Metadata GC Threshold)
[2021-05-28T11:25:58.585+0200][4,159s] GC(4) Using 8 workers of 8 for evacuation
[2021-05-28T11:25:58.603+0200][4,177s] GC(4)   Pre Evacuate Collection Set: 0,2ms
[2021-05-28T11:25:58.603+0200][4,177s] GC(4)   Merge Heap Roots: 0,2ms
[2021-05-28T11:25:58.603+0200][4,177s] GC(4)   Evacuate Collection Set: 16,3ms
[2021-05-28T11:25:58.603+0200][4,177s] GC(4)   Post Evacuate Collection Set: 1,2ms
[2021-05-28T11:25:58.603+0200][4,177s] GC(4)   Other: 0,3ms
[2021-05-28T11:25:58.603+0200][4,177s] GC(4) Eden regions: 227->0(286)
[2021-05-28T11:25:58.603+0200][4,177s] GC(4) Survivor regions: 15->21(39)
[2021-05-28T11:25:58.603+0200][4,177s] GC(4) Old regions: 5->5
[2021-05-28T11:25:58.603+0200][4,177s] GC(4) Archive regions: 2->2
[2021-05-28T11:25:58.603+0200][4,177s] GC(4) Humongous regions: 4->4
[2021-05-28T11:25:58.603+0200][4,177s] GC(4) Metaspace: 34600K(35584K)->34600K(35584K) NonClass: 30596K(31232K)->30596K(31232K) Class: 4004K(4352K)->4004K(4352K)
[2021-05-28T11:25:58.603+0200][4,177s] GC(4) Pause Young (Concurrent Start) (Metadata GC Threshold) 250M->29M(512M) 18,230ms
[2021-05-28T11:25:58.603+0200][4,178s] GC(4) User=0,12s Sys=0,00s Real=0,02s
[2021-05-28T11:25:58.603+0200][4,178s] GC(5) Concurrent Cycle
[2021-05-28T11:25:58.603+0200][4,178s] GC(5) Concurrent Clear Claimed Marks
[2021-05-28T11:25:58.604+0200][4,178s] GC(5) Concurrent Clear Claimed Marks 0,072ms
[2021-05-28T11:25:58.604+0200][4,178s] GC(5) Concurrent Scan Root Regions
[2021-05-28T11:25:58.611+0200][4,185s] GC(5) Concurrent Scan Root Regions 7,539ms
[2021-05-28T11:25:58.611+0200][4,185s] GC(5) Concurrent Mark (4,185s)
[2021-05-28T11:25:58.611+0200][4,185s] GC(5) Concurrent Mark From Roots
[2021-05-28T11:25:58.611+0200][4,185s] GC(5) Using 2 workers of 2 for marking
[2021-05-28T11:25:58.624+0200][4,198s] GC(5) Concurrent Mark From Roots 12,723ms
[2021-05-28T11:25:58.624+0200][4,198s] GC(5) Concurrent Preclean
[2021-05-28T11:25:58.624+0200][4,198s] GC(5) Concurrent Preclean 0,143ms
[2021-05-28T11:25:58.624+0200][4,198s] GC(5) Concurrent Mark (4,185s, 4,198s) 12,936ms
[2021-05-28T11:25:58.624+0200][4,198s] GC(5) Pause Remark
[2021-05-28T11:25:58.628+0200][4,202s] GC(5) Pause Remark 33M->33M(512M) 3,484ms
[2021-05-28T11:25:58.628+0200][4,202s] GC(5) User=0,02s Sys=0,00s Real=0,00s
[2021-05-28T11:25:58.628+0200][4,202s] GC(5) Concurrent Rebuild Remembered Sets
[2021-05-28T11:25:58.635+0200][4,209s] GC(5) Concurrent Rebuild Remembered Sets 6,798ms
[2021-05-28T11:25:58.635+0200][4,209s] GC(5) Pause Cleanup
[2021-05-28T11:25:58.635+0200][4,209s] GC(5) Pause Cleanup 33M->33M(512M) 0,158ms
[2021-05-28T11:25:58.635+0200][4,209s] GC(5) User=0,00s Sys=0,00s Real=0,00s
[2021-05-28T11:25:58.635+0200][4,209s] GC(5) Concurrent Cleanup for Next Mark
[2021-05-28T11:25:58.636+0200][4,210s] GC(5) Concurrent Cleanup for Next Mark 0,528ms
[2021-05-28T11:25:58.636+0200][4,210s] GC(5) Concurrent Cycle 32,479ms
[2021-05-28T11:28:30.234+0200][155,808s] GC(6) Pause Young (Normal) (G1 Evacuation Pause)
[2021-05-28T11:28:30.234+0200][155,808s] GC(6) Using 8 workers of 8 for evacuation
[2021-05-28T11:28:30.259+0200][155,833s] GC(6)   Pre Evacuate Collection Set: 0,1ms
[2021-05-28T11:28:30.259+0200][155,833s] GC(6)   Merge Heap Roots: 0,1ms
[2021-05-28T11:28:30.259+0200][155,833s] GC(6)   Evacuate Collection Set: 22,7ms
[2021-05-28T11:28:30.259+0200][155,833s] GC(6)   Post Evacuate Collection Set: 1,4ms
[2021-05-28T11:28:30.259+0200][155,833s] GC(6)   Other: 0,3ms
[2021-05-28T11:28:30.259+0200][155,833s] GC(6) Eden regions: 286->0(270)
[2021-05-28T11:28:30.259+0200][155,833s] GC(6) Survivor regions: 21->37(39)
[2021-05-28T11:28:30.259+0200][155,833s] GC(6) Old regions: 5->5
[2021-05-28T11:28:30.259+0200][155,833s] GC(6) Archive regions: 2->2
[2021-05-28T11:28:30.259+0200][155,833s] GC(6) Humongous regions: 5->4
[2021-05-28T11:28:30.259+0200][155,833s] GC(6) Metaspace: 49273K(50680K)->49273K(50680K) NonClass: 43349K(44288K)->43349K(44288K) Class: 5923K(6392K)->5923K(6392K)
[2021-05-28T11:28:30.259+0200][155,833s] GC(6) Pause Young (Normal) (G1 Evacuation Pause) 316M->45M(512M) 24,802ms
[2021-05-28T11:28:30.259+0200][155,833s] GC(6) User=0,16s Sys=0,00s Real=0,02s
[2021-05-28T11:36:55.975+0200][661,549s] Heap
[2021-05-28T11:36:55.975+0200][661,549s]  garbage-first heap   total 524288K, used 113200K [0x00000000e0000000, 0x0000000100000000)
[2021-05-28T11:36:55.975+0200][661,549s]   region size 1024K, 101 young (103424K), 37 survivors (37888K)
[2021-05-28T11:36:55.975+0200][661,549s]  Metaspace       used 52500K, capacity 53713K, committed 53880K, reserved 1095680K
[2021-05-28T11:36:55.975+0200][661,549s]   class space    used 6240K, capacity 6706K, committed 6776K, reserved 1048576K
