[2021-05-31T11:10:11.792+0200][0.010s] Heap region size: 1M
[2021-05-31T11:10:11.793+0200][0.011s] Heap address: 0x00000000e0000000, size: 512 MB, Compressed Oops mode: 32-bit
[2021-05-31T11:10:12.119+0200][0.337s] Using G1
[2021-05-31T11:10:12.119+0200][0.337s] Mark closed archive regions in map: [0x00000000fff00000, 0x00000000fff7eff8]
[2021-05-31T11:10:12.119+0200][0.337s] Mark open archive regions in map: [0x00000000ffe00000, 0x00000000ffe51ff8]
[2021-05-31T11:10:12.134+0200][0,352s] Periodic GC disabled
[2021-05-31T11:10:12.768+0200][0,986s] GC(0) Pause Young (Normal) (G1 Evacuation Pause)
[2021-05-31T11:10:12.769+0200][0,987s] GC(0) Using 8 workers of 8 for evacuation
[2021-05-31T11:10:12.772+0200][0,990s] GC(0)   Pre Evacuate Collection Set: 0,1ms
[2021-05-31T11:10:12.772+0200][0,990s] GC(0)   Merge Heap Roots: 0,1ms
[2021-05-31T11:10:12.772+0200][0,990s] GC(0)   Evacuate Collection Set: 2,6ms
[2021-05-31T11:10:12.772+0200][0,990s] GC(0)   Post Evacuate Collection Set: 0,6ms
[2021-05-31T11:10:12.772+0200][0,990s] GC(0)   Other: 1,1ms
[2021-05-31T11:10:12.772+0200][0,990s] GC(0) Eden regions: 29->0(56)
[2021-05-31T11:10:12.772+0200][0,990s] GC(0) Survivor regions: 0->3(4)
[2021-05-31T11:10:12.772+0200][0,990s] GC(0) Old regions: 0->0
[2021-05-31T11:10:12.772+0200][0,990s] GC(0) Archive regions: 2->2
[2021-05-31T11:10:12.772+0200][0,990s] GC(0) Humongous regions: 0->0
[2021-05-31T11:10:12.772+0200][0,990s] GC(0) Metaspace: 5727K(7552K)->5727K(7552K) NonClass: 5055K(6656K)->5055K(6656K) Class: 671K(896K)->671K(896K)
[2021-05-31T11:10:12.772+0200][0,990s] GC(0) Pause Young (Normal) (G1 Evacuation Pause) 29M->3M(512M) 4,711ms
[2021-05-31T11:10:12.772+0200][0,990s] GC(0) User=0,00s Sys=0,01s Real=0,01s
[2021-05-31T11:10:13.583+0200][1,801s] GC(1) Pause Young (Normal) (G1 Evacuation Pause)
[2021-05-31T11:10:13.583+0200][1,801s] GC(1) Using 8 workers of 8 for evacuation
[2021-05-31T11:10:13.595+0200][1,813s] GC(1)   Pre Evacuate Collection Set: 0,1ms
[2021-05-31T11:10:13.595+0200][1,813s] GC(1)   Merge Heap Roots: 0,1ms
[2021-05-31T11:10:13.595+0200][1,813s] GC(1)   Evacuate Collection Set: 11,6ms
[2021-05-31T11:10:13.595+0200][1,813s] GC(1)   Post Evacuate Collection Set: 0,6ms
[2021-05-31T11:10:13.595+0200][1,813s] GC(1)   Other: 0,1ms
[2021-05-31T11:10:13.595+0200][1,813s] GC(1) Eden regions: 55->0(299)
[2021-05-31T11:10:13.595+0200][1,813s] GC(1) Survivor regions: 3->8(8)
[2021-05-31T11:10:13.595+0200][1,813s] GC(1) Old regions: 0->4
[2021-05-31T11:10:13.595+0200][1,813s] GC(1) Archive regions: 2->2
[2021-05-31T11:10:13.595+0200][1,813s] GC(1) Humongous regions: 4->4
[2021-05-31T11:10:13.595+0200][1,813s] GC(1) Metaspace: 15356K(16128K)->15356K(16128K) NonClass: 13528K(14080K)->13528K(14080K) Class: 1827K(2048K)->1827K(2048K)
[2021-05-31T11:10:13.595+0200][1,813s] GC(1) Pause Young (Normal) (G1 Evacuation Pause) 62M->16M(512M) 12,646ms
[2021-05-31T11:10:13.595+0200][1,813s] GC(1) User=0,08s Sys=0,00s Real=0,01s
[2021-05-31T11:10:14.168+0200][2,386s] GC(2) Pause Young (Concurrent Start) (Metadata GC Threshold)
[2021-05-31T11:10:14.168+0200][2,386s] GC(2) Using 8 workers of 8 for evacuation
[2021-05-31T11:10:14.180+0200][2,398s] GC(2)   Pre Evacuate Collection Set: 0,2ms
[2021-05-31T11:10:14.180+0200][2,398s] GC(2)   Merge Heap Roots: 0,1ms
[2021-05-31T11:10:14.180+0200][2,398s] GC(2)   Evacuate Collection Set: 10,7ms
[2021-05-31T11:10:14.180+0200][2,398s] GC(2)   Post Evacuate Collection Set: 1,1ms
[2021-05-31T11:10:14.180+0200][2,398s] GC(2)   Other: 0,3ms
[2021-05-31T11:10:14.180+0200][2,398s] GC(2) Eden regions: 59->0(180)
[2021-05-31T11:10:14.180+0200][2,398s] GC(2) Survivor regions: 8->16(39)
[2021-05-31T11:10:14.180+0200][2,398s] GC(2) Old regions: 4->4
[2021-05-31T11:10:14.180+0200][2,398s] GC(2) Archive regions: 2->2
[2021-05-31T11:10:14.180+0200][2,398s] GC(2) Humongous regions: 4->4
[2021-05-31T11:10:14.180+0200][2,398s] GC(2) Metaspace: 20490K(21296K)->20490K(21296K) NonClass: 18136K(18608K)->18136K(18608K) Class: 2353K(2688K)->2353K(2688K)
[2021-05-31T11:10:14.180+0200][2,398s] GC(2) Pause Young (Concurrent Start) (Metadata GC Threshold) 75M->23M(512M) 12,354ms
[2021-05-31T11:10:14.180+0200][2,398s] GC(2) User=0,09s Sys=0,00s Real=0,02s
[2021-05-31T11:10:14.180+0200][2,398s] GC(3) Concurrent Cycle
[2021-05-31T11:10:14.180+0200][2,398s] GC(3) Concurrent Clear Claimed Marks
[2021-05-31T11:10:14.180+0200][2,398s] GC(3) Concurrent Clear Claimed Marks 0,053ms
[2021-05-31T11:10:14.181+0200][2,398s] GC(3) Concurrent Scan Root Regions
[2021-05-31T11:10:14.188+0200][2,406s] GC(3) Concurrent Scan Root Regions 7,332ms
[2021-05-31T11:10:14.188+0200][2,406s] GC(3) Concurrent Mark (2,406s)
[2021-05-31T11:10:14.188+0200][2,406s] GC(3) Concurrent Mark From Roots
[2021-05-31T11:10:14.188+0200][2,406s] GC(3) Using 2 workers of 2 for marking
[2021-05-31T11:10:14.210+0200][2,428s] GC(3) Concurrent Mark From Roots 22,542ms
[2021-05-31T11:10:14.210+0200][2,428s] GC(3) Concurrent Preclean
[2021-05-31T11:10:14.211+0200][2,429s] GC(3) Concurrent Preclean 0,150ms
[2021-05-31T11:10:14.211+0200][2,429s] GC(3) Concurrent Mark (2,406s, 2,429s) 22,765ms
[2021-05-31T11:10:14.211+0200][2,429s] GC(3) Pause Remark
[2021-05-31T11:10:14.213+0200][2,431s] GC(3) Pause Remark 25M->25M(512M) 1,938ms
[2021-05-31T11:10:14.213+0200][2,431s] GC(3) User=0,02s Sys=0,00s Real=0,00s
[2021-05-31T11:10:14.213+0200][2,431s] GC(3) Concurrent Rebuild Remembered Sets
[2021-05-31T11:10:14.218+0200][2,436s] GC(3) Concurrent Rebuild Remembered Sets 5,569ms
[2021-05-31T11:10:14.219+0200][2,437s] GC(3) Pause Cleanup
[2021-05-31T11:10:14.219+0200][2,437s] GC(3) Pause Cleanup 26M->26M(512M) 0,150ms
[2021-05-31T11:10:14.219+0200][2,437s] GC(3) User=0,00s Sys=0,00s Real=0,00s
[2021-05-31T11:10:14.219+0200][2,437s] GC(3) Concurrent Cleanup for Next Mark
[2021-05-31T11:10:14.220+0200][2,437s] GC(3) Concurrent Cleanup for Next Mark 0,432ms
[2021-05-31T11:10:14.220+0200][2,437s] GC(3) Concurrent Cycle 39,166ms
[2021-05-31T11:10:16.043+0200][4,261s] GC(4) Pause Young (Concurrent Start) (G1 Evacuation Pause)
[2021-05-31T11:10:16.043+0200][4,261s] GC(4) Using 8 workers of 8 for evacuation
[2021-05-31T11:10:16.072+0200][4,290s] GC(4)   Pre Evacuate Collection Set: 0,2ms
[2021-05-31T11:10:16.072+0200][4,290s] GC(4)   Merge Heap Roots: 0,1ms
[2021-05-31T11:10:16.072+0200][4,290s] GC(4)   Evacuate Collection Set: 26,6ms
[2021-05-31T11:10:16.072+0200][4,290s] GC(4)   Post Evacuate Collection Set: 1,8ms
[2021-05-31T11:10:16.072+0200][4,290s] GC(4)   Other: 0,3ms
[2021-05-31T11:10:16.072+0200][4,290s] GC(4) Eden regions: 187->0(288)
[2021-05-31T11:10:16.072+0200][4,290s] GC(4) Survivor regions: 16->19(26)
[2021-05-31T11:10:16.072+0200][4,290s] GC(4) Old regions: 4->6
[2021-05-31T11:10:16.072+0200][4,290s] GC(4) Archive regions: 2->2
[2021-05-31T11:10:16.072+0200][4,290s] GC(4) Humongous regions: 4->4
[2021-05-31T11:10:16.072+0200][4,290s] GC(4) Metaspace: 33531K(34608K)->33531K(34608K) NonClass: 29672K(30384K)->29672K(30384K) Class: 3859K(4224K)->3859K(4224K)
[2021-05-31T11:10:16.072+0200][4,290s] GC(4) Pause Young (Concurrent Start) (G1 Evacuation Pause) 210M->29M(512M) 29,285ms
[2021-05-31T11:10:16.072+0200][4,290s] GC(4) User=0,14s Sys=0,00s Real=0,03s
[2021-05-31T11:10:16.072+0200][4,290s] GC(5) Concurrent Cycle
[2021-05-31T11:10:16.072+0200][4,290s] GC(5) Concurrent Clear Claimed Marks
[2021-05-31T11:10:16.072+0200][4,290s] GC(5) Concurrent Clear Claimed Marks 0,085ms
[2021-05-31T11:10:16.072+0200][4,290s] GC(5) Concurrent Scan Root Regions
[2021-05-31T11:10:16.082+0200][4,300s] GC(5) Concurrent Scan Root Regions 10,063ms
[2021-05-31T11:10:16.082+0200][4,300s] GC(5) Concurrent Mark (4,300s)
[2021-05-31T11:10:16.082+0200][4,300s] GC(5) Concurrent Mark From Roots
[2021-05-31T11:10:16.083+0200][4,300s] GC(5) Using 2 workers of 2 for marking
[2021-05-31T11:10:16.102+0200][4,320s] GC(5) Concurrent Mark From Roots 19,930ms
[2021-05-31T11:10:16.102+0200][4,320s] GC(5) Concurrent Preclean
[2021-05-31T11:10:16.103+0200][4,321s] GC(5) Concurrent Preclean 0,174ms
[2021-05-31T11:10:16.103+0200][4,321s] GC(5) Concurrent Mark (4,300s, 4,321s) 20,195ms
[2021-05-31T11:10:16.103+0200][4,321s] GC(5) Pause Remark
[2021-05-31T11:10:16.108+0200][4,326s] GC(5) Pause Remark 45M->45M(512M) 5,068ms
[2021-05-31T11:10:16.108+0200][4,326s] GC(5) User=0,02s Sys=0,00s Real=0,00s
[2021-05-31T11:10:16.108+0200][4,326s] GC(5) Concurrent Rebuild Remembered Sets
[2021-05-31T11:10:16.116+0200][4,334s] GC(5) Concurrent Rebuild Remembered Sets 8,225ms
[2021-05-31T11:10:16.117+0200][4,335s] GC(5) Pause Cleanup
[2021-05-31T11:10:16.117+0200][4,335s] GC(5) Pause Cleanup 49M->49M(512M) 0,180ms
[2021-05-31T11:10:16.117+0200][4,335s] GC(5) User=0,00s Sys=0,00s Real=0,00s
[2021-05-31T11:10:16.117+0200][4,335s] GC(5) Concurrent Cleanup for Next Mark
[2021-05-31T11:10:16.118+0200][4,336s] GC(5) Concurrent Cleanup for Next Mark 0,575ms
[2021-05-31T11:10:16.118+0200][4,336s] GC(5) Concurrent Cycle 45,485ms
[2021-05-31T11:10:17.613+0200][5,831s] GC(6) Pause Young (Normal) (G1 Evacuation Pause)
[2021-05-31T11:10:17.614+0200][5,832s] GC(6) Using 8 workers of 8 for evacuation
[2021-05-31T11:10:17.644+0200][5,862s] GC(6)   Pre Evacuate Collection Set: 0,2ms
[2021-05-31T11:10:17.644+0200][5,862s] GC(6)   Merge Heap Roots: 0,2ms
[2021-05-31T11:10:17.644+0200][5,862s] GC(6)   Evacuate Collection Set: 28,4ms
[2021-05-31T11:10:17.644+0200][5,862s] GC(6)   Post Evacuate Collection Set: 1,3ms
[2021-05-31T11:10:17.644+0200][5,862s] GC(6)   Other: 0,5ms
[2021-05-31T11:10:17.644+0200][5,862s] GC(6) Eden regions: 288->0(273)
[2021-05-31T11:10:17.644+0200][5,862s] GC(6) Survivor regions: 19->34(39)
[2021-05-31T11:10:17.644+0200][5,862s] GC(6) Old regions: 6->6
[2021-05-31T11:10:17.644+0200][5,862s] GC(6) Archive regions: 2->2
[2021-05-31T11:10:17.644+0200][5,862s] GC(6) Humongous regions: 5->4
[2021-05-31T11:10:17.644+0200][5,862s] GC(6) Metaspace: 44638K(45872K)->44638K(45872K) NonClass: 39334K(40112K)->39334K(40112K) Class: 5304K(5760K)->5304K(5760K)
[2021-05-31T11:10:17.644+0200][5,862s] GC(6) Pause Young (Normal) (G1 Evacuation Pause) 318M->44M(512M) 30,795ms
[2021-05-31T11:10:17.644+0200][5,862s] GC(6) User=0,19s Sys=0,00s Real=0,03s
[2021-05-31T14:09:19.781+0200][6844,652s] GC(7) Pause Young (Normal) (G1 Evacuation Pause)
[2021-05-31T14:09:19.781+0200][6844,653s] GC(7) Using 8 workers of 8 for evacuation
[2021-05-31T14:09:19.820+0200][6844,692s] GC(7)   Pre Evacuate Collection Set: 0,3ms
[2021-05-31T14:09:19.820+0200][6844,692s] GC(7)   Merge Heap Roots: 0,3ms
[2021-05-31T14:09:19.820+0200][6844,692s] GC(7)   Evacuate Collection Set: 36,9ms
[2021-05-31T14:09:19.820+0200][6844,692s] GC(7)   Post Evacuate Collection Set: 1,8ms
[2021-05-31T14:09:19.820+0200][6844,692s] GC(7)   Other: 0,4ms
[2021-05-31T14:09:19.820+0200][6844,692s] GC(7) Eden regions: 273->0(286)
[2021-05-31T14:09:19.820+0200][6844,692s] GC(7) Survivor regions: 34->21(39)
[2021-05-31T14:09:19.820+0200][6844,692s] GC(7) Old regions: 6->23
[2021-05-31T14:09:19.820+0200][6844,692s] GC(7) Archive regions: 2->2
[2021-05-31T14:09:19.820+0200][6844,692s] GC(7) Humongous regions: 7->7
[2021-05-31T14:09:19.820+0200][6844,692s] GC(7) Metaspace: 55710K(57136K)->55710K(57136K) NonClass: 49247K(50096K)->49247K(50096K) Class: 6462K(7040K)->6462K(7040K)
[2021-05-31T14:09:19.821+0200][6844,692s] GC(7) Pause Young (Normal) (G1 Evacuation Pause) 320M->51M(512M) 39,831ms
[2021-05-31T14:09:19.821+0200][6844,692s] GC(7) User=0,29s Sys=0,00s Real=0,04s
[2021-05-31T16:29:12.246+0200][15237,117s] GC(8) Pause Young (Concurrent Start) (Metadata GC Threshold)
[2021-05-31T16:29:12.246+0200][15237,117s] GC(8) Using 8 workers of 8 for evacuation
[2021-05-31T16:29:12.257+0200][15237,129s] GC(8)   Pre Evacuate Collection Set: 0,2ms
[2021-05-31T16:29:12.257+0200][15237,129s] GC(8)   Merge Heap Roots: 0,1ms
[2021-05-31T16:29:12.257+0200][15237,129s] GC(8)   Evacuate Collection Set: 9,9ms
[2021-05-31T16:29:12.257+0200][15237,129s] GC(8)   Post Evacuate Collection Set: 1,1ms
[2021-05-31T16:29:12.257+0200][15237,129s] GC(8)   Other: 0,2ms
[2021-05-31T16:29:12.257+0200][15237,129s] GC(8) Eden regions: 137->0(290)
[2021-05-31T16:29:12.257+0200][15237,129s] GC(8) Survivor regions: 21->17(39)
[2021-05-31T16:29:12.257+0200][15237,129s] GC(8) Old regions: 23->23
[2021-05-31T16:29:12.257+0200][15237,129s] GC(8) Archive regions: 2->2
[2021-05-31T16:29:12.257+0200][15237,129s] GC(8) Humongous regions: 7->7
[2021-05-31T16:29:12.257+0200][15237,129s] GC(8) Metaspace: 56347K(57648K)->56347K(57648K) NonClass: 49860K(50608K)->49860K(50608K) Class: 6487K(7040K)->6487K(7040K)
[2021-05-31T16:29:12.257+0200][15237,129s] GC(8) Pause Young (Concurrent Start) (Metadata GC Threshold) 188M->47M(512M) 11,630ms
[2021-05-31T16:29:12.257+0200][15237,129s] GC(8) User=0,07s Sys=0,00s Real=0,01s
[2021-05-31T16:29:12.257+0200][15237,129s] GC(9) Concurrent Cycle
[2021-05-31T16:29:12.257+0200][15237,129s] GC(9) Concurrent Clear Claimed Marks
[2021-05-31T16:29:12.257+0200][15237,129s] GC(9) Concurrent Clear Claimed Marks 0,124ms
[2021-05-31T16:29:12.258+0200][15237,129s] GC(9) Concurrent Scan Root Regions
[2021-05-31T16:29:12.265+0200][15237,137s] GC(9) Concurrent Scan Root Regions 7,638ms
[2021-05-31T16:29:12.265+0200][15237,137s] GC(9) Concurrent Mark (15237,137s)
[2021-05-31T16:29:12.265+0200][15237,137s] GC(9) Concurrent Mark From Roots
[2021-05-31T16:29:12.265+0200][15237,137s] GC(9) Using 2 workers of 2 for marking
[2021-05-31T16:29:12.314+0200][15237,186s] GC(9) Concurrent Mark From Roots 48,635ms
[2021-05-31T16:29:12.314+0200][15237,186s] GC(9) Concurrent Preclean
[2021-05-31T16:29:12.315+0200][15237,186s] GC(9) Concurrent Preclean 0,585ms
[2021-05-31T16:29:12.315+0200][15237,186s] GC(9) Concurrent Mark (15237,137s, 15237,186s) 49,334ms
[2021-05-31T16:29:12.315+0200][15237,187s] GC(9) Pause Remark
[2021-05-31T16:29:12.324+0200][15237,195s] GC(9) Pause Remark 56M->56M(512M) 8,901ms
[2021-05-31T16:29:12.324+0200][15237,195s] GC(9) User=0,05s Sys=0,00s Real=0,01s
[2021-05-31T16:29:12.326+0200][15237,198s] GC(9) Concurrent Rebuild Remembered Sets
[2021-05-31T16:29:12.348+0200][15237,220s] GC(9) Concurrent Rebuild Remembered Sets 21,837ms
[2021-05-31T16:29:12.348+0200][15237,220s] GC(9) Pause Cleanup
[2021-05-31T16:29:12.348+0200][15237,220s] GC(9) Pause Cleanup 59M->59M(512M) 0,183ms
[2021-05-31T16:29:12.348+0200][15237,220s] GC(9) User=0,00s Sys=0,00s Real=0,00s
[2021-05-31T16:29:12.348+0200][15237,220s] GC(9) Concurrent Cleanup for Next Mark
[2021-05-31T16:29:12.349+0200][15237,221s] GC(9) Concurrent Cleanup for Next Mark 0,719ms
[2021-05-31T16:29:12.349+0200][15237,221s] GC(9) Concurrent Cycle 91,896ms
[2021-05-31T16:29:12.349+0200][15237,221s] Heap
[2021-05-31T16:29:12.349+0200][15237,221s]  garbage-first heap   total 524288K, used 60095K [0x00000000e0000000, 0x0000000100000000)
[2021-05-31T16:29:12.349+0200][15237,221s]   region size 1024K, 29 young (29696K), 17 survivors (17408K)
[2021-05-31T16:29:12.349+0200][15237,221s]  Metaspace       used 56403K, capacity 57703K, committed 57904K, reserved 1099776K
[2021-05-31T16:29:12.349+0200][15237,221s]   class space    used 6482K, capacity 6998K, committed 7040K, reserved 1048576K
