[2021-05-31T09:14:09.687+0200][0.010s] Heap region size: 1M
[2021-05-31T09:14:09.687+0200][0.010s] Heap address: 0x00000000e0000000, size: 512 MB, Compressed Oops mode: 32-bit
[2021-05-31T09:14:10.006+0200][0.329s] Using G1
[2021-05-31T09:14:10.006+0200][0.329s] Mark closed archive regions in map: [0x00000000fff00000, 0x00000000fff7eff8]
[2021-05-31T09:14:10.006+0200][0.329s] Mark open archive regions in map: [0x00000000ffe00000, 0x00000000ffe51ff8]
[2021-05-31T09:14:10.021+0200][0,344s] Periodic GC disabled
[2021-05-31T09:14:10.792+0200][1,115s] GC(0) Pause Young (Normal) (G1 Evacuation Pause)
[2021-05-31T09:14:10.793+0200][1,116s] GC(0) Using 8 workers of 8 for evacuation
[2021-05-31T09:14:10.796+0200][1,119s] GC(0)   Pre Evacuate Collection Set: 0,1ms
[2021-05-31T09:14:10.796+0200][1,119s] GC(0)   Merge Heap Roots: 0,1ms
[2021-05-31T09:14:10.796+0200][1,119s] GC(0)   Evacuate Collection Set: 1,9ms
[2021-05-31T09:14:10.796+0200][1,119s] GC(0)   Post Evacuate Collection Set: 0,4ms
[2021-05-31T09:14:10.796+0200][1,119s] GC(0)   Other: 1,4ms
[2021-05-31T09:14:10.796+0200][1,119s] GC(0) Eden regions: 29->0(56)
[2021-05-31T09:14:10.796+0200][1,119s] GC(0) Survivor regions: 0->3(4)
[2021-05-31T09:14:10.796+0200][1,119s] GC(0) Old regions: 0->0
[2021-05-31T09:14:10.796+0200][1,119s] GC(0) Archive regions: 2->2
[2021-05-31T09:14:10.796+0200][1,119s] GC(0) Humongous regions: 0->0
[2021-05-31T09:14:10.796+0200][1,119s] GC(0) Metaspace: 5740K(7552K)->5740K(7552K) NonClass: 5069K(6656K)->5069K(6656K) Class: 671K(896K)->671K(896K)
[2021-05-31T09:14:10.796+0200][1,119s] GC(0) Pause Young (Normal) (G1 Evacuation Pause) 29M->3M(512M) 4,018ms
[2021-05-31T09:14:10.796+0200][1,119s] GC(0) User=0,01s Sys=0,00s Real=0,00s
[2021-05-31T09:14:11.795+0200][2,118s] GC(1) Pause Young (Normal) (G1 Evacuation Pause)
[2021-05-31T09:14:11.795+0200][2,118s] GC(1) Using 8 workers of 8 for evacuation
[2021-05-31T09:14:11.809+0200][2,132s] GC(1)   Pre Evacuate Collection Set: 0,1ms
[2021-05-31T09:14:11.809+0200][2,132s] GC(1)   Merge Heap Roots: 0,1ms
[2021-05-31T09:14:11.809+0200][2,132s] GC(1)   Evacuate Collection Set: 12,6ms
[2021-05-31T09:14:11.809+0200][2,132s] GC(1)   Post Evacuate Collection Set: 0,7ms
[2021-05-31T09:14:11.809+0200][2,132s] GC(1)   Other: 0,1ms
[2021-05-31T09:14:11.809+0200][2,132s] GC(1) Eden regions: 55->0(299)
[2021-05-31T09:14:11.809+0200][2,132s] GC(1) Survivor regions: 3->8(8)
[2021-05-31T09:14:11.809+0200][2,132s] GC(1) Old regions: 0->4
[2021-05-31T09:14:11.809+0200][2,132s] GC(1) Archive regions: 2->2
[2021-05-31T09:14:11.809+0200][2,132s] GC(1) Humongous regions: 4->4
[2021-05-31T09:14:11.809+0200][2,132s] GC(1) Metaspace: 15360K(16128K)->15360K(16128K) NonClass: 13532K(14080K)->13532K(14080K) Class: 1827K(2048K)->1827K(2048K)
[2021-05-31T09:14:11.809+0200][2,132s] GC(1) Pause Young (Normal) (G1 Evacuation Pause) 62M->16M(512M) 13,808ms
[2021-05-31T09:14:11.809+0200][2,132s] GC(1) User=0,06s Sys=0,01s Real=0,02s
[2021-05-31T09:14:12.559+0200][2,882s] GC(2) Pause Young (Concurrent Start) (Metadata GC Threshold)
[2021-05-31T09:14:12.559+0200][2,882s] GC(2) Using 8 workers of 8 for evacuation
[2021-05-31T09:14:12.570+0200][2,893s] GC(2)   Pre Evacuate Collection Set: 0,2ms
[2021-05-31T09:14:12.570+0200][2,893s] GC(2)   Merge Heap Roots: 0,1ms
[2021-05-31T09:14:12.570+0200][2,893s] GC(2)   Evacuate Collection Set: 9,5ms
[2021-05-31T09:14:12.570+0200][2,893s] GC(2)   Post Evacuate Collection Set: 1,0ms
[2021-05-31T09:14:12.570+0200][2,893s] GC(2)   Other: 0,3ms
[2021-05-31T09:14:12.570+0200][2,893s] GC(2) Eden regions: 57->0(181)
[2021-05-31T09:14:12.570+0200][2,893s] GC(2) Survivor regions: 8->15(39)
[2021-05-31T09:14:12.570+0200][2,893s] GC(2) Old regions: 4->4
[2021-05-31T09:14:12.570+0200][2,893s] GC(2) Archive regions: 2->2
[2021-05-31T09:14:12.570+0200][2,893s] GC(2) Humongous regions: 4->4
[2021-05-31T09:14:12.570+0200][2,893s] GC(2) Metaspace: 20388K(21248K)->20388K(21248K) NonClass: 18051K(18688K)->18051K(18688K) Class: 2336K(2560K)->2336K(2560K)
[2021-05-31T09:14:12.570+0200][2,893s] GC(2) Pause Young (Concurrent Start) (Metadata GC Threshold) 73M->23M(512M) 11,071ms
[2021-05-31T09:14:12.570+0200][2,893s] GC(2) User=0,07s Sys=0,00s Real=0,01s
[2021-05-31T09:14:12.570+0200][2,893s] GC(3) Concurrent Cycle
[2021-05-31T09:14:12.570+0200][2,893s] GC(3) Concurrent Clear Claimed Marks
[2021-05-31T09:14:12.570+0200][2,893s] GC(3) Concurrent Clear Claimed Marks 0,043ms
[2021-05-31T09:14:12.570+0200][2,893s] GC(3) Concurrent Scan Root Regions
[2021-05-31T09:14:12.576+0200][2,899s] GC(3) Concurrent Scan Root Regions 6,021ms
[2021-05-31T09:14:12.576+0200][2,899s] GC(3) Concurrent Mark (2,899s)
[2021-05-31T09:14:12.576+0200][2,899s] GC(3) Concurrent Mark From Roots
[2021-05-31T09:14:12.576+0200][2,899s] GC(3) Using 2 workers of 2 for marking
[2021-05-31T09:14:12.588+0200][2,911s] GC(3) Concurrent Mark From Roots 11,860ms
[2021-05-31T09:14:12.588+0200][2,911s] GC(3) Concurrent Preclean
[2021-05-31T09:14:12.588+0200][2,911s] GC(3) Concurrent Preclean 0,149ms
[2021-05-31T09:14:12.588+0200][2,911s] GC(3) Concurrent Mark (2,899s, 2,911s) 12,075ms
[2021-05-31T09:14:12.588+0200][2,911s] GC(3) Pause Remark
[2021-05-31T09:14:12.590+0200][2,913s] GC(3) Pause Remark 25M->25M(512M) 1,789ms
[2021-05-31T09:14:12.590+0200][2,913s] GC(3) User=0,00s Sys=0,00s Real=0,00s
[2021-05-31T09:14:12.590+0200][2,913s] GC(3) Concurrent Rebuild Remembered Sets
[2021-05-31T09:14:12.597+0200][2,920s] GC(3) Concurrent Rebuild Remembered Sets 6,459ms
[2021-05-31T09:14:12.597+0200][2,920s] GC(3) Pause Cleanup
[2021-05-31T09:14:12.597+0200][2,920s] GC(3) Pause Cleanup 25M->25M(512M) 0,153ms
[2021-05-31T09:14:12.597+0200][2,920s] GC(3) User=0,00s Sys=0,00s Real=0,00s
[2021-05-31T09:14:12.597+0200][2,920s] GC(3) Concurrent Cleanup for Next Mark
[2021-05-31T09:14:12.598+0200][2,921s] GC(3) Concurrent Cleanup for Next Mark 0,542ms
[2021-05-31T09:14:12.598+0200][2,921s] GC(3) Concurrent Cycle 27,809ms
[2021-05-31T09:14:14.788+0200][5,111s] GC(4) Pause Young (Normal) (G1 Evacuation Pause)
[2021-05-31T09:14:14.788+0200][5,111s] GC(4) Using 8 workers of 8 for evacuation
[2021-05-31T09:14:14.806+0200][5,129s] GC(4)   Pre Evacuate Collection Set: 0,2ms
[2021-05-31T09:14:14.806+0200][5,129s] GC(4)   Merge Heap Roots: 0,1ms
[2021-05-31T09:14:14.806+0200][5,129s] GC(4)   Evacuate Collection Set: 15,5ms
[2021-05-31T09:14:14.806+0200][5,129s] GC(4)   Post Evacuate Collection Set: 1,1ms
[2021-05-31T09:14:14.806+0200][5,129s] GC(4)   Other: 0,3ms
[2021-05-31T09:14:14.806+0200][5,129s] GC(4) Eden regions: 191->0(288)
[2021-05-31T09:14:14.806+0200][5,129s] GC(4) Survivor regions: 15->19(26)
[2021-05-31T09:14:14.806+0200][5,129s] GC(4) Old regions: 4->6
[2021-05-31T09:14:14.806+0200][5,129s] GC(4) Archive regions: 2->2
[2021-05-31T09:14:14.806+0200][5,129s] GC(4) Humongous regions: 4->4
[2021-05-31T09:14:14.806+0200][5,129s] GC(4) Metaspace: 33598K(34684K)->33598K(34684K) NonClass: 29740K(30460K)->29740K(30460K) Class: 3858K(4224K)->3858K(4224K)
[2021-05-31T09:14:14.806+0200][5,129s] GC(4) Pause Young (Normal) (G1 Evacuation Pause) 214M->29M(512M) 17,348ms
[2021-05-31T09:14:14.806+0200][5,129s] GC(4) User=0,12s Sys=0,01s Real=0,01s
[2021-05-31T09:14:14.958+0200][5,281s] GC(5) Pause Young (Concurrent Start) (Metadata GC Threshold)
[2021-05-31T09:14:14.958+0200][5,281s] GC(5) Using 8 workers of 8 for evacuation
[2021-05-31T09:14:14.970+0200][5,293s] GC(5)   Pre Evacuate Collection Set: 0,2ms
[2021-05-31T09:14:14.970+0200][5,293s] GC(5)   Merge Heap Roots: 0,1ms
[2021-05-31T09:14:14.970+0200][5,293s] GC(5)   Evacuate Collection Set: 10,9ms
[2021-05-31T09:14:14.970+0200][5,293s] GC(5)   Post Evacuate Collection Set: 0,7ms
[2021-05-31T09:14:14.970+0200][5,293s] GC(5)   Other: 0,2ms
[2021-05-31T09:14:14.970+0200][5,293s] GC(5) Eden regions: 36->0(287)
[2021-05-31T09:14:14.970+0200][5,293s] GC(5) Survivor regions: 19->20(39)
[2021-05-31T09:14:14.970+0200][5,293s] GC(5) Old regions: 6->6
[2021-05-31T09:14:14.970+0200][5,293s] GC(5) Archive regions: 2->2
[2021-05-31T09:14:14.970+0200][5,293s] GC(5) Humongous regions: 4->4
[2021-05-31T09:14:14.970+0200][5,293s] GC(5) Metaspace: 34876K(36048K)->34876K(36048K) NonClass: 30850K(31696K)->30850K(31696K) Class: 4026K(4352K)->4026K(4352K)
[2021-05-31T09:14:14.970+0200][5,293s] GC(5) Pause Young (Concurrent Start) (Metadata GC Threshold) 65M->29M(512M) 12,134ms
[2021-05-31T09:14:14.970+0200][5,293s] GC(5) User=0,08s Sys=0,00s Real=0,01s
[2021-05-31T09:14:14.970+0200][5,293s] GC(6) Concurrent Cycle
[2021-05-31T09:14:14.970+0200][5,293s] GC(6) Concurrent Clear Claimed Marks
[2021-05-31T09:14:14.970+0200][5,293s] GC(6) Concurrent Clear Claimed Marks 0,077ms
[2021-05-31T09:14:14.970+0200][5,293s] GC(6) Concurrent Scan Root Regions
[2021-05-31T09:14:14.979+0200][5,302s] GC(6) Concurrent Scan Root Regions 8,825ms
[2021-05-31T09:14:14.979+0200][5,302s] GC(6) Concurrent Mark (5,302s)
[2021-05-31T09:14:14.979+0200][5,302s] GC(6) Concurrent Mark From Roots
[2021-05-31T09:14:14.979+0200][5,302s] GC(6) Using 2 workers of 2 for marking
[2021-05-31T09:14:14.989+0200][5,313s] GC(6) Concurrent Mark From Roots 10,584ms
[2021-05-31T09:14:14.990+0200][5,313s] GC(6) Concurrent Preclean
[2021-05-31T09:14:14.990+0200][5,313s] GC(6) Concurrent Preclean 0,154ms
[2021-05-31T09:14:14.990+0200][5,313s] GC(6) Concurrent Mark (5,302s, 5,313s) 10,805ms
[2021-05-31T09:14:14.990+0200][5,313s] GC(6) Pause Remark
[2021-05-31T09:14:14.993+0200][5,316s] GC(6) Pause Remark 32M->32M(512M) 2,754ms
[2021-05-31T09:14:14.993+0200][5,316s] GC(6) User=0,01s Sys=0,00s Real=0,00s
[2021-05-31T09:14:14.993+0200][5,316s] GC(6) Concurrent Rebuild Remembered Sets
[2021-05-31T09:14:14.999+0200][5,322s] GC(6) Concurrent Rebuild Remembered Sets 5,922ms
[2021-05-31T09:14:14.999+0200][5,322s] GC(6) Pause Cleanup
[2021-05-31T09:14:14.999+0200][5,322s] GC(6) Pause Cleanup 33M->33M(512M) 0,175ms
[2021-05-31T09:14:14.999+0200][5,322s] GC(6) User=0,00s Sys=0,00s Real=0,00s
[2021-05-31T09:14:14.999+0200][5,322s] GC(6) Concurrent Cleanup for Next Mark
[2021-05-31T09:14:15.000+0200][5,323s] GC(6) Concurrent Cleanup for Next Mark 0,497ms
[2021-05-31T09:14:15.000+0200][5,323s] GC(6) Concurrent Cycle 30,019ms
[2021-05-31T09:15:14.397+0200][64,720s] GC(7) Pause Young (Normal) (G1 Evacuation Pause)
[2021-05-31T09:15:14.397+0200][64,720s] GC(7) Using 8 workers of 8 for evacuation
[2021-05-31T09:15:14.418+0200][64,741s] GC(7)   Pre Evacuate Collection Set: 0,1ms
[2021-05-31T09:15:14.418+0200][64,741s] GC(7)   Merge Heap Roots: 0,1ms
[2021-05-31T09:15:14.418+0200][64,741s] GC(7)   Evacuate Collection Set: 19,1ms
[2021-05-31T09:15:14.418+0200][64,741s] GC(7)   Post Evacuate Collection Set: 1,3ms
[2021-05-31T09:15:14.418+0200][64,741s] GC(7)   Other: 0,2ms
[2021-05-31T09:15:14.418+0200][64,741s] GC(7) Eden regions: 287->0(272)
[2021-05-31T09:15:14.418+0200][64,741s] GC(7) Survivor regions: 20->35(39)
[2021-05-31T09:15:14.418+0200][64,741s] GC(7) Old regions: 6->6
[2021-05-31T09:15:14.418+0200][64,741s] GC(7) Archive regions: 2->2
[2021-05-31T09:15:14.418+0200][64,741s] GC(7) Humongous regions: 5->4
[2021-05-31T09:15:14.418+0200][64,741s] GC(7) Metaspace: 47355K(48592K)->47355K(48592K) NonClass: 41680K(42448K)->41680K(42448K) Class: 5675K(6144K)->5675K(6144K)
[2021-05-31T09:15:14.418+0200][64,741s] GC(7) Pause Young (Normal) (G1 Evacuation Pause) 317M->44M(512M) 21,040ms
[2021-05-31T09:15:14.418+0200][64,741s] GC(7) User=0,15s Sys=0,00s Real=0,02s
[2021-05-31T11:06:18.579+0200][6728,902s] Heap
[2021-05-31T11:06:18.579+0200][6728,902s]  garbage-first heap   total 524288K, used 273069K [0x00000000e0000000, 0x0000000100000000)
[2021-05-31T11:06:18.579+0200][6728,902s]   region size 1024K, 256 young (262144K), 35 survivors (35840K)
[2021-05-31T11:06:18.579+0200][6728,902s]  Metaspace       used 53700K, capacity 54979K, committed 55248K, reserved 1097728K
[2021-05-31T11:06:18.579+0200][6728,902s]   class space    used 6359K, capacity 6888K, committed 6912K, reserved 1048576K
