[2021-05-28T11:25:02.537+0200][0.011s] Heap region size: 1M
[2021-05-28T11:25:02.538+0200][0.011s] Heap address: 0x00000000e0000000, size: 512 MB, Compressed Oops mode: 32-bit
[2021-05-28T11:25:02.868+0200][0.341s] Using G1
[2021-05-28T11:25:02.868+0200][0.342s] Mark closed archive regions in map: [0x00000000fff00000, 0x00000000fff7eff8]
[2021-05-28T11:25:02.868+0200][0.342s] Mark open archive regions in map: [0x00000000ffe00000, 0x00000000ffe51ff8]
[2021-05-28T11:25:02.885+0200][0,359s] Periodic GC disabled
[2021-05-28T11:25:03.417+0200][0,890s] GC(0) Pause Young (Normal) (G1 Evacuation Pause)
[2021-05-28T11:25:03.418+0200][0,891s] GC(0) Using 8 workers of 8 for evacuation
[2021-05-28T11:25:03.421+0200][0,894s] GC(0)   Pre Evacuate Collection Set: 0,1ms
[2021-05-28T11:25:03.421+0200][0,894s] GC(0)   Merge Heap Roots: 0,0ms
[2021-05-28T11:25:03.421+0200][0,894s] GC(0)   Evacuate Collection Set: 1,9ms
[2021-05-28T11:25:03.421+0200][0,894s] GC(0)   Post Evacuate Collection Set: 0,4ms
[2021-05-28T11:25:03.421+0200][0,894s] GC(0)   Other: 1,1ms
[2021-05-28T11:25:03.421+0200][0,894s] GC(0) Eden regions: 29->0(56)
[2021-05-28T11:25:03.421+0200][0,894s] GC(0) Survivor regions: 0->3(4)
[2021-05-28T11:25:03.421+0200][0,894s] GC(0) Old regions: 0->0
[2021-05-28T11:25:03.421+0200][0,894s] GC(0) Archive regions: 2->2
[2021-05-28T11:25:03.421+0200][0,894s] GC(0) Humongous regions: 0->0
[2021-05-28T11:25:03.421+0200][0,894s] GC(0) Metaspace: 5706K(7552K)->5706K(7552K) NonClass: 5035K(6656K)->5035K(6656K) Class: 671K(896K)->671K(896K)
[2021-05-28T11:25:03.421+0200][0,894s] GC(0) Pause Young (Normal) (G1 Evacuation Pause) 29M->3M(512M) 3,629ms
[2021-05-28T11:25:03.421+0200][0,894s] GC(0) User=0,01s Sys=0,01s Real=0,01s
[2021-05-28T11:25:04.288+0200][1,761s] GC(1) Pause Young (Normal) (G1 Evacuation Pause)
[2021-05-28T11:25:04.288+0200][1,761s] GC(1) Using 8 workers of 8 for evacuation
[2021-05-28T11:25:04.299+0200][1,772s] GC(1)   Pre Evacuate Collection Set: 0,1ms
[2021-05-28T11:25:04.299+0200][1,772s] GC(1)   Merge Heap Roots: 0,1ms
[2021-05-28T11:25:04.299+0200][1,772s] GC(1)   Evacuate Collection Set: 10,0ms
[2021-05-28T11:25:04.299+0200][1,772s] GC(1)   Post Evacuate Collection Set: 0,6ms
[2021-05-28T11:25:04.299+0200][1,772s] GC(1)   Other: 0,2ms
[2021-05-28T11:25:04.299+0200][1,772s] GC(1) Eden regions: 55->0(299)
[2021-05-28T11:25:04.299+0200][1,772s] GC(1) Survivor regions: 3->8(8)
[2021-05-28T11:25:04.299+0200][1,772s] GC(1) Old regions: 0->4
[2021-05-28T11:25:04.299+0200][1,772s] GC(1) Archive regions: 2->2
[2021-05-28T11:25:04.299+0200][1,772s] GC(1) Humongous regions: 4->4
[2021-05-28T11:25:04.299+0200][1,772s] GC(1) Metaspace: 15337K(16128K)->15337K(16128K) NonClass: 13509K(14080K)->13509K(14080K) Class: 1827K(2048K)->1827K(2048K)
[2021-05-28T11:25:04.299+0200][1,772s] GC(1) Pause Young (Normal) (G1 Evacuation Pause) 62M->16M(512M) 11,102ms
[2021-05-28T11:25:04.299+0200][1,772s] GC(1) User=0,06s Sys=0,01s Real=0,01s
[2021-05-28T11:25:04.894+0200][2,368s] GC(2) Pause Young (Concurrent Start) (Metadata GC Threshold)
[2021-05-28T11:25:04.894+0200][2,368s] GC(2) Using 8 workers of 8 for evacuation
[2021-05-28T11:25:04.908+0200][2,381s] GC(2)   Pre Evacuate Collection Set: 0,1ms
[2021-05-28T11:25:04.908+0200][2,381s] GC(2)   Merge Heap Roots: 0,1ms
[2021-05-28T11:25:04.908+0200][2,381s] GC(2)   Evacuate Collection Set: 11,9ms
[2021-05-28T11:25:04.908+0200][2,381s] GC(2)   Post Evacuate Collection Set: 1,1ms
[2021-05-28T11:25:04.908+0200][2,381s] GC(2)   Other: 0,3ms
[2021-05-28T11:25:04.908+0200][2,381s] GC(2) Eden regions: 58->0(179)
[2021-05-28T11:25:04.908+0200][2,381s] GC(2) Survivor regions: 8->15(39)
[2021-05-28T11:25:04.908+0200][2,381s] GC(2) Old regions: 4->4
[2021-05-28T11:25:04.908+0200][2,381s] GC(2) Archive regions: 2->2
[2021-05-28T11:25:04.908+0200][2,381s] GC(2) Humongous regions: 4->4
[2021-05-28T11:25:04.908+0200][2,381s] GC(2) Metaspace: 20336K(21248K)->20336K(21248K) NonClass: 17999K(18688K)->17999K(18688K) Class: 2336K(2560K)->2336K(2560K)
[2021-05-28T11:25:04.908+0200][2,381s] GC(2) Pause Young (Concurrent Start) (Metadata GC Threshold) 74M->23M(512M) 13,652ms
[2021-05-28T11:25:04.908+0200][2,381s] GC(2) User=0,08s Sys=0,00s Real=0,01s
[2021-05-28T11:25:04.908+0200][2,381s] GC(3) Concurrent Cycle
[2021-05-28T11:25:04.908+0200][2,381s] GC(3) Concurrent Clear Claimed Marks
[2021-05-28T11:25:04.908+0200][2,381s] GC(3) Concurrent Clear Claimed Marks 0,044ms
[2021-05-28T11:25:04.908+0200][2,381s] GC(3) Concurrent Scan Root Regions
[2021-05-28T11:25:04.914+0200][2,387s] GC(3) Concurrent Scan Root Regions 5,788ms
[2021-05-28T11:25:04.914+0200][2,387s] GC(3) Concurrent Mark (2,387s)
[2021-05-28T11:25:04.914+0200][2,387s] GC(3) Concurrent Mark From Roots
[2021-05-28T11:25:04.914+0200][2,387s] GC(3) Using 2 workers of 2 for marking
[2021-05-28T11:25:04.929+0200][2,402s] GC(3) Concurrent Mark From Roots 14,824ms
[2021-05-28T11:25:04.929+0200][2,402s] GC(3) Concurrent Preclean
[2021-05-28T11:25:04.929+0200][2,402s] GC(3) Concurrent Preclean 0,178ms
[2021-05-28T11:25:04.929+0200][2,402s] GC(3) Concurrent Mark (2,387s, 2,402s) 15,092ms
[2021-05-28T11:25:04.931+0200][2,404s] GC(3) Pause Remark
[2021-05-28T11:25:04.934+0200][2,407s] GC(3) Pause Remark 25M->25M(512M) 3,277ms
[2021-05-28T11:25:04.934+0200][2,407s] GC(3) User=0,01s Sys=0,01s Real=0,01s
[2021-05-28T11:25:04.934+0200][2,407s] GC(3) Concurrent Rebuild Remembered Sets
[2021-05-28T11:25:04.941+0200][2,415s] GC(3) Concurrent Rebuild Remembered Sets 7,372ms
[2021-05-28T11:25:04.942+0200][2,416s] GC(3) Pause Cleanup
[2021-05-28T11:25:04.943+0200][2,416s] GC(3) Pause Cleanup 25M->25M(512M) 0,170ms
[2021-05-28T11:25:04.943+0200][2,416s] GC(3) User=0,00s Sys=0,00s Real=0,00s
[2021-05-28T11:25:04.943+0200][2,416s] GC(3) Concurrent Cleanup for Next Mark
[2021-05-28T11:25:04.943+0200][2,417s] GC(3) Concurrent Cleanup for Next Mark 0,516ms
[2021-05-28T11:25:04.943+0200][2,417s] GC(3) Concurrent Cycle 35,335ms
[2021-05-28T11:25:52.193+0200][49,666s] Heap
[2021-05-28T11:25:52.193+0200][49,666s]  garbage-first heap   total 524288K, used 113356K [0x00000000e0000000, 0x0000000100000000)
[2021-05-28T11:25:52.193+0200][49,666s]   region size 1024K, 103 young (105472K), 15 survivors (15360K)
[2021-05-28T11:25:52.193+0200][49,666s]  Metaspace       used 31573K, capacity 32288K, committed 32640K, reserved 1077248K
[2021-05-28T11:25:52.193+0200][49,666s]   class space    used 3672K, capacity 3917K, committed 3968K, reserved 1048576K
