[2021-05-31T11:06:20.824+0200][0.010s] Heap region size: 1M
[2021-05-31T11:06:20.825+0200][0.010s] Heap address: 0x00000000e0000000, size: 512 MB, Compressed Oops mode: 32-bit
[2021-05-31T11:06:21.148+0200][0.334s] Using G1
[2021-05-31T11:06:21.148+0200][0.334s] Mark closed archive regions in map: [0x00000000fff00000, 0x00000000fff7eff8]
[2021-05-31T11:06:21.149+0200][0.334s] Mark open archive regions in map: [0x00000000ffe00000, 0x00000000ffe51ff8]
[2021-05-31T11:06:21.168+0200][0,354s] Periodic GC disabled
[2021-05-31T11:06:21.815+0200][1,001s] GC(0) Pause Young (Normal) (G1 Evacuation Pause)
[2021-05-31T11:06:21.816+0200][1,002s] GC(0) Using 8 workers of 8 for evacuation
[2021-05-31T11:06:21.819+0200][1,004s] GC(0)   Pre Evacuate Collection Set: 0,1ms
[2021-05-31T11:06:21.819+0200][1,004s] GC(0)   Merge Heap Roots: 0,0ms
[2021-05-31T11:06:21.819+0200][1,004s] GC(0)   Evacuate Collection Set: 1,9ms
[2021-05-31T11:06:21.819+0200][1,004s] GC(0)   Post Evacuate Collection Set: 0,4ms
[2021-05-31T11:06:21.819+0200][1,004s] GC(0)   Other: 1,0ms
[2021-05-31T11:06:21.819+0200][1,004s] GC(0) Eden regions: 29->0(56)
[2021-05-31T11:06:21.819+0200][1,004s] GC(0) Survivor regions: 0->3(4)
[2021-05-31T11:06:21.819+0200][1,004s] GC(0) Old regions: 0->0
[2021-05-31T11:06:21.819+0200][1,004s] GC(0) Archive regions: 2->2
[2021-05-31T11:06:21.819+0200][1,004s] GC(0) Humongous regions: 0->0
[2021-05-31T11:06:21.819+0200][1,004s] GC(0) Metaspace: 5738K(7552K)->5738K(7552K) NonClass: 5066K(6656K)->5066K(6656K) Class: 671K(896K)->671K(896K)
[2021-05-31T11:06:21.819+0200][1,004s] GC(0) Pause Young (Normal) (G1 Evacuation Pause) 29M->3M(512M) 3,673ms
[2021-05-31T11:06:21.819+0200][1,004s] GC(0) User=0,02s Sys=0,00s Real=0,01s
[2021-05-31T11:06:22.715+0200][1,901s] GC(1) Pause Young (Normal) (G1 Evacuation Pause)
[2021-05-31T11:06:22.715+0200][1,901s] GC(1) Using 8 workers of 8 for evacuation
[2021-05-31T11:06:22.726+0200][1,911s] GC(1)   Pre Evacuate Collection Set: 0,1ms
[2021-05-31T11:06:22.726+0200][1,911s] GC(1)   Merge Heap Roots: 0,1ms
[2021-05-31T11:06:22.726+0200][1,911s] GC(1)   Evacuate Collection Set: 9,8ms
[2021-05-31T11:06:22.726+0200][1,911s] GC(1)   Post Evacuate Collection Set: 0,6ms
[2021-05-31T11:06:22.726+0200][1,911s] GC(1)   Other: 0,2ms
[2021-05-31T11:06:22.726+0200][1,911s] GC(1) Eden regions: 55->0(299)
[2021-05-31T11:06:22.726+0200][1,911s] GC(1) Survivor regions: 3->8(8)
[2021-05-31T11:06:22.726+0200][1,911s] GC(1) Old regions: 0->4
[2021-05-31T11:06:22.726+0200][1,911s] GC(1) Archive regions: 2->2
[2021-05-31T11:06:22.726+0200][1,911s] GC(1) Humongous regions: 4->4
[2021-05-31T11:06:22.726+0200][1,911s] GC(1) Metaspace: 15367K(16128K)->15367K(16128K) NonClass: 13539K(14080K)->13539K(14080K) Class: 1827K(2048K)->1827K(2048K)
[2021-05-31T11:06:22.726+0200][1,911s] GC(1) Pause Young (Normal) (G1 Evacuation Pause) 62M->16M(512M) 10,895ms
[2021-05-31T11:06:22.726+0200][1,911s] GC(1) User=0,08s Sys=0,00s Real=0,01s
[2021-05-31T11:06:23.268+0200][2,454s] GC(2) Pause Young (Concurrent Start) (Metadata GC Threshold)
[2021-05-31T11:06:23.268+0200][2,454s] GC(2) Using 8 workers of 8 for evacuation
[2021-05-31T11:06:23.279+0200][2,465s] GC(2)   Pre Evacuate Collection Set: 0,2ms
[2021-05-31T11:06:23.279+0200][2,465s] GC(2)   Merge Heap Roots: 0,1ms
[2021-05-31T11:06:23.279+0200][2,465s] GC(2)   Evacuate Collection Set: 9,1ms
[2021-05-31T11:06:23.279+0200][2,465s] GC(2)   Post Evacuate Collection Set: 1,1ms
[2021-05-31T11:06:23.279+0200][2,465s] GC(2)   Other: 0,3ms
[2021-05-31T11:06:23.279+0200][2,465s] GC(2) Eden regions: 57->0(181)
[2021-05-31T11:06:23.279+0200][2,465s] GC(2) Survivor regions: 8->16(39)
[2021-05-31T11:06:23.279+0200][2,465s] GC(2) Old regions: 4->4
[2021-05-31T11:06:23.279+0200][2,465s] GC(2) Archive regions: 2->2
[2021-05-31T11:06:23.279+0200][2,465s] GC(2) Humongous regions: 4->4
[2021-05-31T11:06:23.279+0200][2,465s] GC(2) Metaspace: 20348K(21248K)->20348K(21248K) NonClass: 18011K(18688K)->18011K(18688K) Class: 2336K(2560K)->2336K(2560K)
[2021-05-31T11:06:23.279+0200][2,465s] GC(2) Pause Young (Concurrent Start) (Metadata GC Threshold) 73M->24M(512M) 10,971ms
[2021-05-31T11:06:23.279+0200][2,465s] GC(2) User=0,06s Sys=0,01s Real=0,01s
[2021-05-31T11:06:23.279+0200][2,465s] GC(3) Concurrent Cycle
[2021-05-31T11:06:23.279+0200][2,465s] GC(3) Concurrent Clear Claimed Marks
[2021-05-31T11:06:23.279+0200][2,465s] GC(3) Concurrent Clear Claimed Marks 0,045ms
[2021-05-31T11:06:23.279+0200][2,465s] GC(3) Concurrent Scan Root Regions
[2021-05-31T11:06:23.284+0200][2,469s] GC(3) Concurrent Scan Root Regions 4,139ms
[2021-05-31T11:06:23.284+0200][2,469s] GC(3) Concurrent Mark (2,469s)
[2021-05-31T11:06:23.284+0200][2,469s] GC(3) Concurrent Mark From Roots
[2021-05-31T11:06:23.284+0200][2,469s] GC(3) Using 2 workers of 2 for marking
[2021-05-31T11:06:23.295+0200][2,481s] GC(3) Concurrent Mark From Roots 11,341ms
[2021-05-31T11:06:23.295+0200][2,481s] GC(3) Concurrent Preclean
[2021-05-31T11:06:23.295+0200][2,481s] GC(3) Concurrent Preclean 0,152ms
[2021-05-31T11:06:23.295+0200][2,481s] GC(3) Concurrent Mark (2,469s, 2,481s) 11,561ms
[2021-05-31T11:06:23.295+0200][2,481s] GC(3) Pause Remark
[2021-05-31T11:06:23.297+0200][2,483s] GC(3) Pause Remark 25M->25M(512M) 1,620ms
[2021-05-31T11:06:23.297+0200][2,483s] GC(3) User=0,01s Sys=0,00s Real=0,01s
[2021-05-31T11:06:23.297+0200][2,483s] GC(3) Concurrent Rebuild Remembered Sets
[2021-05-31T11:06:23.303+0200][2,489s] GC(3) Concurrent Rebuild Remembered Sets 5,640ms
[2021-05-31T11:06:23.303+0200][2,489s] GC(3) Pause Cleanup
[2021-05-31T11:06:23.304+0200][2,489s] GC(3) Pause Cleanup 26M->26M(512M) 0,179ms
[2021-05-31T11:06:23.304+0200][2,489s] GC(3) User=0,00s Sys=0,00s Real=0,00s
[2021-05-31T11:06:23.304+0200][2,489s] GC(3) Concurrent Cleanup for Next Mark
[2021-05-31T11:06:23.304+0200][2,490s] GC(3) Concurrent Cleanup for Next Mark 0,521ms
[2021-05-31T11:06:23.304+0200][2,490s] GC(3) Concurrent Cycle 24,873ms
[2021-05-31T11:06:25.223+0200][4,409s] GC(4) Pause Young (Normal) (G1 Evacuation Pause)
[2021-05-31T11:06:25.223+0200][4,409s] GC(4) Using 8 workers of 8 for evacuation
[2021-05-31T11:06:25.242+0200][4,428s] GC(4)   Pre Evacuate Collection Set: 0,2ms
[2021-05-31T11:06:25.242+0200][4,428s] GC(4)   Merge Heap Roots: 0,1ms
[2021-05-31T11:06:25.242+0200][4,428s] GC(4)   Evacuate Collection Set: 17,6ms
[2021-05-31T11:06:25.242+0200][4,428s] GC(4)   Post Evacuate Collection Set: 1,2ms
[2021-05-31T11:06:25.242+0200][4,428s] GC(4)   Other: 0,3ms
[2021-05-31T11:06:25.242+0200][4,428s] GC(4) Eden regions: 189->0(288)
[2021-05-31T11:06:25.242+0200][4,428s] GC(4) Survivor regions: 16->19(26)
[2021-05-31T11:06:25.242+0200][4,428s] GC(4) Old regions: 4->6
[2021-05-31T11:06:25.242+0200][4,428s] GC(4) Archive regions: 2->2
[2021-05-31T11:06:25.242+0200][4,428s] GC(4) Humongous regions: 4->4
[2021-05-31T11:06:25.242+0200][4,428s] GC(4) Metaspace: 33526K(34688K)->33526K(34688K) NonClass: 29667K(30464K)->29667K(30464K) Class: 3859K(4224K)->3859K(4224K)
[2021-05-31T11:06:25.242+0200][4,428s] GC(4) Pause Young (Normal) (G1 Evacuation Pause) 213M->29M(512M) 19,517ms
[2021-05-31T11:06:25.242+0200][4,428s] GC(4) User=0,13s Sys=0,00s Real=0,02s
[2021-05-31T11:06:25.375+0200][4,560s] GC(5) Pause Young (Concurrent Start) (Metadata GC Threshold)
[2021-05-31T11:06:25.375+0200][4,560s] GC(5) Using 8 workers of 8 for evacuation
[2021-05-31T11:06:25.388+0200][4,574s] GC(5)   Pre Evacuate Collection Set: 0,2ms
[2021-05-31T11:06:25.388+0200][4,574s] GC(5)   Merge Heap Roots: 0,1ms
[2021-05-31T11:06:25.388+0200][4,574s] GC(5)   Evacuate Collection Set: 12,2ms
[2021-05-31T11:06:25.388+0200][4,574s] GC(5)   Post Evacuate Collection Set: 0,8ms
[2021-05-31T11:06:25.388+0200][4,574s] GC(5)   Other: 0,2ms
[2021-05-31T11:06:25.388+0200][4,574s] GC(5) Eden regions: 34->0(287)
[2021-05-31T11:06:25.388+0200][4,574s] GC(5) Survivor regions: 19->20(39)
[2021-05-31T11:06:25.388+0200][4,574s] GC(5) Old regions: 6->6
[2021-05-31T11:06:25.388+0200][4,574s] GC(5) Archive regions: 2->2
[2021-05-31T11:06:25.388+0200][4,574s] GC(5) Humongous regions: 4->4
[2021-05-31T11:06:25.388+0200][4,574s] GC(5) Metaspace: 34619K(35584K)->34619K(35584K) NonClass: 30623K(31232K)->30623K(31232K) Class: 3995K(4352K)->3995K(4352K)
[2021-05-31T11:06:25.388+0200][4,574s] GC(5) Pause Young (Concurrent Start) (Metadata GC Threshold) 63M->29M(512M) 13,627ms
[2021-05-31T11:06:25.388+0200][4,574s] GC(5) User=0,09s Sys=0,01s Real=0,02s
[2021-05-31T11:06:25.388+0200][4,574s] GC(6) Concurrent Cycle
[2021-05-31T11:06:25.388+0200][4,574s] GC(6) Concurrent Clear Claimed Marks
[2021-05-31T11:06:25.388+0200][4,574s] GC(6) Concurrent Clear Claimed Marks 0,071ms
[2021-05-31T11:06:25.388+0200][4,574s] GC(6) Concurrent Scan Root Regions
[2021-05-31T11:06:25.394+0200][4,580s] GC(6) Concurrent Scan Root Regions 5,943ms
[2021-05-31T11:06:25.394+0200][4,580s] GC(6) Concurrent Mark (4,580s)
[2021-05-31T11:06:25.394+0200][4,580s] GC(6) Concurrent Mark From Roots
[2021-05-31T11:06:25.394+0200][4,580s] GC(6) Using 2 workers of 2 for marking
[2021-05-31T11:06:25.407+0200][4,593s] GC(6) Concurrent Mark From Roots 12,650ms
[2021-05-31T11:06:25.407+0200][4,593s] GC(6) Concurrent Preclean
[2021-05-31T11:06:25.407+0200][4,593s] GC(6) Concurrent Preclean 0,197ms
[2021-05-31T11:06:25.407+0200][4,593s] GC(6) Concurrent Mark (4,580s, 4,593s) 12,940ms
[2021-05-31T11:06:25.408+0200][4,593s] GC(6) Pause Remark
[2021-05-31T11:06:25.410+0200][4,596s] GC(6) Pause Remark 33M->33M(512M) 2,727ms
[2021-05-31T11:06:25.410+0200][4,596s] GC(6) User=0,01s Sys=0,00s Real=0,01s
[2021-05-31T11:06:25.411+0200][4,596s] GC(6) Concurrent Rebuild Remembered Sets
[2021-05-31T11:06:25.418+0200][4,604s] GC(6) Concurrent Rebuild Remembered Sets 7,321ms
[2021-05-31T11:06:25.419+0200][4,604s] GC(6) Pause Cleanup
[2021-05-31T11:06:25.419+0200][4,605s] GC(6) Pause Cleanup 34M->34M(512M) 0,158ms
[2021-05-31T11:06:25.419+0200][4,605s] GC(6) User=0,00s Sys=0,00s Real=0,00s
[2021-05-31T11:06:25.419+0200][4,605s] GC(6) Concurrent Cleanup for Next Mark
[2021-05-31T11:06:25.419+0200][4,605s] GC(6) Concurrent Cleanup for Next Mark 0,575ms
[2021-05-31T11:06:25.420+0200][4,605s] GC(6) Concurrent Cycle 31,201ms
[2021-05-31T11:07:19.750+0200][58,936s] Heap
[2021-05-31T11:07:19.750+0200][58,936s]  garbage-first heap   total 524288K, used 305038K [0x00000000e0000000, 0x0000000100000000)
[2021-05-31T11:07:19.750+0200][58,936s]   region size 1024K, 288 young (294912K), 20 survivors (20480K)
[2021-05-31T11:07:19.750+0200][58,936s]  Metaspace       used 49044K, capacity 50210K, committed 50432K, reserved 1093632K
[2021-05-31T11:07:19.750+0200][58,936s]   class space    used 5895K, capacity 6342K, committed 6400K, reserved 1048576K
