[2021-05-28T11:19:22.463+0200][0.010s] Heap region size: 1M
[2021-05-28T11:19:22.463+0200][0.011s] Heap address: 0x00000000e0000000, size: 512 MB, Compressed Oops mode: 32-bit
[2021-05-28T11:19:22.814+0200][0.362s] Using G1
[2021-05-28T11:19:22.815+0200][0.362s] Mark closed archive regions in map: [0x00000000fff00000, 0x00000000fff7eff8]
[2021-05-28T11:19:22.815+0200][0.362s] Mark open archive regions in map: [0x00000000ffe00000, 0x00000000ffe51ff8]
[2021-05-28T11:19:22.835+0200][0,383s] Periodic GC disabled
[2021-05-28T11:19:23.372+0200][0,920s] GC(0) Pause Young (Normal) (G1 Evacuation Pause)
[2021-05-28T11:19:23.373+0200][0,921s] GC(0) Using 8 workers of 8 for evacuation
[2021-05-28T11:19:23.376+0200][0,923s] GC(0)   Pre Evacuate Collection Set: 0,1ms
[2021-05-28T11:19:23.376+0200][0,923s] GC(0)   Merge Heap Roots: 0,1ms
[2021-05-28T11:19:23.376+0200][0,923s] GC(0)   Evacuate Collection Set: 2,1ms
[2021-05-28T11:19:23.376+0200][0,923s] GC(0)   Post Evacuate Collection Set: 0,4ms
[2021-05-28T11:19:23.376+0200][0,924s] GC(0)   Other: 1,2ms
[2021-05-28T11:19:23.376+0200][0,924s] GC(0) Eden regions: 29->0(56)
[2021-05-28T11:19:23.376+0200][0,924s] GC(0) Survivor regions: 0->3(4)
[2021-05-28T11:19:23.376+0200][0,924s] GC(0) Old regions: 0->0
[2021-05-28T11:19:23.376+0200][0,924s] GC(0) Archive regions: 2->2
[2021-05-28T11:19:23.376+0200][0,924s] GC(0) Humongous regions: 0->0
[2021-05-28T11:19:23.376+0200][0,924s] GC(0) Metaspace: 5748K(7552K)->5748K(7552K) NonClass: 5071K(6656K)->5071K(6656K) Class: 677K(896K)->677K(896K)
[2021-05-28T11:19:23.376+0200][0,924s] GC(0) Pause Young (Normal) (G1 Evacuation Pause) 29M->3M(512M) 3,895ms
[2021-05-28T11:19:23.376+0200][0,924s] GC(0) User=0,01s Sys=0,01s Real=0,01s
[2021-05-28T11:19:24.312+0200][1,860s] GC(1) Pause Young (Normal) (G1 Evacuation Pause)
[2021-05-28T11:19:24.313+0200][1,860s] GC(1) Using 8 workers of 8 for evacuation
[2021-05-28T11:19:24.325+0200][1,873s] GC(1)   Pre Evacuate Collection Set: 0,2ms
[2021-05-28T11:19:24.325+0200][1,873s] GC(1)   Merge Heap Roots: 0,1ms
[2021-05-28T11:19:24.325+0200][1,873s] GC(1)   Evacuate Collection Set: 11,5ms
[2021-05-28T11:19:24.325+0200][1,873s] GC(1)   Post Evacuate Collection Set: 0,6ms
[2021-05-28T11:19:24.325+0200][1,873s] GC(1)   Other: 0,2ms
[2021-05-28T11:19:24.325+0200][1,873s] GC(1) Eden regions: 55->0(299)
[2021-05-28T11:19:24.325+0200][1,873s] GC(1) Survivor regions: 3->8(8)
[2021-05-28T11:19:24.325+0200][1,873s] GC(1) Old regions: 0->4
[2021-05-28T11:19:24.325+0200][1,873s] GC(1) Archive regions: 2->2
[2021-05-28T11:19:24.325+0200][1,873s] GC(1) Humongous regions: 4->4
[2021-05-28T11:19:24.325+0200][1,873s] GC(1) Metaspace: 15517K(16384K)->15517K(16384K) NonClass: 13672K(14336K)->13672K(14336K) Class: 1845K(2048K)->1845K(2048K)
[2021-05-28T11:19:24.325+0200][1,873s] GC(1) Pause Young (Normal) (G1 Evacuation Pause) 62M->16M(512M) 12,650ms
[2021-05-28T11:19:24.325+0200][1,873s] GC(1) User=0,09s Sys=0,01s Real=0,01s
[2021-05-28T11:19:24.880+0200][2,427s] GC(2) Pause Young (Concurrent Start) (Metadata GC Threshold)
[2021-05-28T11:19:24.880+0200][2,427s] GC(2) Using 8 workers of 8 for evacuation
[2021-05-28T11:19:24.890+0200][2,438s] GC(2)   Pre Evacuate Collection Set: 0,2ms
[2021-05-28T11:19:24.890+0200][2,438s] GC(2)   Merge Heap Roots: 0,1ms
[2021-05-28T11:19:24.890+0200][2,438s] GC(2)   Evacuate Collection Set: 9,0ms
[2021-05-28T11:19:24.890+0200][2,438s] GC(2)   Post Evacuate Collection Set: 1,1ms
[2021-05-28T11:19:24.890+0200][2,438s] GC(2)   Other: 0,3ms
[2021-05-28T11:19:24.890+0200][2,438s] GC(2) Eden regions: 53->0(281)
[2021-05-28T11:19:24.890+0200][2,438s] GC(2) Survivor regions: 8->15(39)
[2021-05-28T11:19:24.890+0200][2,438s] GC(2) Old regions: 4->4
[2021-05-28T11:19:24.890+0200][2,438s] GC(2) Archive regions: 2->2
[2021-05-28T11:19:24.890+0200][2,438s] GC(2) Humongous regions: 4->4
[2021-05-28T11:19:24.890+0200][2,438s] GC(2) Metaspace: 20398K(21248K)->20398K(21248K) NonClass: 18061K(18688K)->18061K(18688K) Class: 2336K(2560K)->2336K(2560K)
[2021-05-28T11:19:24.890+0200][2,438s] GC(2) Pause Young (Concurrent Start) (Metadata GC Threshold) 69M->23M(512M) 10,679ms
[2021-05-28T11:19:24.890+0200][2,438s] GC(2) User=0,08s Sys=0,00s Real=0,01s
[2021-05-28T11:19:24.891+0200][2,438s] GC(3) Concurrent Cycle
[2021-05-28T11:19:24.891+0200][2,438s] GC(3) Concurrent Clear Claimed Marks
[2021-05-28T11:19:24.891+0200][2,438s] GC(3) Concurrent Clear Claimed Marks 0,041ms
[2021-05-28T11:19:24.891+0200][2,438s] GC(3) Concurrent Scan Root Regions
[2021-05-28T11:19:24.896+0200][2,444s] GC(3) Concurrent Scan Root Regions 5,343ms
[2021-05-28T11:19:24.896+0200][2,444s] GC(3) Concurrent Mark (2,444s)
[2021-05-28T11:19:24.896+0200][2,444s] GC(3) Concurrent Mark From Roots
[2021-05-28T11:19:24.896+0200][2,444s] GC(3) Using 2 workers of 2 for marking
[2021-05-28T11:19:24.909+0200][2,456s] GC(3) Concurrent Mark From Roots 12,630ms
[2021-05-28T11:19:24.909+0200][2,456s] GC(3) Concurrent Preclean
[2021-05-28T11:19:24.909+0200][2,456s] GC(3) Concurrent Preclean 0,153ms
[2021-05-28T11:19:24.909+0200][2,456s] GC(3) Concurrent Mark (2,444s, 2,456s) 12,862ms
[2021-05-28T11:19:24.909+0200][2,457s] GC(3) Pause Remark
[2021-05-28T11:19:24.911+0200][2,458s] GC(3) Pause Remark 25M->25M(512M) 1,642ms
[2021-05-28T11:19:24.911+0200][2,458s] GC(3) User=0,00s Sys=0,00s Real=0,00s
[2021-05-28T11:19:24.911+0200][2,458s] GC(3) Concurrent Rebuild Remembered Sets
[2021-05-28T11:19:24.918+0200][2,466s] GC(3) Concurrent Rebuild Remembered Sets 7,058ms
[2021-05-28T11:19:24.918+0200][2,466s] GC(3) Pause Cleanup
[2021-05-28T11:19:24.919+0200][2,466s] GC(3) Pause Cleanup 25M->25M(512M) 0,168ms
[2021-05-28T11:19:24.919+0200][2,466s] GC(3) User=0,00s Sys=0,00s Real=0,00s
[2021-05-28T11:19:24.919+0200][2,466s] GC(3) Concurrent Cleanup for Next Mark
[2021-05-28T11:19:24.919+0200][2,467s] GC(3) Concurrent Cleanup for Next Mark 0,496ms
[2021-05-28T11:19:24.919+0200][2,467s] GC(3) Concurrent Cycle 28,747ms
[2021-05-28T11:19:26.643+0200][4,190s] GC(4) Pause Young (Concurrent Start) (Metadata GC Threshold)
[2021-05-28T11:19:26.643+0200][4,191s] GC(4) Using 8 workers of 8 for evacuation
[2021-05-28T11:19:26.657+0200][4,204s] GC(4)   Pre Evacuate Collection Set: 0,2ms
[2021-05-28T11:19:26.657+0200][4,204s] GC(4)   Merge Heap Roots: 0,1ms
[2021-05-28T11:19:26.657+0200][4,204s] GC(4)   Evacuate Collection Set: 12,2ms
[2021-05-28T11:19:26.657+0200][4,204s] GC(4)   Post Evacuate Collection Set: 1,0ms
[2021-05-28T11:19:26.657+0200][4,204s] GC(4)   Other: 0,3ms
[2021-05-28T11:19:26.657+0200][4,204s] GC(4) Eden regions: 216->0(286)
[2021-05-28T11:19:26.657+0200][4,204s] GC(4) Survivor regions: 15->21(39)
[2021-05-28T11:19:26.657+0200][4,204s] GC(4) Old regions: 4->4
[2021-05-28T11:19:26.657+0200][4,204s] GC(4) Archive regions: 2->2
[2021-05-28T11:19:26.657+0200][4,204s] GC(4) Humongous regions: 4->4
[2021-05-28T11:19:26.657+0200][4,204s] GC(4) Metaspace: 34909K(35964K)->34909K(35964K) NonClass: 30846K(31484K)->30846K(31484K) Class: 4062K(4480K)->4062K(4480K)
[2021-05-28T11:19:26.657+0200][4,204s] GC(4) Pause Young (Concurrent Start) (Metadata GC Threshold) 239M->29M(512M) 13,865ms
[2021-05-28T11:19:26.657+0200][4,204s] GC(4) User=0,09s Sys=0,00s Real=0,01s
[2021-05-28T11:19:26.657+0200][4,204s] GC(5) Concurrent Cycle
[2021-05-28T11:19:26.657+0200][4,204s] GC(5) Concurrent Clear Claimed Marks
[2021-05-28T11:19:26.657+0200][4,205s] GC(5) Concurrent Clear Claimed Marks 0,070ms
[2021-05-28T11:19:26.657+0200][4,205s] GC(5) Concurrent Scan Root Regions
[2021-05-28T11:19:26.664+0200][4,211s] GC(5) Concurrent Scan Root Regions 6,600ms
[2021-05-28T11:19:26.664+0200][4,211s] GC(5) Concurrent Mark (4,211s)
[2021-05-28T11:19:26.664+0200][4,211s] GC(5) Concurrent Mark From Roots
[2021-05-28T11:19:26.664+0200][4,211s] GC(5) Using 2 workers of 2 for marking
[2021-05-28T11:19:26.676+0200][4,224s] GC(5) Concurrent Mark From Roots 12,521ms
[2021-05-28T11:19:26.676+0200][4,224s] GC(5) Concurrent Preclean
[2021-05-28T11:19:26.676+0200][4,224s] GC(5) Concurrent Preclean 0,162ms
[2021-05-28T11:19:26.676+0200][4,224s] GC(5) Concurrent Mark (4,211s, 4,224s) 12,770ms
[2021-05-28T11:19:26.677+0200][4,224s] GC(5) Pause Remark
[2021-05-28T11:19:26.679+0200][4,226s] GC(5) Pause Remark 32M->32M(512M) 2,123ms
[2021-05-28T11:19:26.679+0200][4,226s] GC(5) User=0,01s Sys=0,00s Real=0,00s
[2021-05-28T11:19:26.679+0200][4,226s] GC(5) Concurrent Rebuild Remembered Sets
[2021-05-28T11:19:26.686+0200][4,233s] GC(5) Concurrent Rebuild Remembered Sets 6,973ms
[2021-05-28T11:19:26.686+0200][4,234s] GC(5) Pause Cleanup
[2021-05-28T11:19:26.686+0200][4,234s] GC(5) Pause Cleanup 33M->33M(512M) 0,158ms
[2021-05-28T11:19:26.686+0200][4,234s] GC(5) User=0,00s Sys=0,00s Real=0,00s
[2021-05-28T11:19:26.687+0200][4,234s] GC(5) Concurrent Cleanup for Next Mark
[2021-05-28T11:19:26.687+0200][4,235s] GC(5) Concurrent Cleanup for Next Mark 0,744ms
[2021-05-28T11:19:26.687+0200][4,235s] GC(5) Concurrent Cycle 30,459ms
[2021-05-28T11:19:51.097+0200][28,644s] GC(6) Pause Young (Normal) (G1 Evacuation Pause)
[2021-05-28T11:19:51.097+0200][28,644s] GC(6) Using 8 workers of 8 for evacuation
[2021-05-28T11:19:51.137+0200][28,684s] GC(6)   Pre Evacuate Collection Set: 0,2ms
[2021-05-28T11:19:51.137+0200][28,684s] GC(6)   Merge Heap Roots: 0,1ms
[2021-05-28T11:19:51.137+0200][28,684s] GC(6)   Evacuate Collection Set: 35,9ms
[2021-05-28T11:19:51.137+0200][28,684s] GC(6)   Post Evacuate Collection Set: 3,3ms
[2021-05-28T11:19:51.137+0200][28,684s] GC(6)   Other: 0,4ms
[2021-05-28T11:19:51.137+0200][28,684s] GC(6) Eden regions: 286->0(270)
[2021-05-28T11:19:51.137+0200][28,684s] GC(6) Survivor regions: 21->37(39)
[2021-05-28T11:19:51.137+0200][28,684s] GC(6) Old regions: 4->4
[2021-05-28T11:19:51.137+0200][28,684s] GC(6) Archive regions: 2->2
[2021-05-28T11:19:51.137+0200][28,684s] GC(6) Humongous regions: 5->4
[2021-05-28T11:19:51.137+0200][28,684s] GC(6) Metaspace: 48936K(50428K)->48936K(50428K) NonClass: 43077K(44028K)->43077K(44028K) Class: 5859K(6400K)->5859K(6400K)
[2021-05-28T11:19:51.137+0200][28,684s] GC(6) Pause Young (Normal) (G1 Evacuation Pause) 316M->45M(512M) 39,993ms
[2021-05-28T11:19:51.137+0200][28,684s] GC(6) User=0,16s Sys=0,00s Real=0,04s
[2021-05-28T11:25:00.355+0200][337,902s] Heap
[2021-05-28T11:25:00.355+0200][337,902s]  garbage-first heap   total 524288K, used 72486K [0x00000000e0000000, 0x0000000100000000)
[2021-05-28T11:25:00.355+0200][337,902s]   region size 1024K, 63 young (64512K), 37 survivors (37888K)
[2021-05-28T11:25:00.355+0200][337,902s]  Metaspace       used 49846K, capacity 51104K, committed 51324K, reserved 1093632K
[2021-05-28T11:25:00.355+0200][337,902s]   class space    used 5966K, capacity 6453K, committed 6528K, reserved 1048576K
