[2021-05-28T11:36:58.165+0200][0.010s] Heap region size: 1M
[2021-05-28T11:36:58.166+0200][0.010s] Heap address: 0x00000000e0000000, size: 512 MB, Compressed Oops mode: 32-bit
[2021-05-28T11:36:58.496+0200][0.341s] Using G1
[2021-05-28T11:36:58.496+0200][0.341s] Mark closed archive regions in map: [0x00000000fff00000, 0x00000000fff7eff8]
[2021-05-28T11:36:58.497+0200][0.341s] Mark open archive regions in map: [0x00000000ffe00000, 0x00000000ffe51ff8]
[2021-05-28T11:36:58.512+0200][0,357s] Periodic GC disabled
[2021-05-28T11:36:59.073+0200][0,917s] GC(0) Pause Young (Normal) (G1 Evacuation Pause)
[2021-05-28T11:36:59.074+0200][0,918s] GC(0) Using 8 workers of 8 for evacuation
[2021-05-28T11:36:59.076+0200][0,921s] GC(0)   Pre Evacuate Collection Set: 0,1ms
[2021-05-28T11:36:59.076+0200][0,921s] GC(0)   Merge Heap Roots: 0,1ms
[2021-05-28T11:36:59.076+0200][0,921s] GC(0)   Evacuate Collection Set: 1,8ms
[2021-05-28T11:36:59.076+0200][0,921s] GC(0)   Post Evacuate Collection Set: 0,4ms
[2021-05-28T11:36:59.076+0200][0,921s] GC(0)   Other: 1,1ms
[2021-05-28T11:36:59.076+0200][0,921s] GC(0) Eden regions: 29->0(56)
[2021-05-28T11:36:59.076+0200][0,921s] GC(0) Survivor regions: 0->3(4)
[2021-05-28T11:36:59.076+0200][0,921s] GC(0) Old regions: 0->0
[2021-05-28T11:36:59.076+0200][0,921s] GC(0) Archive regions: 2->2
[2021-05-28T11:36:59.076+0200][0,921s] GC(0) Humongous regions: 0->0
[2021-05-28T11:36:59.076+0200][0,921s] GC(0) Metaspace: 5726K(7552K)->5726K(7552K) NonClass: 5054K(6656K)->5054K(6656K) Class: 671K(896K)->671K(896K)
[2021-05-28T11:36:59.076+0200][0,921s] GC(0) Pause Young (Normal) (G1 Evacuation Pause) 29M->3M(512M) 3,558ms
[2021-05-28T11:36:59.076+0200][0,921s] GC(0) User=0,01s Sys=0,01s Real=0,00s
[2021-05-28T11:36:59.961+0200][1,806s] GC(1) Pause Young (Normal) (G1 Evacuation Pause)
[2021-05-28T11:36:59.961+0200][1,806s] GC(1) Using 8 workers of 8 for evacuation
[2021-05-28T11:36:59.973+0200][1,817s] GC(1)   Pre Evacuate Collection Set: 0,1ms
[2021-05-28T11:36:59.973+0200][1,817s] GC(1)   Merge Heap Roots: 0,1ms
[2021-05-28T11:36:59.973+0200][1,817s] GC(1)   Evacuate Collection Set: 10,2ms
[2021-05-28T11:36:59.973+0200][1,817s] GC(1)   Post Evacuate Collection Set: 0,8ms
[2021-05-28T11:36:59.973+0200][1,817s] GC(1)   Other: 0,2ms
[2021-05-28T11:36:59.973+0200][1,817s] GC(1) Eden regions: 55->0(299)
[2021-05-28T11:36:59.973+0200][1,817s] GC(1) Survivor regions: 3->8(8)
[2021-05-28T11:36:59.973+0200][1,817s] GC(1) Old regions: 0->4
[2021-05-28T11:36:59.973+0200][1,817s] GC(1) Archive regions: 2->2
[2021-05-28T11:36:59.973+0200][1,817s] GC(1) Humongous regions: 4->4
[2021-05-28T11:36:59.973+0200][1,817s] GC(1) Metaspace: 15493K(16128K)->15493K(16128K) NonClass: 13647K(14080K)->13647K(14080K) Class: 1845K(2048K)->1845K(2048K)
[2021-05-28T11:36:59.973+0200][1,817s] GC(1) Pause Young (Normal) (G1 Evacuation Pause) 62M->16M(512M) 11,439ms
[2021-05-28T11:36:59.973+0200][1,818s] GC(1) User=0,08s Sys=0,00s Real=0,01s
[2021-05-28T11:37:00.501+0200][2,346s] GC(2) Pause Young (Concurrent Start) (Metadata GC Threshold)
[2021-05-28T11:37:00.501+0200][2,346s] GC(2) Using 8 workers of 8 for evacuation
[2021-05-28T11:37:00.512+0200][2,357s] GC(2)   Pre Evacuate Collection Set: 0,2ms
[2021-05-28T11:37:00.512+0200][2,357s] GC(2)   Merge Heap Roots: 0,1ms
[2021-05-28T11:37:00.512+0200][2,357s] GC(2)   Evacuate Collection Set: 9,3ms
[2021-05-28T11:37:00.512+0200][2,357s] GC(2)   Post Evacuate Collection Set: 1,1ms
[2021-05-28T11:37:00.512+0200][2,357s] GC(2)   Other: 0,3ms
[2021-05-28T11:37:00.512+0200][2,357s] GC(2) Eden regions: 57->0(231)
[2021-05-28T11:37:00.512+0200][2,357s] GC(2) Survivor regions: 8->15(39)
[2021-05-28T11:37:00.512+0200][2,357s] GC(2) Old regions: 4->4
[2021-05-28T11:37:00.512+0200][2,357s] GC(2) Archive regions: 2->2
[2021-05-28T11:37:00.512+0200][2,357s] GC(2) Humongous regions: 4->4
[2021-05-28T11:37:00.512+0200][2,357s] GC(2) Metaspace: 20396K(21248K)->20396K(21248K) NonClass: 18059K(18688K)->18059K(18688K) Class: 2336K(2560K)->2336K(2560K)
[2021-05-28T11:37:00.512+0200][2,357s] GC(2) Pause Young (Concurrent Start) (Metadata GC Threshold) 73M->23M(512M) 11,065ms
[2021-05-28T11:37:00.512+0200][2,357s] GC(2) User=0,07s Sys=0,01s Real=0,01s
[2021-05-28T11:37:00.512+0200][2,357s] GC(3) Concurrent Cycle
[2021-05-28T11:37:00.512+0200][2,357s] GC(3) Concurrent Clear Claimed Marks
[2021-05-28T11:37:00.512+0200][2,357s] GC(3) Concurrent Clear Claimed Marks 0,043ms
[2021-05-28T11:37:00.512+0200][2,357s] GC(3) Concurrent Scan Root Regions
[2021-05-28T11:37:00.518+0200][2,363s] GC(3) Concurrent Scan Root Regions 5,987ms
[2021-05-28T11:37:00.518+0200][2,363s] GC(3) Concurrent Mark (2,363s)
[2021-05-28T11:37:00.519+0200][2,363s] GC(3) Concurrent Mark From Roots
[2021-05-28T11:37:00.519+0200][2,363s] GC(3) Using 2 workers of 2 for marking
[2021-05-28T11:37:00.532+0200][2,376s] GC(3) Concurrent Mark From Roots 13,044ms
[2021-05-28T11:37:00.532+0200][2,376s] GC(3) Concurrent Preclean
[2021-05-28T11:37:00.532+0200][2,376s] GC(3) Concurrent Preclean 0,153ms
[2021-05-28T11:37:00.532+0200][2,376s] GC(3) Concurrent Mark (2,363s, 2,376s) 13,265ms
[2021-05-28T11:37:00.532+0200][2,377s] GC(3) Pause Remark
[2021-05-28T11:37:00.533+0200][2,378s] GC(3) Pause Remark 25M->25M(512M) 1,492ms
[2021-05-28T11:37:00.533+0200][2,378s] GC(3) User=0,01s Sys=0,00s Real=0,01s
[2021-05-28T11:37:00.533+0200][2,378s] GC(3) Concurrent Rebuild Remembered Sets
[2021-05-28T11:37:00.540+0200][2,384s] GC(3) Concurrent Rebuild Remembered Sets 6,275ms
[2021-05-28T11:37:00.540+0200][2,385s] GC(3) Pause Cleanup
[2021-05-28T11:37:00.540+0200][2,385s] GC(3) Pause Cleanup 26M->26M(512M) 0,165ms
[2021-05-28T11:37:00.540+0200][2,385s] GC(3) User=0,00s Sys=0,00s Real=0,00s
[2021-05-28T11:37:00.540+0200][2,385s] GC(3) Concurrent Cleanup for Next Mark
[2021-05-28T11:37:00.541+0200][2,386s] GC(3) Concurrent Cleanup for Next Mark 0,566ms
[2021-05-28T11:37:00.541+0200][2,386s] GC(3) Concurrent Cycle 28,669ms
[2021-05-28T11:37:02.663+0200][4,508s] GC(4) Pause Young (Concurrent Start) (Metadata GC Threshold)
[2021-05-28T11:37:02.663+0200][4,508s] GC(4) Using 8 workers of 8 for evacuation
[2021-05-28T11:37:02.678+0200][4,522s] GC(4)   Pre Evacuate Collection Set: 0,2ms
[2021-05-28T11:37:02.678+0200][4,522s] GC(4)   Merge Heap Roots: 0,1ms
[2021-05-28T11:37:02.678+0200][4,522s] GC(4)   Evacuate Collection Set: 12,7ms
[2021-05-28T11:37:02.678+0200][4,522s] GC(4)   Post Evacuate Collection Set: 1,3ms
[2021-05-28T11:37:02.678+0200][4,522s] GC(4)   Other: 0,4ms
[2021-05-28T11:37:02.678+0200][4,522s] GC(4) Eden regions: 223->0(286)
[2021-05-28T11:37:02.678+0200][4,522s] GC(4) Survivor regions: 15->21(33)
[2021-05-28T11:37:02.678+0200][4,522s] GC(4) Old regions: 4->4
[2021-05-28T11:37:02.678+0200][4,522s] GC(4) Archive regions: 2->2
[2021-05-28T11:37:02.678+0200][4,522s] GC(4) Humongous regions: 4->4
[2021-05-28T11:37:02.678+0200][4,522s] GC(4) Metaspace: 35030K(35964K)->35030K(35964K) NonClass: 30947K(31484K)->30947K(31484K) Class: 4083K(4480K)->4083K(4480K)
[2021-05-28T11:37:02.678+0200][4,523s] GC(4) Pause Young (Concurrent Start) (Metadata GC Threshold) 246M->29M(512M) 14,903ms
[2021-05-28T11:37:02.678+0200][4,523s] GC(4) User=0,10s Sys=0,01s Real=0,01s
[2021-05-28T11:37:02.678+0200][4,523s] GC(5) Concurrent Cycle
[2021-05-28T11:37:02.678+0200][4,523s] GC(5) Concurrent Clear Claimed Marks
[2021-05-28T11:37:02.678+0200][4,523s] GC(5) Concurrent Clear Claimed Marks 0,069ms
[2021-05-28T11:37:02.678+0200][4,523s] GC(5) Concurrent Scan Root Regions
[2021-05-28T11:37:02.685+0200][4,530s] GC(5) Concurrent Scan Root Regions 7,242ms
[2021-05-28T11:37:02.685+0200][4,530s] GC(5) Concurrent Mark (4,530s)
[2021-05-28T11:37:02.685+0200][4,530s] GC(5) Concurrent Mark From Roots
[2021-05-28T11:37:02.685+0200][4,530s] GC(5) Using 2 workers of 2 for marking
[2021-05-28T11:37:02.695+0200][4,540s] GC(5) Concurrent Mark From Roots 9,813ms
[2021-05-28T11:37:02.695+0200][4,540s] GC(5) Concurrent Preclean
[2021-05-28T11:37:02.695+0200][4,540s] GC(5) Concurrent Preclean 0,145ms
[2021-05-28T11:37:02.695+0200][4,540s] GC(5) Concurrent Mark (4,530s, 4,540s) 10,022ms
[2021-05-28T11:37:02.696+0200][4,540s] GC(5) Pause Remark
[2021-05-28T11:37:02.698+0200][4,542s] GC(5) Pause Remark 32M->32M(512M) 2,197ms
[2021-05-28T11:37:02.698+0200][4,543s] GC(5) User=0,02s Sys=0,00s Real=0,00s
[2021-05-28T11:37:02.698+0200][4,543s] GC(5) Concurrent Rebuild Remembered Sets
[2021-05-28T11:37:02.703+0200][4,548s] GC(5) Concurrent Rebuild Remembered Sets 5,113ms
[2021-05-28T11:37:02.703+0200][4,548s] GC(5) Pause Cleanup
[2021-05-28T11:37:02.704+0200][4,548s] GC(5) Pause Cleanup 32M->32M(512M) 0,177ms
[2021-05-28T11:37:02.704+0200][4,548s] GC(5) User=0,00s Sys=0,00s Real=0,00s
[2021-05-28T11:37:02.704+0200][4,548s] GC(5) Concurrent Cleanup for Next Mark
[2021-05-28T11:37:02.704+0200][4,549s] GC(5) Concurrent Cleanup for Next Mark 0,619ms
[2021-05-28T11:37:02.704+0200][4,549s] GC(5) Concurrent Cycle 26,406ms
[2021-05-28T11:37:14.270+0200][16,115s] GC(6) Pause Young (Normal) (G1 Evacuation Pause)
[2021-05-28T11:37:14.271+0200][16,115s] GC(6) Using 8 workers of 8 for evacuation
[2021-05-28T11:37:14.304+0200][16,149s] GC(6)   Pre Evacuate Collection Set: 0,1ms
[2021-05-28T11:37:14.304+0200][16,149s] GC(6)   Merge Heap Roots: 0,1ms
[2021-05-28T11:37:14.304+0200][16,149s] GC(6)   Evacuate Collection Set: 28,7ms
[2021-05-28T11:37:14.304+0200][16,149s] GC(6)   Post Evacuate Collection Set: 4,2ms
[2021-05-28T11:37:14.304+0200][16,149s] GC(6)   Other: 0,3ms
[2021-05-28T11:37:14.304+0200][16,149s] GC(6) Eden regions: 286->0(271)
[2021-05-28T11:37:14.304+0200][16,149s] GC(6) Survivor regions: 21->36(39)
[2021-05-28T11:37:14.304+0200][16,149s] GC(6) Old regions: 4->4
[2021-05-28T11:37:14.304+0200][16,149s] GC(6) Archive regions: 2->2
[2021-05-28T11:37:14.304+0200][16,149s] GC(6) Humongous regions: 5->4
[2021-05-28T11:37:14.304+0200][16,149s] GC(6) Metaspace: 48723K(50172K)->48723K(50172K) NonClass: 42866K(43772K)->42866K(43772K) Class: 5857K(6400K)->5857K(6400K)
[2021-05-28T11:37:14.304+0200][16,149s] GC(6) Pause Young (Normal) (G1 Evacuation Pause) 316M->44M(512M) 33,736ms
[2021-05-28T11:37:14.304+0200][16,149s] GC(6) User=0,16s Sys=0,02s Real=0,04s
[2021-05-28T17:19:55.651+0200][16265,502s] GC(7) Pause Young (Normal) (G1 Evacuation Pause)
[2021-05-28T17:19:55.651+0200][16265,502s] GC(7) Using 8 workers of 8 for evacuation
[2021-05-28T17:19:55.673+0200][16265,524s] GC(7)   Pre Evacuate Collection Set: 0,1ms
[2021-05-28T17:19:55.673+0200][16265,524s] GC(7)   Merge Heap Roots: 0,2ms
[2021-05-28T17:19:55.673+0200][16265,524s] GC(7)   Evacuate Collection Set: 20,0ms
[2021-05-28T17:19:55.673+0200][16265,524s] GC(7)   Post Evacuate Collection Set: 1,4ms
[2021-05-28T17:19:55.673+0200][16265,524s] GC(7)   Other: 0,3ms
[2021-05-28T17:19:55.673+0200][16265,524s] GC(7) Eden regions: 271->0(287)
[2021-05-28T17:19:55.673+0200][16265,524s] GC(7) Survivor regions: 36->20(39)
[2021-05-28T17:19:55.673+0200][16265,524s] GC(7) Old regions: 4->24
[2021-05-28T17:19:55.673+0200][16265,524s] GC(7) Archive regions: 2->2
[2021-05-28T17:19:55.673+0200][16265,524s] GC(7) Humongous regions: 7->7
[2021-05-28T17:19:55.673+0200][16265,524s] GC(7) Metaspace: 53010K(54396K)->53010K(54396K) NonClass: 46776K(47612K)->46776K(47612K) Class: 6233K(6784K)->6233K(6784K)
[2021-05-28T17:19:55.673+0200][16265,524s] GC(7) Pause Young (Normal) (G1 Evacuation Pause) 318M->50M(512M) 22,137ms
[2021-05-28T17:19:55.673+0200][16265,524s] GC(7) User=0,17s Sys=0,00s Real=0,02s
